[0.029s] Invoking command in '/home/samuelcruz/Lab_Robotica/ros2_ws/phantom_ws/src/build/phantomx_pincher_demos': AMENT_PREFIX_PATH=/home/samuelcruz/Lab_Robotica/ros2_ws/phantom_ws/src/install/phantomx_pincher:/home/samuelcruz/Lab_Robotica/ros2_ws/phantom_ws/src/install/phantomx_pincher_moveit_config:/home/samuelcruz/Lab_Robotica/ros2_ws/phantom_ws/src/install/phantomx_pincher_description:${AMENT_PREFIX_PATH} CMAKE_PREFIX_PATH=/home/samuelcruz/Lab_Robotica/ros2_ws/phantom_ws/src/install/phantomx_pincher:/home/samuelcruz/Lab_Robotica/ros2_ws/phantom_ws/src/install/phantomx_pincher_moveit_config:/home/samuelcruz/Lab_Robotica/ros2_ws/phantom_ws/src/install/phantomx_pincher_description:/opt/ros/humble IGN_GAZEBO_RESOURCE_PATH=/home/samuelcruz/Lab_Robotica/ros2_ws/phantom_ws/src/install/phantomx_pincher_description/share/phantomx_pincher_description /usr/bin/cmake /home/samuelcruz/Lab_Robotica/ros2_ws/phantom_ws/src/phantomx_pincher/phantomx_pincher_demos -DCMAKE_INSTALL_PREFIX=/home/samuelcruz/Lab_Robotica/ros2_ws/phantom_ws/src/install/phantomx_pincher_demos
[0.300s] -- The C compiler identification is GNU 11.4.0
[0.433s] -- The CXX compiler identification is GNU 11.4.0
[0.442s] -- Detecting C compiler ABI info
[0.578s] -- Detecting C compiler ABI info - done
[0.592s] -- Check for working C compiler: /usr/bin/cc - skipped
[0.592s] -- Detecting C compile features
[0.594s] -- Detecting C compile features - done
[0.597s] -- Detecting CXX compiler ABI info
[0.773s] -- Detecting CXX compiler ABI info - done
[0.776s] -- Check for working CXX compiler: /usr/bin/c++ - skipped
[0.777s] -- Detecting CXX compile features
[0.777s] -- Detecting CXX compile features - done
[0.782s] -- Found ament_cmake: 1.3.11 (/opt/ros/humble/share/ament_cmake/cmake)
[1.003s] -- Found Python3: /usr/bin/python3 (found version "3.10.12") found components: Interpreter 
[1.171s] -- Found phantomx_pincher: 1.0.0 (/home/samuelcruz/Lab_Robotica/ros2_ws/phantom_ws/src/install/phantomx_pincher/share/phantomx_pincher/cmake)
[1.247s] -- Configuring done
[1.250s] -- Generating done
[1.253s] -- Build files have been written to: /home/samuelcruz/Lab_Robotica/ros2_ws/phantom_ws/src/build/phantomx_pincher_demos
[1.263s] Invoked command in '/home/samuelcruz/Lab_Robotica/ros2_ws/phantom_ws/src/build/phantomx_pincher_demos' returned '0': AMENT_PREFIX_PATH=/home/samuelcruz/Lab_Robotica/ros2_ws/phantom_ws/src/install/phantomx_pincher:/home/samuelcruz/Lab_Robotica/ros2_ws/phantom_ws/src/install/phantomx_pincher_moveit_config:/home/samuelcruz/Lab_Robotica/ros2_ws/phantom_ws/src/install/phantomx_pincher_description:${AMENT_PREFIX_PATH} CMAKE_PREFIX_PATH=/home/samuelcruz/Lab_Robotica/ros2_ws/phantom_ws/src/install/phantomx_pincher:/home/samuelcruz/Lab_Robotica/ros2_ws/phantom_ws/src/install/phantomx_pincher_moveit_config:/home/samuelcruz/Lab_Robotica/ros2_ws/phantom_ws/src/install/phantomx_pincher_description:/opt/ros/humble IGN_GAZEBO_RESOURCE_PATH=/home/samuelcruz/Lab_Robotica/ros2_ws/phantom_ws/src/install/phantomx_pincher_description/share/phantomx_pincher_description /usr/bin/cmake /home/samuelcruz/Lab_Robotica/ros2_ws/phantom_ws/src/phantomx_pincher/phantomx_pincher_demos -DCMAKE_INSTALL_PREFIX=/home/samuelcruz/Lab_Robotica/ros2_ws/phantom_ws/src/install/phantomx_pincher_demos
[1.264s] Invoking command in '/home/samuelcruz/Lab_Robotica/ros2_ws/phantom_ws/src/build/phantomx_pincher_demos': AMENT_PREFIX_PATH=/home/samuelcruz/Lab_Robotica/ros2_ws/phantom_ws/src/install/phantomx_pincher:/home/samuelcruz/Lab_Robotica/ros2_ws/phantom_ws/src/install/phantomx_pincher_moveit_config:/home/samuelcruz/Lab_Robotica/ros2_ws/phantom_ws/src/install/phantomx_pincher_description:${AMENT_PREFIX_PATH} CMAKE_PREFIX_PATH=/home/samuelcruz/Lab_Robotica/ros2_ws/phantom_ws/src/install/phantomx_pincher:/home/samuelcruz/Lab_Robotica/ros2_ws/phantom_ws/src/install/phantomx_pincher_moveit_config:/home/samuelcruz/Lab_Robotica/ros2_ws/phantom_ws/src/install/phantomx_pincher_description:/opt/ros/humble IGN_GAZEBO_RESOURCE_PATH=/home/samuelcruz/Lab_Robotica/ros2_ws/phantom_ws/src/install/phantomx_pincher_description/share/phantomx_pincher_description /usr/bin/cmake --build /home/samuelcruz/Lab_Robotica/ros2_ws/phantom_ws/src/build/phantomx_pincher_demos -- -j2 -l2
[1.332s] Invoked command in '/home/samuelcruz/Lab_Robotica/ros2_ws/phantom_ws/src/build/phantomx_pincher_demos' returned '0': AMENT_PREFIX_PATH=/home/samuelcruz/Lab_Robotica/ros2_ws/phantom_ws/src/install/phantomx_pincher:/home/samuelcruz/Lab_Robotica/ros2_ws/phantom_ws/src/install/phantomx_pincher_moveit_config:/home/samuelcruz/Lab_Robotica/ros2_ws/phantom_ws/src/install/phantomx_pincher_description:${AMENT_PREFIX_PATH} CMAKE_PREFIX_PATH=/home/samuelcruz/Lab_Robotica/ros2_ws/phantom_ws/src/install/phantomx_pincher:/home/samuelcruz/Lab_Robotica/ros2_ws/phantom_ws/src/install/phantomx_pincher_moveit_config:/home/samuelcruz/Lab_Robotica/ros2_ws/phantom_ws/src/install/phantomx_pincher_description:/opt/ros/humble IGN_GAZEBO_RESOURCE_PATH=/home/samuelcruz/Lab_Robotica/ros2_ws/phantom_ws/src/install/phantomx_pincher_description/share/phantomx_pincher_description /usr/bin/cmake --build /home/samuelcruz/Lab_Robotica/ros2_ws/phantom_ws/src/build/phantomx_pincher_demos -- -j2 -l2
[1.333s] Invoking command in '/home/samuelcruz/Lab_Robotica/ros2_ws/phantom_ws/src/build/phantomx_pincher_demos': AMENT_PREFIX_PATH=/home/samuelcruz/Lab_Robotica/ros2_ws/phantom_ws/src/install/phantomx_pincher:/home/samuelcruz/Lab_Robotica/ros2_ws/phantom_ws/src/install/phantomx_pincher_moveit_config:/home/samuelcruz/Lab_Robotica/ros2_ws/phantom_ws/src/install/phantomx_pincher_description:${AMENT_PREFIX_PATH} CMAKE_PREFIX_PATH=/home/samuelcruz/Lab_Robotica/ros2_ws/phantom_ws/src/install/phantomx_pincher:/home/samuelcruz/Lab_Robotica/ros2_ws/phantom_ws/src/install/phantomx_pincher_moveit_config:/home/samuelcruz/Lab_Robotica/ros2_ws/phantom_ws/src/install/phantomx_pincher_description:/opt/ros/humble IGN_GAZEBO_RESOURCE_PATH=/home/samuelcruz/Lab_Robotica/ros2_ws/phantom_ws/src/install/phantomx_pincher_description/share/phantomx_pincher_description /usr/bin/cmake --install /home/samuelcruz/Lab_Robotica/ros2_ws/phantom_ws/src/build/phantomx_pincher_demos
[1.357s] -- Install configuration: ""
[1.357s] -- Installing: /home/samuelcruz/Lab_Robotica/ros2_ws/phantom_ws/src/install/phantomx_pincher_demos/share/phantomx_pincher_demos/launch
[1.360s] -- Installing: /home/samuelcruz/Lab_Robotica/ros2_ws/phantom_ws/src/install/phantomx_pincher_demos/share/phantomx_pincher_demos/launch/demo_moon_camera_sensors.launch.py
[1.361s] -- Installing: /home/samuelcruz/Lab_Robotica/ros2_ws/phantom_ws/src/install/phantomx_pincher_demos/share/phantomx_pincher_demos/launch/demo_orbit_pick_and_place.launch.py
[1.363s] -- Installing: /home/samuelcruz/Lab_Robotica/ros2_ws/phantom_ws/src/install/phantomx_pincher_demos/share/phantomx_pincher_demos/launch/demo_rover_peg_in_hole.launch.py
[1.363s] -- Installing: /home/samuelcruz/Lab_Robotica/ros2_ws/phantom_ws/src/install/phantomx_pincher_demos/share/phantomx_pincher_demos/rviz
[1.378s] -- Installing: /home/samuelcruz/Lab_Robotica/ros2_ws/phantom_ws/src/install/phantomx_pincher_demos/share/phantomx_pincher_demos/rviz/demo_moon_camera_sensors.rviz
[1.380s] -- Installing: /home/samuelcruz/Lab_Robotica/ros2_ws/phantom_ws/src/install/phantomx_pincher_demos/share/phantomx_pincher_demos/rviz/demo_rover_peg_in_hole.rviz
[1.384s] -- Installing: /home/samuelcruz/Lab_Robotica/ros2_ws/phantom_ws/src/install/phantomx_pincher_demos/share/phantomx_pincher_demos/rviz/demo_orbit_pick_and_place.rviz
[1.389s] -- Installing: /home/samuelcruz/Lab_Robotica/ros2_ws/phantom_ws/src/install/phantomx_pincher_demos/share/phantomx_pincher_demos/worlds
[1.394s] -- Installing: /home/samuelcruz/Lab_Robotica/ros2_ws/phantom_ws/src/install/phantomx_pincher_demos/share/phantomx_pincher_demos/worlds/moon_camera_sensors.sdf
[1.402s] -- Installing: /home/samuelcruz/Lab_Robotica/ros2_ws/phantom_ws/src/install/phantomx_pincher_demos/share/phantomx_pincher_demos/worlds/orbit_pick_and_place.sdf
[1.403s] -- Installing: /home/samuelcruz/Lab_Robotica/ros2_ws/phantom_ws/src/install/phantomx_pincher_demos/share/phantomx_pincher_demos/worlds/rover_peg_in_hole.sdf
[1.403s] -- Installing: /home/samuelcruz/Lab_Robotica/ros2_ws/phantom_ws/src/install/phantomx_pincher_demos/share/phantomx_pincher_demos/assets
[1.403s] -- Installing: /home/samuelcruz/Lab_Robotica/ros2_ws/phantom_ws/src/install/phantomx_pincher_demos/share/phantomx_pincher_demos/assets/module_holes.stl
[1.403s] -- Installing: /home/samuelcruz/Lab_Robotica/ros2_ws/phantom_ws/src/install/phantomx_pincher_demos/share/phantomx_pincher_demos/assets/suzanne.stl
[1.406s] -- Installing: /home/samuelcruz/Lab_Robotica/ros2_ws/phantom_ws/src/install/phantomx_pincher_demos/lib/phantomx_pincher_demos/demo_observe_scene.py
[1.408s] -- Installing: /home/samuelcruz/Lab_Robotica/ros2_ws/phantom_ws/src/install/phantomx_pincher_demos/lib/phantomx_pincher_demos/demo_peg_in_hole.py
[1.408s] -- Installing: /home/samuelcruz/Lab_Robotica/ros2_ws/phantom_ws/src/install/phantomx_pincher_demos/lib/phantomx_pincher_demos/demo_pick_and_place.py
[1.409s] -- Installing: /home/samuelcruz/Lab_Robotica/ros2_ws/phantom_ws/src/install/phantomx_pincher_demos/lib/phantomx_pincher_demos/ex_collision_mesh.py
[1.410s] -- Installing: /home/samuelcruz/Lab_Robotica/ros2_ws/phantom_ws/src/install/phantomx_pincher_demos/lib/phantomx_pincher_demos/ex_collision_primitive.py
[1.410s] -- Installing: /home/samuelcruz/Lab_Robotica/ros2_ws/phantom_ws/src/install/phantomx_pincher_demos/lib/phantomx_pincher_demos/ex_gripper.py
[1.411s] -- Installing: /home/samuelcruz/Lab_Robotica/ros2_ws/phantom_ws/src/install/phantomx_pincher_demos/lib/phantomx_pincher_demos/ex_joint_goal.py
[1.411s] -- Installing: /home/samuelcruz/Lab_Robotica/ros2_ws/phantom_ws/src/install/phantomx_pincher_demos/lib/phantomx_pincher_demos/ex_pose_goal.py
[1.411s] -- Installing: /home/samuelcruz/Lab_Robotica/ros2_ws/phantom_ws/src/install/phantomx_pincher_demos/lib/phantomx_pincher_demos/ex_servo.py
[1.411s] -- Installing: /home/samuelcruz/Lab_Robotica/ros2_ws/phantom_ws/src/install/phantomx_pincher_demos/lib/phantomx_pincher_demos/template.py
[1.412s] -- Installing: /home/samuelcruz/Lab_Robotica/ros2_ws/phantom_ws/src/install/phantomx_pincher_demos/share/ament_index/resource_index/package_run_dependencies/phantomx_pincher_demos
[1.413s] -- Installing: /home/samuelcruz/Lab_Robotica/ros2_ws/phantom_ws/src/install/phantomx_pincher_demos/share/ament_index/resource_index/parent_prefix_path/phantomx_pincher_demos
[1.414s] -- Installing: /home/samuelcruz/Lab_Robotica/ros2_ws/phantom_ws/src/install/phantomx_pincher_demos/share/phantomx_pincher_demos/environment/ament_prefix_path.sh
[1.415s] -- Installing: /home/samuelcruz/Lab_Robotica/ros2_ws/phantom_ws/src/install/phantomx_pincher_demos/share/phantomx_pincher_demos/environment/ament_prefix_path.dsv
[1.416s] -- Installing: /home/samuelcruz/Lab_Robotica/ros2_ws/phantom_ws/src/install/phantomx_pincher_demos/share/phantomx_pincher_demos/environment/path.sh
[1.417s] -- Installing: /home/samuelcruz/Lab_Robotica/ros2_ws/phantom_ws/src/install/phantomx_pincher_demos/share/phantomx_pincher_demos/environment/path.dsv
[1.418s] -- Installing: /home/samuelcruz/Lab_Robotica/ros2_ws/phantom_ws/src/install/phantomx_pincher_demos/share/phantomx_pincher_demos/local_setup.bash
[1.419s] -- Installing: /home/samuelcruz/Lab_Robotica/ros2_ws/phantom_ws/src/install/phantomx_pincher_demos/share/phantomx_pincher_demos/local_setup.sh
[1.420s] -- Installing: /home/samuelcruz/Lab_Robotica/ros2_ws/phantom_ws/src/install/phantomx_pincher_demos/share/phantomx_pincher_demos/local_setup.zsh
[1.421s] -- Installing: /home/samuelcruz/Lab_Robotica/ros2_ws/phantom_ws/src/install/phantomx_pincher_demos/share/phantomx_pincher_demos/local_setup.dsv
[1.422s] -- Installing: /home/samuelcruz/Lab_Robotica/ros2_ws/phantom_ws/src/install/phantomx_pincher_demos/share/phantomx_pincher_demos/package.dsv
[1.422s] -- Installing: /home/samuelcruz/Lab_Robotica/ros2_ws/phantom_ws/src/install/phantomx_pincher_demos/share/ament_index/resource_index/packages/phantomx_pincher_demos
[1.423s] -- Installing: /home/samuelcruz/Lab_Robotica/ros2_ws/phantom_ws/src/install/phantomx_pincher_demos/share/phantomx_pincher_demos/cmake/phantomx_pincher_demosConfig.cmake
[1.424s] -- Installing: /home/samuelcruz/Lab_Robotica/ros2_ws/phantom_ws/src/install/phantomx_pincher_demos/share/phantomx_pincher_demos/cmake/phantomx_pincher_demosConfig-version.cmake
[1.425s] -- Installing: /home/samuelcruz/Lab_Robotica/ros2_ws/phantom_ws/src/install/phantomx_pincher_demos/share/phantomx_pincher_demos/package.xml
[1.432s] Invoked command in '/home/samuelcruz/Lab_Robotica/ros2_ws/phantom_ws/src/build/phantomx_pincher_demos' returned '0': AMENT_PREFIX_PATH=/home/samuelcruz/Lab_Robotica/ros2_ws/phantom_ws/src/install/phantomx_pincher:/home/samuelcruz/Lab_Robotica/ros2_ws/phantom_ws/src/install/phantomx_pincher_moveit_config:/home/samuelcruz/Lab_Robotica/ros2_ws/phantom_ws/src/install/phantomx_pincher_description:${AMENT_PREFIX_PATH} CMAKE_PREFIX_PATH=/home/samuelcruz/Lab_Robotica/ros2_ws/phantom_ws/src/install/phantomx_pincher:/home/samuelcruz/Lab_Robotica/ros2_ws/phantom_ws/src/install/phantomx_pincher_moveit_config:/home/samuelcruz/Lab_Robotica/ros2_ws/phantom_ws/src/install/phantomx_pincher_description:/opt/ros/humble IGN_GAZEBO_RESOURCE_PATH=/home/samuelcruz/Lab_Robotica/ros2_ws/phantom_ws/src/install/phantomx_pincher_description/share/phantomx_pincher_description /usr/bin/cmake --install /home/samuelcruz/Lab_Robotica/ros2_ws/phantom_ws/src/build/phantomx_pincher_demos
