[0.030s] Invoking command in '/home/samuelcruz/Lab_Robotica/ros2_ws/phantom_ws/src/build/phantomx_pincher': AMENT_PREFIX_PATH=/home/samuelcruz/Lab_Robotica/ros2_ws/phantom_ws/src/install/phantomx_pincher_moveit_config:/home/samuelcruz/Lab_Robotica/ros2_ws/phantom_ws/src/install/phantomx_pincher_description:${AMENT_PREFIX_PATH} CMAKE_PREFIX_PATH=/home/samuelcruz/Lab_Robotica/ros2_ws/phantom_ws/src/install/phantomx_pincher_moveit_config:/home/samuelcruz/Lab_Robotica/ros2_ws/phantom_ws/src/install/phantomx_pincher_description:/opt/ros/humble IGN_GAZEBO_RESOURCE_PATH=/home/samuelcruz/Lab_Robotica/ros2_ws/phantom_ws/src/install/phantomx_pincher_description/share/phantomx_pincher_description /usr/bin/cmake /home/samuelcruz/Lab_Robotica/ros2_ws/phantom_ws/src/phantomx_pincher/phantomx_pincher -DCMAKE_INSTALL_PREFIX=/home/samuelcruz/Lab_Robotica/ros2_ws/phantom_ws/src/install/phantomx_pincher
[0.207s] -- The C compiler identification is GNU 11.4.0
[0.297s] -- The CXX compiler identification is GNU 11.4.0
[0.306s] -- Detecting C compiler ABI info
[0.477s] -- Detecting C compiler ABI info - done
[0.496s] -- Check for working C compiler: /usr/bin/cc - skipped
[0.496s] -- Detecting C compile features
[0.496s] -- Detecting C compile features - done
[0.496s] -- Detecting CXX compiler ABI info
[0.650s] -- Detecting CXX compiler ABI info - done
[0.657s] -- Check for working CXX compiler: /usr/bin/c++ - skipped
[0.661s] -- Detecting CXX compile features
[0.661s] -- Detecting CXX compile features - done
[0.664s] -- Found ament_cmake: 1.3.11 (/opt/ros/humble/share/ament_cmake/cmake)
[0.900s] -- Found Python3: /usr/bin/python3 (found version "3.10.12") found components: Interpreter 
[1.085s] -- Found phantomx_pincher_description: 1.0.0 (/home/samuelcruz/Lab_Robotica/ros2_ws/phantom_ws/src/install/phantomx_pincher_description/share/phantomx_pincher_description/cmake)
[1.086s] -- Found phantomx_pincher_moveit_config: 1.0.0 (/home/samuelcruz/Lab_Robotica/ros2_ws/phantom_ws/src/install/phantomx_pincher_moveit_config/share/phantomx_pincher_moveit_config/cmake)
[1.402s] warning: Using load_yaml() directly is deprecated. Use xacro.load_yaml() instead.
[1.410s] warning: Using load_yaml() directly is deprecated. Use xacro.load_yaml() instead.
[1.467s] Created new /home/samuelcruz/Lab_Robotica/ros2_ws/phantom_ws/src/phantomx_pincher/phantomx_pincher_description/urdf/phantomx_pincher.urdf
[1.755s] warning: Using load_yaml() directly is deprecated. Use xacro.load_yaml() instead.
[1.757s] warning: Using load_yaml() directly is deprecated. Use xacro.load_yaml() instead.
[2.568s] Created new /home/samuelcruz/Lab_Robotica/ros2_ws/phantom_ws/src/phantomx_pincher/phantomx_pincher_description/phantomx_pincher/model.sdf
[2.842s] Created new /home/samuelcruz/Lab_Robotica/ros2_ws/phantom_ws/src/phantomx_pincher/phantomx_pincher_moveit_config/srdf/phantomx_pincher.srdf
[2.923s] -- Configuring done
[2.926s] -- Generating done
[2.932s] -- Build files have been written to: /home/samuelcruz/Lab_Robotica/ros2_ws/phantom_ws/src/build/phantomx_pincher
[2.940s] Invoked command in '/home/samuelcruz/Lab_Robotica/ros2_ws/phantom_ws/src/build/phantomx_pincher' returned '0': AMENT_PREFIX_PATH=/home/samuelcruz/Lab_Robotica/ros2_ws/phantom_ws/src/install/phantomx_pincher_moveit_config:/home/samuelcruz/Lab_Robotica/ros2_ws/phantom_ws/src/install/phantomx_pincher_description:${AMENT_PREFIX_PATH} CMAKE_PREFIX_PATH=/home/samuelcruz/Lab_Robotica/ros2_ws/phantom_ws/src/install/phantomx_pincher_moveit_config:/home/samuelcruz/Lab_Robotica/ros2_ws/phantom_ws/src/install/phantomx_pincher_description:/opt/ros/humble IGN_GAZEBO_RESOURCE_PATH=/home/samuelcruz/Lab_Robotica/ros2_ws/phantom_ws/src/install/phantomx_pincher_description/share/phantomx_pincher_description /usr/bin/cmake /home/samuelcruz/Lab_Robotica/ros2_ws/phantom_ws/src/phantomx_pincher/phantomx_pincher -DCMAKE_INSTALL_PREFIX=/home/samuelcruz/Lab_Robotica/ros2_ws/phantom_ws/src/install/phantomx_pincher
[2.941s] Invoking command in '/home/samuelcruz/Lab_Robotica/ros2_ws/phantom_ws/src/build/phantomx_pincher': AMENT_PREFIX_PATH=/home/samuelcruz/Lab_Robotica/ros2_ws/phantom_ws/src/install/phantomx_pincher_moveit_config:/home/samuelcruz/Lab_Robotica/ros2_ws/phantom_ws/src/install/phantomx_pincher_description:${AMENT_PREFIX_PATH} CMAKE_PREFIX_PATH=/home/samuelcruz/Lab_Robotica/ros2_ws/phantom_ws/src/install/phantomx_pincher_moveit_config:/home/samuelcruz/Lab_Robotica/ros2_ws/phantom_ws/src/install/phantomx_pincher_description:/opt/ros/humble IGN_GAZEBO_RESOURCE_PATH=/home/samuelcruz/Lab_Robotica/ros2_ws/phantom_ws/src/install/phantomx_pincher_description/share/phantomx_pincher_description /usr/bin/cmake --build /home/samuelcruz/Lab_Robotica/ros2_ws/phantom_ws/src/build/phantomx_pincher -- -j2 -l2
[3.062s] Invoked command in '/home/samuelcruz/Lab_Robotica/ros2_ws/phantom_ws/src/build/phantomx_pincher' returned '0': AMENT_PREFIX_PATH=/home/samuelcruz/Lab_Robotica/ros2_ws/phantom_ws/src/install/phantomx_pincher_moveit_config:/home/samuelcruz/Lab_Robotica/ros2_ws/phantom_ws/src/install/phantomx_pincher_description:${AMENT_PREFIX_PATH} CMAKE_PREFIX_PATH=/home/samuelcruz/Lab_Robotica/ros2_ws/phantom_ws/src/install/phantomx_pincher_moveit_config:/home/samuelcruz/Lab_Robotica/ros2_ws/phantom_ws/src/install/phantomx_pincher_description:/opt/ros/humble IGN_GAZEBO_RESOURCE_PATH=/home/samuelcruz/Lab_Robotica/ros2_ws/phantom_ws/src/install/phantomx_pincher_description/share/phantomx_pincher_description /usr/bin/cmake --build /home/samuelcruz/Lab_Robotica/ros2_ws/phantom_ws/src/build/phantomx_pincher -- -j2 -l2
[3.062s] Invoking command in '/home/samuelcruz/Lab_Robotica/ros2_ws/phantom_ws/src/build/phantomx_pincher': AMENT_PREFIX_PATH=/home/samuelcruz/Lab_Robotica/ros2_ws/phantom_ws/src/install/phantomx_pincher_moveit_config:/home/samuelcruz/Lab_Robotica/ros2_ws/phantom_ws/src/install/phantomx_pincher_description:${AMENT_PREFIX_PATH} CMAKE_PREFIX_PATH=/home/samuelcruz/Lab_Robotica/ros2_ws/phantom_ws/src/install/phantomx_pincher_moveit_config:/home/samuelcruz/Lab_Robotica/ros2_ws/phantom_ws/src/install/phantomx_pincher_description:/opt/ros/humble IGN_GAZEBO_RESOURCE_PATH=/home/samuelcruz/Lab_Robotica/ros2_ws/phantom_ws/src/install/phantomx_pincher_description/share/phantomx_pincher_description /usr/bin/cmake --install /home/samuelcruz/Lab_Robotica/ros2_ws/phantom_ws/src/build/phantomx_pincher
[3.071s] -- Install configuration: ""
[3.072s] -- Installing: /home/samuelcruz/Lab_Robotica/ros2_ws/phantom_ws/src/install/phantomx_pincher/share/phantomx_pincher/launch
[3.072s] -- Installing: /home/samuelcruz/Lab_Robotica/ros2_ws/phantom_ws/src/install/phantomx_pincher/share/phantomx_pincher/launch/fake.launch.py
[3.072s] -- Installing: /home/samuelcruz/Lab_Robotica/ros2_ws/phantom_ws/src/install/phantomx_pincher/share/phantomx_pincher/launch/gz.launch.py
[3.073s] -- Installing: /home/samuelcruz/Lab_Robotica/ros2_ws/phantom_ws/src/install/phantomx_pincher/share/ament_index/resource_index/package_run_dependencies/phantomx_pincher
[3.073s] -- Installing: /home/samuelcruz/Lab_Robotica/ros2_ws/phantom_ws/src/install/phantomx_pincher/share/ament_index/resource_index/parent_prefix_path/phantomx_pincher
[3.073s] -- Installing: /home/samuelcruz/Lab_Robotica/ros2_ws/phantom_ws/src/install/phantomx_pincher/share/phantomx_pincher/environment/ament_prefix_path.sh
[3.073s] -- Installing: /home/samuelcruz/Lab_Robotica/ros2_ws/phantom_ws/src/install/phantomx_pincher/share/phantomx_pincher/environment/ament_prefix_path.dsv
[3.074s] -- Installing: /home/samuelcruz/Lab_Robotica/ros2_ws/phantom_ws/src/install/phantomx_pincher/share/phantomx_pincher/environment/path.sh
[3.074s] -- Installing: /home/samuelcruz/Lab_Robotica/ros2_ws/phantom_ws/src/install/phantomx_pincher/share/phantomx_pincher/environment/path.dsv
[3.074s] -- Installing: /home/samuelcruz/Lab_Robotica/ros2_ws/phantom_ws/src/install/phantomx_pincher/share/phantomx_pincher/local_setup.bash
[3.074s] -- Installing: /home/samuelcruz/Lab_Robotica/ros2_ws/phantom_ws/src/install/phantomx_pincher/share/phantomx_pincher/local_setup.sh
[3.076s] -- Installing: /home/samuelcruz/Lab_Robotica/ros2_ws/phantom_ws/src/install/phantomx_pincher/share/phantomx_pincher/local_setup.zsh
[3.079s] -- Installing: /home/samuelcruz/Lab_Robotica/ros2_ws/phantom_ws/src/install/phantomx_pincher/share/phantomx_pincher/local_setup.dsv
[3.080s] -- Installing: /home/samuelcruz/Lab_Robotica/ros2_ws/phantom_ws/src/install/phantomx_pincher/share/phantomx_pincher/package.dsv
[3.080s] -- Installing: /home/samuelcruz/Lab_Robotica/ros2_ws/phantom_ws/src/install/phantomx_pincher/share/ament_index/resource_index/packages/phantomx_pincher
[3.091s] -- Installing: /home/samuelcruz/Lab_Robotica/ros2_ws/phantom_ws/src/install/phantomx_pincher/share/phantomx_pincher/cmake/phantomx_pincherConfig.cmake
[3.092s] -- Installing: /home/samuelcruz/Lab_Robotica/ros2_ws/phantom_ws/src/install/phantomx_pincher/share/phantomx_pincher/cmake/phantomx_pincherConfig-version.cmake
[3.092s] -- Installing: /home/samuelcruz/Lab_Robotica/ros2_ws/phantom_ws/src/install/phantomx_pincher/share/phantomx_pincher/package.xml
[3.098s] Invoked command in '/home/samuelcruz/Lab_Robotica/ros2_ws/phantom_ws/src/build/phantomx_pincher' returned '0': AMENT_PREFIX_PATH=/home/samuelcruz/Lab_Robotica/ros2_ws/phantom_ws/src/install/phantomx_pincher_moveit_config:/home/samuelcruz/Lab_Robotica/ros2_ws/phantom_ws/src/install/phantomx_pincher_description:${AMENT_PREFIX_PATH} CMAKE_PREFIX_PATH=/home/samuelcruz/Lab_Robotica/ros2_ws/phantom_ws/src/install/phantomx_pincher_moveit_config:/home/samuelcruz/Lab_Robotica/ros2_ws/phantom_ws/src/install/phantomx_pincher_description:/opt/ros/humble IGN_GAZEBO_RESOURCE_PATH=/home/samuelcruz/Lab_Robotica/ros2_ws/phantom_ws/src/install/phantomx_pincher_description/share/phantomx_pincher_description /usr/bin/cmake --install /home/samuelcruz/Lab_Robotica/ros2_ws/phantom_ws/src/build/phantomx_pincher
