[1.220s] Invoking command in '/home/samuelcruz/Lab_Robotica/ros2_ws/phantom_ws/src/pincher_control': PYTHONPATH=/home/samuelcruz/Lab_Robotica/ros2_ws/phantom_ws/build/pincher_control/prefix_override:/usr/lib/python3/dist-packages/colcon_core/task/python/colcon_distutils_commands:/home/samuelcruz/Lab_Robotica/ros2_ws/phantom_ws/install/pincher_control/lib/python3.10/site-packages:${PYTHONPATH} /usr/bin/python3 -W ignore:setup.py install is deprecated -W ignore:easy_install command is deprecated setup.py egg_info --egg-base ../../build/pincher_control build --build-base /home/samuelcruz/Lab_Robotica/ros2_ws/phantom_ws/build/pincher_control/build install --record /home/samuelcruz/Lab_Robotica/ros2_ws/phantom_ws/build/pincher_control/install.log --single-version-externally-managed install_data
[1.816s] running egg_info
[1.837s] writing ../../build/pincher_control/pincher_control.egg-info/PKG-INFO
[1.837s] writing dependency_links to ../../build/pincher_control/pincher_control.egg-info/dependency_links.txt
[1.844s] writing entry points to ../../build/pincher_control/pincher_control.egg-info/entry_points.txt
[1.844s] writing requirements to ../../build/pincher_control/pincher_control.egg-info/requires.txt
[1.844s] writing top-level names to ../../build/pincher_control/pincher_control.egg-info/top_level.txt
[1.890s] reading manifest file '../../build/pincher_control/pincher_control.egg-info/SOURCES.txt'
[1.894s] writing manifest file '../../build/pincher_control/pincher_control.egg-info/SOURCES.txt'
[1.899s] running build
[1.900s] running build_py
[1.900s] copying pincher_control/control_servo.py -> /home/samuelcruz/Lab_Robotica/ros2_ws/phantom_ws/build/pincher_control/build/lib/pincher_control
[1.900s] running install
[1.900s] running install_lib
[1.902s] copying /home/samuelcruz/Lab_Robotica/ros2_ws/phantom_ws/build/pincher_control/build/lib/pincher_control/control_servo.py -> /home/samuelcruz/Lab_Robotica/ros2_ws/phantom_ws/install/pincher_control/lib/python3.10/site-packages/pincher_control
[1.902s] byte-compiling /home/samuelcruz/Lab_Robotica/ros2_ws/phantom_ws/install/pincher_control/lib/python3.10/site-packages/pincher_control/control_servo.py to control_servo.cpython-310.pyc
[1.924s] running install_data
[1.924s] running install_egg_info
[1.927s] removing '/home/samuelcruz/Lab_Robotica/ros2_ws/phantom_ws/install/pincher_control/lib/python3.10/site-packages/pincher_control-0.0.0-py3.10.egg-info' (and everything under it)
[1.936s] Copying ../../build/pincher_control/pincher_control.egg-info to /home/samuelcruz/Lab_Robotica/ros2_ws/phantom_ws/install/pincher_control/lib/python3.10/site-packages/pincher_control-0.0.0-py3.10.egg-info
[1.946s] running install_scripts
[2.104s] Installing control_servo script to /home/samuelcruz/Lab_Robotica/ros2_ws/phantom_ws/install/pincher_control/lib/pincher_control
[2.144s] writing list of installed files to '/home/samuelcruz/Lab_Robotica/ros2_ws/phantom_ws/build/pincher_control/install.log'
[2.319s] Invoked command in '/home/samuelcruz/Lab_Robotica/ros2_ws/phantom_ws/src/pincher_control' returned '0': PYTHONPATH=/home/samuelcruz/Lab_Robotica/ros2_ws/phantom_ws/build/pincher_control/prefix_override:/usr/lib/python3/dist-packages/colcon_core/task/python/colcon_distutils_commands:/home/samuelcruz/Lab_Robotica/ros2_ws/phantom_ws/install/pincher_control/lib/python3.10/site-packages:${PYTHONPATH} /usr/bin/python3 -W ignore:setup.py install is deprecated -W ignore:easy_install command is deprecated setup.py egg_info --egg-base ../../build/pincher_control build --build-base /home/samuelcruz/Lab_Robotica/ros2_ws/phantom_ws/build/pincher_control/build install --record /home/samuelcruz/Lab_Robotica/ros2_ws/phantom_ws/build/pincher_control/install.log --single-version-externally-managed install_data
