[1.608s] Invoking command in '/home/samuelcruz/Lab_Robotica/ros2_ws/phantom_ws/src/pincher_control': PYTHONPATH=/home/samuelcruz/Lab_Robotica/ros2_ws/phantom_ws/build/pincher_control/prefix_override:/usr/lib/python3/dist-packages/colcon_core/task/python/colcon_distutils_commands:/home/samuelcruz/Lab_Robotica/ros2_ws/phantom_ws/install/pincher_control/lib/python3.10/site-packages:${PYTHONPATH} /usr/bin/python3 -W ignore:setup.py install is deprecated -W ignore:easy_install command is deprecated setup.py egg_info --egg-base ../../build/pincher_control build --build-base /home/samuelcruz/Lab_Robotica/ros2_ws/phantom_ws/build/pincher_control/build install --record /home/samuelcruz/Lab_Robotica/ros2_ws/phantom_ws/build/pincher_control/install.log --single-version-externally-managed install_data
[2.202s] running egg_info
[2.202s] writing ../../build/pincher_control/pincher_control.egg-info/PKG-INFO
[2.202s] writing dependency_links to ../../build/pincher_control/pincher_control.egg-info/dependency_links.txt
[2.202s] writing entry points to ../../build/pincher_control/pincher_control.egg-info/entry_points.txt
[2.202s] writing requirements to ../../build/pincher_control/pincher_control.egg-info/requires.txt
[2.202s] writing top-level names to ../../build/pincher_control/pincher_control.egg-info/top_level.txt
[2.204s] reading manifest file '../../build/pincher_control/pincher_control.egg-info/SOURCES.txt'
[2.204s] writing manifest file '../../build/pincher_control/pincher_control.egg-info/SOURCES.txt'
[2.205s] running build
[2.212s] running build_py
[2.224s] running install
[2.224s] running install_lib
[2.227s] running install_data
[2.228s] running install_egg_info
[2.234s] removing '/home/samuelcruz/Lab_Robotica/ros2_ws/phantom_ws/install/pincher_control/lib/python3.10/site-packages/pincher_control-0.0.0-py3.10.egg-info' (and everything under it)
[2.277s] Copying ../../build/pincher_control/pincher_control.egg-info to /home/samuelcruz/Lab_Robotica/ros2_ws/phantom_ws/install/pincher_control/lib/python3.10/site-packages/pincher_control-0.0.0-py3.10.egg-info
[2.280s] running install_scripts
[2.320s] Installing control_servo script to /home/samuelcruz/Lab_Robotica/ros2_ws/phantom_ws/install/pincher_control/lib/pincher_control
[2.338s] writing list of installed files to '/home/samuelcruz/Lab_Robotica/ros2_ws/phantom_ws/build/pincher_control/install.log'
[2.412s] Invoked command in '/home/samuelcruz/Lab_Robotica/ros2_ws/phantom_ws/src/pincher_control' returned '0': PYTHONPATH=/home/samuelcruz/Lab_Robotica/ros2_ws/phantom_ws/build/pincher_control/prefix_override:/usr/lib/python3/dist-packages/colcon_core/task/python/colcon_distutils_commands:/home/samuelcruz/Lab_Robotica/ros2_ws/phantom_ws/install/pincher_control/lib/python3.10/site-packages:${PYTHONPATH} /usr/bin/python3 -W ignore:setup.py install is deprecated -W ignore:easy_install command is deprecated setup.py egg_info --egg-base ../../build/pincher_control build --build-base /home/samuelcruz/Lab_Robotica/ros2_ws/phantom_ws/build/pincher_control/build install --record /home/samuelcruz/Lab_Robotica/ros2_ws/phantom_ws/build/pincher_control/install.log --single-version-externally-managed install_data
