running egg_info
creating ../../build/phantom_hmi/phantom_hmi.egg-info
writing ../../build/phantom_hmi/phantom_hmi.egg-info/PKG-INFO
writing dependency_links to ../../build/phantom_hmi/phantom_hmi.egg-info/dependency_links.txt
writing entry points to ../../build/phantom_hmi/phantom_hmi.egg-info/entry_points.txt
writing requirements to ../../build/phantom_hmi/phantom_hmi.egg-info/requires.txt
writing top-level names to ../../build/phantom_hmi/phantom_hmi.egg-info/top_level.txt
writing manifest file '../../build/phantom_hmi/phantom_hmi.egg-info/SOURCES.txt'
reading manifest file '../../build/phantom_hmi/phantom_hmi.egg-info/SOURCES.txt'
writing manifest file '../../build/phantom_hmi/phantom_hmi.egg-info/SOURCES.txt'
running build
running build_py
creating /home/samuelcruz/Lab_Robotica/ros2_ws/phantom_ws/build/phantom_hmi/build
creating /home/samuelcruz/Lab_Robotica/ros2_ws/phantom_ws/build/phantom_hmi/build/lib
creating /home/samuelcruz/Lab_Robotica/ros2_ws/phantom_ws/build/phantom_hmi/build/lib/phantom_hmi
copying phantom_hmi/__init__.py -> /home/samuelcruz/Lab_Robotica/ros2_ws/phantom_ws/build/phantom_hmi/build/lib/phantom_hmi
copying phantom_hmi/hmi_main.py -> /home/samuelcruz/Lab_Robotica/ros2_ws/phantom_ws/build/phantom_hmi/build/lib/phantom_hmi
running install
running install_lib
creating /home/samuelcruz/Lab_Robotica/ros2_ws/phantom_ws/install/phantom_hmi/lib/python3.10/site-packages/phantom_hmi
copying /home/samuelcruz/Lab_Robotica/ros2_ws/phantom_ws/build/phantom_hmi/build/lib/phantom_hmi/__init__.py -> /home/samuelcruz/Lab_Robotica/ros2_ws/phantom_ws/install/phantom_hmi/lib/python3.10/site-packages/phantom_hmi
copying /home/samuelcruz/Lab_Robotica/ros2_ws/phantom_ws/build/phantom_hmi/build/lib/phantom_hmi/hmi_main.py -> /home/samuelcruz/Lab_Robotica/ros2_ws/phantom_ws/install/phantom_hmi/lib/python3.10/site-packages/phantom_hmi
byte-compiling /home/samuelcruz/Lab_Robotica/ros2_ws/phantom_ws/install/phantom_hmi/lib/python3.10/site-packages/phantom_hmi/__init__.py to __init__.cpython-310.pyc
byte-compiling /home/samuelcruz/Lab_Robotica/ros2_ws/phantom_ws/install/phantom_hmi/lib/python3.10/site-packages/phantom_hmi/hmi_main.py to hmi_main.cpython-310.pyc
running install_data
copying package.xml -> /home/samuelcruz/Lab_Robotica/ros2_ws/phantom_ws/install/phantom_hmi/share/phantom_hmi
running install_egg_info
Copying ../../build/phantom_hmi/phantom_hmi.egg-info to /home/samuelcruz/Lab_Robotica/ros2_ws/phantom_ws/install/phantom_hmi/lib/python3.10/site-packages/phantom_hmi-0.0.1-py3.10.egg-info
running install_scripts
Installing phantom_hmi script to /home/samuelcruz/Lab_Robotica/ros2_ws/phantom_ws/install/phantom_hmi/lib/phantom_hmi
writing list of installed files to '/home/samuelcruz/Lab_Robotica/ros2_ws/phantom_ws/build/phantom_hmi/install.log'
