[1.337s] Invoking command in '/home/samuelcruz/Lab_Robotica/ros2_ws/phantom_ws/src/phantom_hmi': PYTHONPATH=/home/samuelcruz/Lab_Robotica/ros2_ws/phantom_ws/build/phantom_hmi/prefix_override:/usr/lib/python3/dist-packages/colcon_core/task/python/colcon_distutils_commands:/home/samuelcruz/Lab_Robotica/ros2_ws/phantom_ws/install/phantom_hmi/lib/python3.10/site-packages:${PYTHONPATH} /usr/bin/python3 -W ignore:setup.py install is deprecated -W ignore:easy_install command is deprecated setup.py egg_info --egg-base ../../build/phantom_hmi build --build-base /home/samuelcruz/Lab_Robotica/ros2_ws/phantom_ws/build/phantom_hmi/build install --record /home/samuelcruz/Lab_Robotica/ros2_ws/phantom_ws/build/phantom_hmi/install.log --single-version-externally-managed install_data
[1.603s] running egg_info
[1.605s] creating ../../build/phantom_hmi/phantom_hmi.egg-info
[1.605s] writing ../../build/phantom_hmi/phantom_hmi.egg-info/PKG-INFO
[1.605s] writing dependency_links to ../../build/phantom_hmi/phantom_hmi.egg-info/dependency_links.txt
[1.605s] writing entry points to ../../build/phantom_hmi/phantom_hmi.egg-info/entry_points.txt
[1.605s] writing requirements to ../../build/phantom_hmi/phantom_hmi.egg-info/requires.txt
[1.605s] writing top-level names to ../../build/phantom_hmi/phantom_hmi.egg-info/top_level.txt
[1.605s] writing manifest file '../../build/phantom_hmi/phantom_hmi.egg-info/SOURCES.txt'
[1.606s] reading manifest file '../../build/phantom_hmi/phantom_hmi.egg-info/SOURCES.txt'
[1.607s] writing manifest file '../../build/phantom_hmi/phantom_hmi.egg-info/SOURCES.txt'
[1.607s] running build
[1.608s] running build_py
[1.608s] creating /home/samuelcruz/Lab_Robotica/ros2_ws/phantom_ws/build/phantom_hmi/build
[1.609s] creating /home/samuelcruz/Lab_Robotica/ros2_ws/phantom_ws/build/phantom_hmi/build/lib
[1.609s] creating /home/samuelcruz/Lab_Robotica/ros2_ws/phantom_ws/build/phantom_hmi/build/lib/phantom_hmi
[1.609s] copying phantom_hmi/__init__.py -> /home/samuelcruz/Lab_Robotica/ros2_ws/phantom_ws/build/phantom_hmi/build/lib/phantom_hmi
[1.609s] copying phantom_hmi/hmi_main.py -> /home/samuelcruz/Lab_Robotica/ros2_ws/phantom_ws/build/phantom_hmi/build/lib/phantom_hmi
[1.609s] running install
[1.609s] running install_lib
[1.610s] creating /home/samuelcruz/Lab_Robotica/ros2_ws/phantom_ws/install/phantom_hmi/lib/python3.10/site-packages/phantom_hmi
[1.611s] copying /home/samuelcruz/Lab_Robotica/ros2_ws/phantom_ws/build/phantom_hmi/build/lib/phantom_hmi/__init__.py -> /home/samuelcruz/Lab_Robotica/ros2_ws/phantom_ws/install/phantom_hmi/lib/python3.10/site-packages/phantom_hmi
[1.611s] copying /home/samuelcruz/Lab_Robotica/ros2_ws/phantom_ws/build/phantom_hmi/build/lib/phantom_hmi/hmi_main.py -> /home/samuelcruz/Lab_Robotica/ros2_ws/phantom_ws/install/phantom_hmi/lib/python3.10/site-packages/phantom_hmi
[1.612s] byte-compiling /home/samuelcruz/Lab_Robotica/ros2_ws/phantom_ws/install/phantom_hmi/lib/python3.10/site-packages/phantom_hmi/__init__.py to __init__.cpython-310.pyc
[1.613s] byte-compiling /home/samuelcruz/Lab_Robotica/ros2_ws/phantom_ws/install/phantom_hmi/lib/python3.10/site-packages/phantom_hmi/hmi_main.py to hmi_main.cpython-310.pyc
[1.613s] running install_data
[1.613s] copying package.xml -> /home/samuelcruz/Lab_Robotica/ros2_ws/phantom_ws/install/phantom_hmi/share/phantom_hmi
[1.613s] running install_egg_info
[1.615s] Copying ../../build/phantom_hmi/phantom_hmi.egg-info to /home/samuelcruz/Lab_Robotica/ros2_ws/phantom_ws/install/phantom_hmi/lib/python3.10/site-packages/phantom_hmi-0.0.1-py3.10.egg-info
[1.615s] running install_scripts
[1.635s] Installing phantom_hmi script to /home/samuelcruz/Lab_Robotica/ros2_ws/phantom_ws/install/phantom_hmi/lib/phantom_hmi
[1.636s] writing list of installed files to '/home/samuelcruz/Lab_Robotica/ros2_ws/phantom_ws/build/phantom_hmi/install.log'
[1.663s] Invoked command in '/home/samuelcruz/Lab_Robotica/ros2_ws/phantom_ws/src/phantom_hmi' returned '0': PYTHONPATH=/home/samuelcruz/Lab_Robotica/ros2_ws/phantom_ws/build/phantom_hmi/prefix_override:/usr/lib/python3/dist-packages/colcon_core/task/python/colcon_distutils_commands:/home/samuelcruz/Lab_Robotica/ros2_ws/phantom_ws/install/phantom_hmi/lib/python3.10/site-packages:${PYTHONPATH} /usr/bin/python3 -W ignore:setup.py install is deprecated -W ignore:easy_install command is deprecated setup.py egg_info --egg-base ../../build/phantom_hmi build --build-base /home/samuelcruz/Lab_Robotica/ros2_ws/phantom_ws/build/phantom_hmi/build install --record /home/samuelcruz/Lab_Robotica/ros2_ws/phantom_ws/build/phantom_hmi/install.log --single-version-externally-managed install_data
