[0.355s] DEBUG:colcon:Command line arguments: ['/usr/bin/colcon', 'build']
[0.357s] DEBUG:colcon:Parsed command line arguments: Namespace(log_base=None, log_level=None, verb_name='build', build_base='build', install_base='install', merge_install=False, symlink_install=False, test_result_base=None, continue_on_error=False, executor='parallel', parallel_workers=2, event_handlers=None, ignore_user_meta=False, metas=['./colcon.meta'], base_paths=['.'], packages_ignore=None, packages_ignore_regex=None, paths=None, packages_up_to=None, packages_up_to_regex=None, packages_above=None, packages_above_and_dependencies=None, packages_above_depth=None, packages_select_by_dep=None, packages_skip_by_dep=None, packages_skip_up_to=None, packages_select_build_failed=False, packages_skip_build_finished=False, packages_select_test_failures=False, packages_skip_test_passed=False, packages_select=None, packages_skip=None, packages_select_regex=None, packages_skip_regex=None, packages_start=None, packages_end=None, allow_overriding=[], cmake_args=None, cmake_target=None, cmake_target_skip_unavailable=False, cmake_clean_cache=False, cmake_clean_first=False, cmake_force_configure=False, ament_cmake_args=None, catkin_cmake_args=None, catkin_skip_building_tests=False, mixin_files=None, mixin=None, verb_parser=<colcon_mixin.mixin.mixin_argument.MixinArgumentDecorator object at 0x7fd9a0c56110>, verb_extension=<colcon_core.verb.build.BuildVerb object at 0x7fd9a0df7010>, main=<bound method BuildVerb.main of <colcon_core.verb.build.BuildVerb object at 0x7fd9a0df7010>>, mixin_verb=('build',))
[0.989s] Level 1:colcon.colcon_core.package_discovery:discover_packages(colcon_meta) check parameters
[0.989s] Level 1:colcon.colcon_core.package_discovery:discover_packages(recursive) check parameters
[0.989s] Level 1:colcon.colcon_core.package_discovery:discover_packages(ignore) check parameters
[0.989s] Level 1:colcon.colcon_core.package_discovery:discover_packages(path) check parameters
[0.989s] Level 1:colcon.colcon_core.package_discovery:discover_packages(colcon_meta) discover
[0.989s] Level 1:colcon.colcon_core.package_discovery:discover_packages(recursive) discover
[0.989s] INFO:colcon.colcon_core.package_discovery:Crawling recursively for packages in '/home/samuelcruz/Lab_Robotica/ros2_ws/phantom_ws/src'
[0.990s] Level 1:colcon.colcon_core.package_identification:_identify(.) by extensions ['ignore', 'ignore_ament_install']
[0.990s] Level 1:colcon.colcon_core.package_identification:_identify(.) by extension 'ignore'
[0.990s] Level 1:colcon.colcon_core.package_identification:_identify(.) by extension 'ignore_ament_install'
[0.990s] Level 1:colcon.colcon_core.package_identification:_identify(.) by extensions ['colcon_pkg']
[0.990s] Level 1:colcon.colcon_core.package_identification:_identify(.) by extension 'colcon_pkg'
[0.990s] Level 1:colcon.colcon_core.package_identification:_identify(.) by extensions ['colcon_meta']
[0.990s] Level 1:colcon.colcon_core.package_identification:_identify(.) by extension 'colcon_meta'
[0.990s] Level 1:colcon.colcon_core.package_identification:_identify(.) by extensions ['ros']
[0.990s] Level 1:colcon.colcon_core.package_identification:_identify(.) by extension 'ros'
[1.013s] Level 1:colcon.colcon_core.package_identification:_identify(.) by extensions ['cmake', 'python']
[1.014s] Level 1:colcon.colcon_core.package_identification:_identify(.) by extension 'cmake'
[1.014s] Level 1:colcon.colcon_core.package_identification:_identify(.) by extension 'python'
[1.014s] Level 1:colcon.colcon_core.package_identification:_identify(.) by extensions ['python_setup_py']
[1.014s] Level 1:colcon.colcon_core.package_identification:_identify(.) by extension 'python_setup_py'
[1.014s] Level 1:colcon.colcon_core.package_identification:_identify(build) by extensions ['ignore', 'ignore_ament_install']
[1.014s] Level 1:colcon.colcon_core.package_identification:_identify(build) by extension 'ignore'
[1.014s] Level 1:colcon.colcon_core.package_identification:_identify(build) ignored
[1.014s] Level 1:colcon.colcon_core.package_identification:_identify(install) by extensions ['ignore', 'ignore_ament_install']
[1.014s] Level 1:colcon.colcon_core.package_identification:_identify(install) by extension 'ignore'
[1.014s] Level 1:colcon.colcon_core.package_identification:_identify(install) ignored
[1.015s] Level 1:colcon.colcon_core.package_identification:_identify(log) by extensions ['ignore', 'ignore_ament_install']
[1.015s] Level 1:colcon.colcon_core.package_identification:_identify(log) by extension 'ignore'
[1.015s] Level 1:colcon.colcon_core.package_identification:_identify(log) ignored
[1.015s] Level 1:colcon.colcon_core.package_identification:_identify(phantom_hmi) by extensions ['ignore', 'ignore_ament_install']
[1.015s] Level 1:colcon.colcon_core.package_identification:_identify(phantom_hmi) by extension 'ignore'
[1.015s] Level 1:colcon.colcon_core.package_identification:_identify(phantom_hmi) by extension 'ignore_ament_install'
[1.015s] Level 1:colcon.colcon_core.package_identification:_identify(phantom_hmi) by extensions ['colcon_pkg']
[1.015s] Level 1:colcon.colcon_core.package_identification:_identify(phantom_hmi) by extension 'colcon_pkg'
[1.015s] Level 1:colcon.colcon_core.package_identification:_identify(phantom_hmi) by extensions ['colcon_meta']
[1.015s] Level 1:colcon.colcon_core.package_identification:_identify(phantom_hmi) by extension 'colcon_meta'
[1.015s] Level 1:colcon.colcon_core.package_identification:_identify(phantom_hmi) by extensions ['ros']
[1.015s] Level 1:colcon.colcon_core.package_identification:_identify(phantom_hmi) by extension 'ros'
[1.024s] DEBUG:colcon.colcon_core.package_identification:Package 'phantom_hmi' with type 'ros.ament_python' and name 'phantom_hmi'
[1.024s] Level 1:colcon.colcon_core.package_identification:_identify(phantom_rqt_hmi) by extensions ['ignore', 'ignore_ament_install']
[1.024s] Level 1:colcon.colcon_core.package_identification:_identify(phantom_rqt_hmi) by extension 'ignore'
[1.024s] Level 1:colcon.colcon_core.package_identification:_identify(phantom_rqt_hmi) by extension 'ignore_ament_install'
[1.024s] Level 1:colcon.colcon_core.package_identification:_identify(phantom_rqt_hmi) by extensions ['colcon_pkg']
[1.024s] Level 1:colcon.colcon_core.package_identification:_identify(phantom_rqt_hmi) by extension 'colcon_pkg'
[1.024s] Level 1:colcon.colcon_core.package_identification:_identify(phantom_rqt_hmi) by extensions ['colcon_meta']
[1.024s] Level 1:colcon.colcon_core.package_identification:_identify(phantom_rqt_hmi) by extension 'colcon_meta'
[1.024s] Level 1:colcon.colcon_core.package_identification:_identify(phantom_rqt_hmi) by extensions ['ros']
[1.024s] Level 1:colcon.colcon_core.package_identification:_identify(phantom_rqt_hmi) by extension 'ros'
[1.024s] Level 1:colcon.colcon_core.package_identification:_identify(phantom_rqt_hmi) by extensions ['cmake', 'python']
[1.024s] Level 1:colcon.colcon_core.package_identification:_identify(phantom_rqt_hmi) by extension 'cmake'
[1.024s] Level 1:colcon.colcon_core.package_identification:_identify(phantom_rqt_hmi) by extension 'python'
[1.024s] Level 1:colcon.colcon_core.package_identification:_identify(phantom_rqt_hmi) by extensions ['python_setup_py']
[1.024s] Level 1:colcon.colcon_core.package_identification:_identify(phantom_rqt_hmi) by extension 'python_setup_py'
[1.025s] Level 1:colcon.colcon_core.package_identification:_identify(phantomx_pincher) by extensions ['ignore', 'ignore_ament_install']
[1.025s] Level 1:colcon.colcon_core.package_identification:_identify(phantomx_pincher) by extension 'ignore'
[1.025s] Level 1:colcon.colcon_core.package_identification:_identify(phantomx_pincher) by extension 'ignore_ament_install'
[1.025s] Level 1:colcon.colcon_core.package_identification:_identify(phantomx_pincher) by extensions ['colcon_pkg']
[1.025s] Level 1:colcon.colcon_core.package_identification:_identify(phantomx_pincher) by extension 'colcon_pkg'
[1.025s] Level 1:colcon.colcon_core.package_identification:_identify(phantomx_pincher) by extensions ['colcon_meta']
[1.025s] Level 1:colcon.colcon_core.package_identification:_identify(phantomx_pincher) by extension 'colcon_meta'
[1.025s] Level 1:colcon.colcon_core.package_identification:_identify(phantomx_pincher) by extensions ['ros']
[1.025s] Level 1:colcon.colcon_core.package_identification:_identify(phantomx_pincher) by extension 'ros'
[1.025s] Level 1:colcon.colcon_core.package_identification:_identify(phantomx_pincher) by extensions ['cmake', 'python']
[1.025s] Level 1:colcon.colcon_core.package_identification:_identify(phantomx_pincher) by extension 'cmake'
[1.025s] Level 1:colcon.colcon_core.package_identification:_identify(phantomx_pincher) by extension 'python'
[1.025s] Level 1:colcon.colcon_core.package_identification:_identify(phantomx_pincher) by extensions ['python_setup_py']
[1.025s] Level 1:colcon.colcon_core.package_identification:_identify(phantomx_pincher) by extension 'python_setup_py'
[1.025s] Level 1:colcon.colcon_core.package_identification:_identify(phantomx_pincher/phantomx_pincher) by extensions ['ignore', 'ignore_ament_install']
[1.025s] Level 1:colcon.colcon_core.package_identification:_identify(phantomx_pincher/phantomx_pincher) by extension 'ignore'
[1.025s] Level 1:colcon.colcon_core.package_identification:_identify(phantomx_pincher/phantomx_pincher) by extension 'ignore_ament_install'
[1.025s] Level 1:colcon.colcon_core.package_identification:_identify(phantomx_pincher/phantomx_pincher) by extensions ['colcon_pkg']
[1.025s] Level 1:colcon.colcon_core.package_identification:_identify(phantomx_pincher/phantomx_pincher) by extension 'colcon_pkg'
[1.026s] Level 1:colcon.colcon_core.package_identification:_identify(phantomx_pincher/phantomx_pincher) by extensions ['colcon_meta']
[1.026s] Level 1:colcon.colcon_core.package_identification:_identify(phantomx_pincher/phantomx_pincher) by extension 'colcon_meta'
[1.026s] Level 1:colcon.colcon_core.package_identification:_identify(phantomx_pincher/phantomx_pincher) by extensions ['ros']
[1.026s] Level 1:colcon.colcon_core.package_identification:_identify(phantomx_pincher/phantomx_pincher) by extension 'ros'
[1.027s] DEBUG:colcon.colcon_core.package_identification:Package 'phantomx_pincher/phantomx_pincher' with type 'ros.ament_cmake' and name 'phantomx_pincher'
[1.027s] Level 1:colcon.colcon_core.package_identification:_identify(phantomx_pincher/phantomx_pincher_demos) by extensions ['ignore', 'ignore_ament_install']
[1.027s] Level 1:colcon.colcon_core.package_identification:_identify(phantomx_pincher/phantomx_pincher_demos) by extension 'ignore'
[1.028s] Level 1:colcon.colcon_core.package_identification:_identify(phantomx_pincher/phantomx_pincher_demos) by extension 'ignore_ament_install'
[1.028s] Level 1:colcon.colcon_core.package_identification:_identify(phantomx_pincher/phantomx_pincher_demos) by extensions ['colcon_pkg']
[1.028s] Level 1:colcon.colcon_core.package_identification:_identify(phantomx_pincher/phantomx_pincher_demos) by extension 'colcon_pkg'
[1.028s] Level 1:colcon.colcon_core.package_identification:_identify(phantomx_pincher/phantomx_pincher_demos) by extensions ['colcon_meta']
[1.028s] Level 1:colcon.colcon_core.package_identification:_identify(phantomx_pincher/phantomx_pincher_demos) by extension 'colcon_meta'
[1.028s] Level 1:colcon.colcon_core.package_identification:_identify(phantomx_pincher/phantomx_pincher_demos) by extensions ['ros']
[1.028s] Level 1:colcon.colcon_core.package_identification:_identify(phantomx_pincher/phantomx_pincher_demos) by extension 'ros'
[1.029s] DEBUG:colcon.colcon_core.package_identification:Package 'phantomx_pincher/phantomx_pincher_demos' with type 'ros.ament_cmake' and name 'phantomx_pincher_demos'
[1.029s] Level 1:colcon.colcon_core.package_identification:_identify(phantomx_pincher/phantomx_pincher_description) by extensions ['ignore', 'ignore_ament_install']
[1.029s] Level 1:colcon.colcon_core.package_identification:_identify(phantomx_pincher/phantomx_pincher_description) by extension 'ignore'
[1.029s] Level 1:colcon.colcon_core.package_identification:_identify(phantomx_pincher/phantomx_pincher_description) by extension 'ignore_ament_install'
[1.029s] Level 1:colcon.colcon_core.package_identification:_identify(phantomx_pincher/phantomx_pincher_description) by extensions ['colcon_pkg']
[1.029s] Level 1:colcon.colcon_core.package_identification:_identify(phantomx_pincher/phantomx_pincher_description) by extension 'colcon_pkg'
[1.029s] Level 1:colcon.colcon_core.package_identification:_identify(phantomx_pincher/phantomx_pincher_description) by extensions ['colcon_meta']
[1.029s] Level 1:colcon.colcon_core.package_identification:_identify(phantomx_pincher/phantomx_pincher_description) by extension 'colcon_meta'
[1.029s] Level 1:colcon.colcon_core.package_identification:_identify(phantomx_pincher/phantomx_pincher_description) by extensions ['ros']
[1.029s] Level 1:colcon.colcon_core.package_identification:_identify(phantomx_pincher/phantomx_pincher_description) by extension 'ros'
[1.031s] DEBUG:colcon.colcon_core.package_identification:Package 'phantomx_pincher/phantomx_pincher_description' with type 'ros.ament_cmake' and name 'phantomx_pincher_description'
[1.031s] Level 1:colcon.colcon_core.package_identification:_identify(phantomx_pincher/phantomx_pincher_moveit_config) by extensions ['ignore', 'ignore_ament_install']
[1.031s] Level 1:colcon.colcon_core.package_identification:_identify(phantomx_pincher/phantomx_pincher_moveit_config) by extension 'ignore'
[1.031s] Level 1:colcon.colcon_core.package_identification:_identify(phantomx_pincher/phantomx_pincher_moveit_config) by extension 'ignore_ament_install'
[1.031s] Level 1:colcon.colcon_core.package_identification:_identify(phantomx_pincher/phantomx_pincher_moveit_config) by extensions ['colcon_pkg']
[1.031s] Level 1:colcon.colcon_core.package_identification:_identify(phantomx_pincher/phantomx_pincher_moveit_config) by extension 'colcon_pkg'
[1.031s] Level 1:colcon.colcon_core.package_identification:_identify(phantomx_pincher/phantomx_pincher_moveit_config) by extensions ['colcon_meta']
[1.032s] Level 1:colcon.colcon_core.package_identification:_identify(phantomx_pincher/phantomx_pincher_moveit_config) by extension 'colcon_meta'
[1.032s] Level 1:colcon.colcon_core.package_identification:_identify(phantomx_pincher/phantomx_pincher_moveit_config) by extensions ['ros']
[1.032s] Level 1:colcon.colcon_core.package_identification:_identify(phantomx_pincher/phantomx_pincher_moveit_config) by extension 'ros'
[1.048s] DEBUG:colcon.colcon_core.package_identification:Package 'phantomx_pincher/phantomx_pincher_moveit_config' with type 'ros.ament_cmake' and name 'phantomx_pincher_moveit_config'
[1.048s] Level 1:colcon.colcon_core.package_identification:_identify(pincher_control) by extensions ['ignore', 'ignore_ament_install']
[1.048s] Level 1:colcon.colcon_core.package_identification:_identify(pincher_control) by extension 'ignore'
[1.048s] Level 1:colcon.colcon_core.package_identification:_identify(pincher_control) by extension 'ignore_ament_install'
[1.048s] Level 1:colcon.colcon_core.package_identification:_identify(pincher_control) by extensions ['colcon_pkg']
[1.048s] Level 1:colcon.colcon_core.package_identification:_identify(pincher_control) by extension 'colcon_pkg'
[1.048s] Level 1:colcon.colcon_core.package_identification:_identify(pincher_control) by extensions ['colcon_meta']
[1.048s] Level 1:colcon.colcon_core.package_identification:_identify(pincher_control) by extension 'colcon_meta'
[1.048s] Level 1:colcon.colcon_core.package_identification:_identify(pincher_control) by extensions ['ros']
[1.049s] Level 1:colcon.colcon_core.package_identification:_identify(pincher_control) by extension 'ros'
[1.058s] DEBUG:colcon.colcon_core.package_identification:Package 'pincher_control' with type 'ros.ament_python' and name 'pincher_control'
[1.058s] Level 1:colcon.colcon_core.package_discovery:discover_packages(recursive) using defaults
[1.059s] Level 1:colcon.colcon_core.package_discovery:discover_packages(ignore) discover
[1.059s] Level 1:colcon.colcon_core.package_discovery:discover_packages(ignore) using defaults
[1.059s] Level 1:colcon.colcon_core.package_discovery:discover_packages(path) discover
[1.059s] Level 1:colcon.colcon_core.package_discovery:discover_packages(path) using defaults
[1.136s] Level 1:colcon.colcon_core.package_discovery:discover_packages(prefix_path) check parameters
[1.136s] Level 1:colcon.colcon_core.package_discovery:discover_packages(prefix_path) discover
[1.145s] DEBUG:colcon.colcon_installed_package_information.package_discovery:Found 396 installed packages in /opt/ros/humble
[1.147s] Level 1:colcon.colcon_core.package_discovery:discover_packages(prefix_path) using defaults
[1.216s] Level 5:colcon.colcon_core.verb:set package 'phantom_hmi' build argument 'cmake_args' from command line to 'None'
[1.216s] Level 5:colcon.colcon_core.verb:set package 'phantom_hmi' build argument 'cmake_target' from command line to 'None'
[1.216s] Level 5:colcon.colcon_core.verb:set package 'phantom_hmi' build argument 'cmake_target_skip_unavailable' from command line to 'False'
[1.216s] Level 5:colcon.colcon_core.verb:set package 'phantom_hmi' build argument 'cmake_clean_cache' from command line to 'False'
[1.216s] Level 5:colcon.colcon_core.verb:set package 'phantom_hmi' build argument 'cmake_clean_first' from command line to 'False'
[1.216s] Level 5:colcon.colcon_core.verb:set package 'phantom_hmi' build argument 'cmake_force_configure' from command line to 'False'
[1.216s] Level 5:colcon.colcon_core.verb:set package 'phantom_hmi' build argument 'ament_cmake_args' from command line to 'None'
[1.216s] Level 5:colcon.colcon_core.verb:set package 'phantom_hmi' build argument 'catkin_cmake_args' from command line to 'None'
[1.216s] Level 5:colcon.colcon_core.verb:set package 'phantom_hmi' build argument 'catkin_skip_building_tests' from command line to 'False'
[1.216s] DEBUG:colcon.colcon_core.verb:Building package 'phantom_hmi' with the following arguments: {'ament_cmake_args': None, 'build_base': '/home/samuelcruz/Lab_Robotica/ros2_ws/phantom_ws/src/build/phantom_hmi', 'catkin_cmake_args': None, 'catkin_skip_building_tests': False, 'cmake_args': None, 'cmake_clean_cache': False, 'cmake_clean_first': False, 'cmake_force_configure': False, 'cmake_target': None, 'cmake_target_skip_unavailable': False, 'install_base': '/home/samuelcruz/Lab_Robotica/ros2_ws/phantom_ws/src/install/phantom_hmi', 'merge_install': False, 'path': '/home/samuelcruz/Lab_Robotica/ros2_ws/phantom_ws/src/phantom_hmi', 'symlink_install': False, 'test_result_base': None}
[1.216s] Level 5:colcon.colcon_core.verb:set package 'phantomx_pincher_description' build argument 'cmake_args' from command line to 'None'
[1.216s] Level 5:colcon.colcon_core.verb:set package 'phantomx_pincher_description' build argument 'cmake_target' from command line to 'None'
[1.217s] Level 5:colcon.colcon_core.verb:set package 'phantomx_pincher_description' build argument 'cmake_target_skip_unavailable' from command line to 'False'
[1.217s] Level 5:colcon.colcon_core.verb:set package 'phantomx_pincher_description' build argument 'cmake_clean_cache' from command line to 'False'
[1.217s] Level 5:colcon.colcon_core.verb:set package 'phantomx_pincher_description' build argument 'cmake_clean_first' from command line to 'False'
[1.217s] Level 5:colcon.colcon_core.verb:set package 'phantomx_pincher_description' build argument 'cmake_force_configure' from command line to 'False'
[1.217s] Level 5:colcon.colcon_core.verb:set package 'phantomx_pincher_description' build argument 'ament_cmake_args' from command line to 'None'
[1.217s] Level 5:colcon.colcon_core.verb:set package 'phantomx_pincher_description' build argument 'catkin_cmake_args' from command line to 'None'
[1.217s] Level 5:colcon.colcon_core.verb:set package 'phantomx_pincher_description' build argument 'catkin_skip_building_tests' from command line to 'False'
[1.217s] DEBUG:colcon.colcon_core.verb:Building package 'phantomx_pincher_description' with the following arguments: {'ament_cmake_args': None, 'build_base': '/home/samuelcruz/Lab_Robotica/ros2_ws/phantom_ws/src/build/phantomx_pincher_description', 'catkin_cmake_args': None, 'catkin_skip_building_tests': False, 'cmake_args': None, 'cmake_clean_cache': False, 'cmake_clean_first': False, 'cmake_force_configure': False, 'cmake_target': None, 'cmake_target_skip_unavailable': False, 'install_base': '/home/samuelcruz/Lab_Robotica/ros2_ws/phantom_ws/src/install/phantomx_pincher_description', 'merge_install': False, 'path': '/home/samuelcruz/Lab_Robotica/ros2_ws/phantom_ws/src/phantomx_pincher/phantomx_pincher_description', 'symlink_install': False, 'test_result_base': None}
[1.217s] Level 5:colcon.colcon_core.verb:set package 'pincher_control' build argument 'cmake_args' from command line to 'None'
[1.217s] Level 5:colcon.colcon_core.verb:set package 'pincher_control' build argument 'cmake_target' from command line to 'None'
[1.217s] Level 5:colcon.colcon_core.verb:set package 'pincher_control' build argument 'cmake_target_skip_unavailable' from command line to 'False'
[1.217s] Level 5:colcon.colcon_core.verb:set package 'pincher_control' build argument 'cmake_clean_cache' from command line to 'False'
[1.217s] Level 5:colcon.colcon_core.verb:set package 'pincher_control' build argument 'cmake_clean_first' from command line to 'False'
[1.217s] Level 5:colcon.colcon_core.verb:set package 'pincher_control' build argument 'cmake_force_configure' from command line to 'False'
[1.217s] Level 5:colcon.colcon_core.verb:set package 'pincher_control' build argument 'ament_cmake_args' from command line to 'None'
[1.217s] Level 5:colcon.colcon_core.verb:set package 'pincher_control' build argument 'catkin_cmake_args' from command line to 'None'
[1.217s] Level 5:colcon.colcon_core.verb:set package 'pincher_control' build argument 'catkin_skip_building_tests' from command line to 'False'
[1.217s] DEBUG:colcon.colcon_core.verb:Building package 'pincher_control' with the following arguments: {'ament_cmake_args': None, 'build_base': '/home/samuelcruz/Lab_Robotica/ros2_ws/phantom_ws/src/build/pincher_control', 'catkin_cmake_args': None, 'catkin_skip_building_tests': False, 'cmake_args': None, 'cmake_clean_cache': False, 'cmake_clean_first': False, 'cmake_force_configure': False, 'cmake_target': None, 'cmake_target_skip_unavailable': False, 'install_base': '/home/samuelcruz/Lab_Robotica/ros2_ws/phantom_ws/src/install/pincher_control', 'merge_install': False, 'path': '/home/samuelcruz/Lab_Robotica/ros2_ws/phantom_ws/src/pincher_control', 'symlink_install': False, 'test_result_base': None}
[1.218s] Level 5:colcon.colcon_core.verb:set package 'phantomx_pincher_moveit_config' build argument 'cmake_args' from command line to 'None'
[1.218s] Level 5:colcon.colcon_core.verb:set package 'phantomx_pincher_moveit_config' build argument 'cmake_target' from command line to 'None'
[1.218s] Level 5:colcon.colcon_core.verb:set package 'phantomx_pincher_moveit_config' build argument 'cmake_target_skip_unavailable' from command line to 'False'
[1.218s] Level 5:colcon.colcon_core.verb:set package 'phantomx_pincher_moveit_config' build argument 'cmake_clean_cache' from command line to 'False'
[1.218s] Level 5:colcon.colcon_core.verb:set package 'phantomx_pincher_moveit_config' build argument 'cmake_clean_first' from command line to 'False'
[1.218s] Level 5:colcon.colcon_core.verb:set package 'phantomx_pincher_moveit_config' build argument 'cmake_force_configure' from command line to 'False'
[1.218s] Level 5:colcon.colcon_core.verb:set package 'phantomx_pincher_moveit_config' build argument 'ament_cmake_args' from command line to 'None'
[1.218s] Level 5:colcon.colcon_core.verb:set package 'phantomx_pincher_moveit_config' build argument 'catkin_cmake_args' from command line to 'None'
[1.218s] Level 5:colcon.colcon_core.verb:set package 'phantomx_pincher_moveit_config' build argument 'catkin_skip_building_tests' from command line to 'False'
[1.218s] DEBUG:colcon.colcon_core.verb:Building package 'phantomx_pincher_moveit_config' with the following arguments: {'ament_cmake_args': None, 'build_base': '/home/samuelcruz/Lab_Robotica/ros2_ws/phantom_ws/src/build/phantomx_pincher_moveit_config', 'catkin_cmake_args': None, 'catkin_skip_building_tests': False, 'cmake_args': None, 'cmake_clean_cache': False, 'cmake_clean_first': False, 'cmake_force_configure': False, 'cmake_target': None, 'cmake_target_skip_unavailable': False, 'install_base': '/home/samuelcruz/Lab_Robotica/ros2_ws/phantom_ws/src/install/phantomx_pincher_moveit_config', 'merge_install': False, 'path': '/home/samuelcruz/Lab_Robotica/ros2_ws/phantom_ws/src/phantomx_pincher/phantomx_pincher_moveit_config', 'symlink_install': False, 'test_result_base': None}
[1.218s] Level 5:colcon.colcon_core.verb:set package 'phantomx_pincher' build argument 'cmake_args' from command line to 'None'
[1.218s] Level 5:colcon.colcon_core.verb:set package 'phantomx_pincher' build argument 'cmake_target' from command line to 'None'
[1.218s] Level 5:colcon.colcon_core.verb:set package 'phantomx_pincher' build argument 'cmake_target_skip_unavailable' from command line to 'False'
[1.218s] Level 5:colcon.colcon_core.verb:set package 'phantomx_pincher' build argument 'cmake_clean_cache' from command line to 'False'
[1.218s] Level 5:colcon.colcon_core.verb:set package 'phantomx_pincher' build argument 'cmake_clean_first' from command line to 'False'
[1.218s] Level 5:colcon.colcon_core.verb:set package 'phantomx_pincher' build argument 'cmake_force_configure' from command line to 'False'
[1.218s] Level 5:colcon.colcon_core.verb:set package 'phantomx_pincher' build argument 'ament_cmake_args' from command line to 'None'
[1.218s] Level 5:colcon.colcon_core.verb:set package 'phantomx_pincher' build argument 'catkin_cmake_args' from command line to 'None'
[1.218s] Level 5:colcon.colcon_core.verb:set package 'phantomx_pincher' build argument 'catkin_skip_building_tests' from command line to 'False'
[1.218s] DEBUG:colcon.colcon_core.verb:Building package 'phantomx_pincher' with the following arguments: {'ament_cmake_args': None, 'build_base': '/home/samuelcruz/Lab_Robotica/ros2_ws/phantom_ws/src/build/phantomx_pincher', 'catkin_cmake_args': None, 'catkin_skip_building_tests': False, 'cmake_args': None, 'cmake_clean_cache': False, 'cmake_clean_first': False, 'cmake_force_configure': False, 'cmake_target': None, 'cmake_target_skip_unavailable': False, 'install_base': '/home/samuelcruz/Lab_Robotica/ros2_ws/phantom_ws/src/install/phantomx_pincher', 'merge_install': False, 'path': '/home/samuelcruz/Lab_Robotica/ros2_ws/phantom_ws/src/phantomx_pincher/phantomx_pincher', 'symlink_install': False, 'test_result_base': None}
[1.219s] Level 5:colcon.colcon_core.verb:set package 'phantomx_pincher_demos' build argument 'cmake_args' from command line to 'None'
[1.219s] Level 5:colcon.colcon_core.verb:set package 'phantomx_pincher_demos' build argument 'cmake_target' from command line to 'None'
[1.219s] Level 5:colcon.colcon_core.verb:set package 'phantomx_pincher_demos' build argument 'cmake_target_skip_unavailable' from command line to 'False'
[1.219s] Level 5:colcon.colcon_core.verb:set package 'phantomx_pincher_demos' build argument 'cmake_clean_cache' from command line to 'False'
[1.219s] Level 5:colcon.colcon_core.verb:set package 'phantomx_pincher_demos' build argument 'cmake_clean_first' from command line to 'False'
[1.219s] Level 5:colcon.colcon_core.verb:set package 'phantomx_pincher_demos' build argument 'cmake_force_configure' from command line to 'False'
[1.219s] Level 5:colcon.colcon_core.verb:set package 'phantomx_pincher_demos' build argument 'ament_cmake_args' from command line to 'None'
[1.219s] Level 5:colcon.colcon_core.verb:set package 'phantomx_pincher_demos' build argument 'catkin_cmake_args' from command line to 'None'
[1.219s] Level 5:colcon.colcon_core.verb:set package 'phantomx_pincher_demos' build argument 'catkin_skip_building_tests' from command line to 'False'
[1.219s] DEBUG:colcon.colcon_core.verb:Building package 'phantomx_pincher_demos' with the following arguments: {'ament_cmake_args': None, 'build_base': '/home/samuelcruz/Lab_Robotica/ros2_ws/phantom_ws/src/build/phantomx_pincher_demos', 'catkin_cmake_args': None, 'catkin_skip_building_tests': False, 'cmake_args': None, 'cmake_clean_cache': False, 'cmake_clean_first': False, 'cmake_force_configure': False, 'cmake_target': None, 'cmake_target_skip_unavailable': False, 'install_base': '/home/samuelcruz/Lab_Robotica/ros2_ws/phantom_ws/src/install/phantomx_pincher_demos', 'merge_install': False, 'path': '/home/samuelcruz/Lab_Robotica/ros2_ws/phantom_ws/src/phantomx_pincher/phantomx_pincher_demos', 'symlink_install': False, 'test_result_base': None}
[1.219s] INFO:colcon.colcon_core.executor:Executing jobs using 'parallel' executor
[1.223s] DEBUG:colcon.colcon_parallel_executor.executor.parallel:run_until_complete
[1.223s] INFO:colcon.colcon_ros.task.ament_cmake.build:Building ROS package in '/home/samuelcruz/Lab_Robotica/ros2_ws/phantom_ws/src/phantomx_pincher/phantomx_pincher_description' with build type 'ament_cmake'
[1.223s] INFO:colcon.colcon_cmake.task.cmake.build:Building CMake package in '/home/samuelcruz/Lab_Robotica/ros2_ws/phantom_ws/src/phantomx_pincher/phantomx_pincher_description'
[1.232s] INFO:colcon.colcon_core.plugin_system:Skipping extension 'colcon_core.shell.bat': Not used on non-Windows systems
[1.232s] INFO:colcon.colcon_core.shell:Skip shell extension 'powershell' for command environment: Not usable outside of PowerShell
[1.232s] DEBUG:colcon.colcon_core.shell:Skip shell extension 'dsv' for command environment
[1.237s] INFO:colcon.colcon_ros.task.ament_python.build:Building ROS package in '/home/samuelcruz/Lab_Robotica/ros2_ws/phantom_ws/src/phantom_hmi' with build type 'ament_python'
[1.238s] Level 1:colcon.colcon_core.shell:create_environment_hook('phantom_hmi', 'ament_prefix_path')
[1.238s] INFO:colcon.colcon_core.shell:Creating environment hook '/home/samuelcruz/Lab_Robotica/ros2_ws/phantom_ws/src/install/phantom_hmi/share/phantom_hmi/hook/ament_prefix_path.ps1'
[1.244s] INFO:colcon.colcon_core.shell:Creating environment descriptor '/home/samuelcruz/Lab_Robotica/ros2_ws/phantom_ws/src/install/phantom_hmi/share/phantom_hmi/hook/ament_prefix_path.dsv'
[1.245s] INFO:colcon.colcon_core.shell:Creating environment hook '/home/samuelcruz/Lab_Robotica/ros2_ws/phantom_ws/src/install/phantom_hmi/share/phantom_hmi/hook/ament_prefix_path.sh'
[1.247s] INFO:colcon.colcon_core.shell:Skip shell extension 'powershell' for command environment: Not usable outside of PowerShell
[1.247s] DEBUG:colcon.colcon_core.shell:Skip shell extension 'dsv' for command environment
[1.269s] DEBUG:colcon.colcon_core.event_handler.log_command:Invoking command in '/home/samuelcruz/Lab_Robotica/ros2_ws/phantom_ws/src/build/phantomx_pincher_description': CMAKE_PREFIX_PATH=/opt/ros/humble /usr/bin/cmake /home/samuelcruz/Lab_Robotica/ros2_ws/phantom_ws/src/phantomx_pincher/phantomx_pincher_description -DCMAKE_INSTALL_PREFIX=/home/samuelcruz/Lab_Robotica/ros2_ws/phantom_ws/src/install/phantomx_pincher_description
[1.953s] WARNING:colcon.colcon_ros.task.ament_python.build:Package 'phantom_hmi' doesn't explicitly install a marker in the package index (colcon-ros currently does it implicitly but that fallback will be removed in the future)
[1.953s] INFO:colcon.colcon_core.task.python.build:Building Python package in '/home/samuelcruz/Lab_Robotica/ros2_ws/phantom_ws/src/phantom_hmi'
[1.954s] INFO:colcon.colcon_core.shell:Skip shell extension 'powershell' for command environment: Not usable outside of PowerShell
[1.954s] DEBUG:colcon.colcon_core.shell:Skip shell extension 'dsv' for command environment
[3.354s] DEBUG:colcon.colcon_core.event_handler.log_command:Invoking command in '/home/samuelcruz/Lab_Robotica/ros2_ws/phantom_ws/src/phantom_hmi': PYTHONPATH=/home/samuelcruz/Lab_Robotica/ros2_ws/phantom_ws/src/build/phantom_hmi/prefix_override:/usr/lib/python3/dist-packages/colcon_core/task/python/colcon_distutils_commands:/home/samuelcruz/Lab_Robotica/ros2_ws/phantom_ws/src/install/phantom_hmi/lib/python3.10/site-packages:${PYTHONPATH} /usr/bin/python3 -W ignore:setup.py install is deprecated -W ignore:easy_install command is deprecated setup.py egg_info --egg-base ../build/phantom_hmi build --build-base /home/samuelcruz/Lab_Robotica/ros2_ws/phantom_ws/src/build/phantom_hmi/build install --record /home/samuelcruz/Lab_Robotica/ros2_ws/phantom_ws/src/build/phantom_hmi/install.log --single-version-externally-managed install_data
[3.721s] DEBUG:colcon.colcon_core.event_handler.log_command:Invoked command in '/home/samuelcruz/Lab_Robotica/ros2_ws/phantom_ws/src/phantom_hmi' returned '0': PYTHONPATH=/home/samuelcruz/Lab_Robotica/ros2_ws/phantom_ws/src/build/phantom_hmi/prefix_override:/usr/lib/python3/dist-packages/colcon_core/task/python/colcon_distutils_commands:/home/samuelcruz/Lab_Robotica/ros2_ws/phantom_ws/src/install/phantom_hmi/lib/python3.10/site-packages:${PYTHONPATH} /usr/bin/python3 -W ignore:setup.py install is deprecated -W ignore:easy_install command is deprecated setup.py egg_info --egg-base ../build/phantom_hmi build --build-base /home/samuelcruz/Lab_Robotica/ros2_ws/phantom_ws/src/build/phantom_hmi/build install --record /home/samuelcruz/Lab_Robotica/ros2_ws/phantom_ws/src/build/phantom_hmi/install.log --single-version-externally-managed install_data
[3.732s] Level 1:colcon.colcon_core.environment:checking '/home/samuelcruz/Lab_Robotica/ros2_ws/phantom_ws/src/install/phantom_hmi' for CMake module files
[3.732s] Level 1:colcon.colcon_core.environment:checking '/home/samuelcruz/Lab_Robotica/ros2_ws/phantom_ws/src/install/phantom_hmi' for CMake config files
[3.733s] Level 1:colcon.colcon_core.environment:checking '/home/samuelcruz/Lab_Robotica/ros2_ws/phantom_ws/src/install/phantom_hmi/lib'
[3.733s] Level 1:colcon.colcon_core.environment:checking '/home/samuelcruz/Lab_Robotica/ros2_ws/phantom_ws/src/install/phantom_hmi/bin'
[3.733s] Level 1:colcon.colcon_core.environment:checking '/home/samuelcruz/Lab_Robotica/ros2_ws/phantom_ws/src/install/phantom_hmi/lib/pkgconfig/phantom_hmi.pc'
[3.733s] Level 1:colcon.colcon_core.environment:checking '/home/samuelcruz/Lab_Robotica/ros2_ws/phantom_ws/src/install/phantom_hmi/lib/python3.10/site-packages'
[3.733s] Level 1:colcon.colcon_core.shell:create_environment_hook('phantom_hmi', 'pythonpath')
[3.733s] INFO:colcon.colcon_core.shell:Creating environment hook '/home/samuelcruz/Lab_Robotica/ros2_ws/phantom_ws/src/install/phantom_hmi/share/phantom_hmi/hook/pythonpath.ps1'
[3.734s] INFO:colcon.colcon_core.shell:Creating environment descriptor '/home/samuelcruz/Lab_Robotica/ros2_ws/phantom_ws/src/install/phantom_hmi/share/phantom_hmi/hook/pythonpath.dsv'
[3.734s] INFO:colcon.colcon_core.shell:Creating environment hook '/home/samuelcruz/Lab_Robotica/ros2_ws/phantom_ws/src/install/phantom_hmi/share/phantom_hmi/hook/pythonpath.sh'
[3.735s] Level 1:colcon.colcon_core.environment:checking '/home/samuelcruz/Lab_Robotica/ros2_ws/phantom_ws/src/install/phantom_hmi/bin'
[3.735s] Level 1:colcon.colcon_core.environment:create_environment_scripts_only(phantom_hmi)
[3.736s] INFO:colcon.colcon_core.shell:Creating package script '/home/samuelcruz/Lab_Robotica/ros2_ws/phantom_ws/src/install/phantom_hmi/share/phantom_hmi/package.ps1'
[3.738s] INFO:colcon.colcon_core.shell:Creating package descriptor '/home/samuelcruz/Lab_Robotica/ros2_ws/phantom_ws/src/install/phantom_hmi/share/phantom_hmi/package.dsv'
[3.740s] INFO:colcon.colcon_core.shell:Creating package script '/home/samuelcruz/Lab_Robotica/ros2_ws/phantom_ws/src/install/phantom_hmi/share/phantom_hmi/package.sh'
[3.743s] INFO:colcon.colcon_core.shell:Creating package script '/home/samuelcruz/Lab_Robotica/ros2_ws/phantom_ws/src/install/phantom_hmi/share/phantom_hmi/package.bash'
[3.744s] INFO:colcon.colcon_core.shell:Creating package script '/home/samuelcruz/Lab_Robotica/ros2_ws/phantom_ws/src/install/phantom_hmi/share/phantom_hmi/package.zsh'
[3.746s] Level 1:colcon.colcon_core.environment:create_file_with_runtime_dependencies(/home/samuelcruz/Lab_Robotica/ros2_ws/phantom_ws/src/install/phantom_hmi/share/colcon-core/packages/phantom_hmi)
[3.750s] INFO:colcon.colcon_ros.task.ament_python.build:Building ROS package in '/home/samuelcruz/Lab_Robotica/ros2_ws/phantom_ws/src/pincher_control' with build type 'ament_python'
[3.750s] Level 1:colcon.colcon_core.shell:create_environment_hook('pincher_control', 'ament_prefix_path')
[3.750s] INFO:colcon.colcon_core.shell:Creating environment hook '/home/samuelcruz/Lab_Robotica/ros2_ws/phantom_ws/src/install/pincher_control/share/pincher_control/hook/ament_prefix_path.ps1'
[3.753s] INFO:colcon.colcon_core.shell:Creating environment descriptor '/home/samuelcruz/Lab_Robotica/ros2_ws/phantom_ws/src/install/pincher_control/share/pincher_control/hook/ament_prefix_path.dsv'
[3.754s] INFO:colcon.colcon_core.shell:Creating environment hook '/home/samuelcruz/Lab_Robotica/ros2_ws/phantom_ws/src/install/pincher_control/share/pincher_control/hook/ament_prefix_path.sh'
[3.754s] INFO:colcon.colcon_core.shell:Skip shell extension 'powershell' for command environment: Not usable outside of PowerShell
[3.754s] DEBUG:colcon.colcon_core.shell:Skip shell extension 'dsv' for command environment
[4.127s] INFO:colcon.colcon_core.task.python.build:Building Python package in '/home/samuelcruz/Lab_Robotica/ros2_ws/phantom_ws/src/pincher_control'
[4.127s] INFO:colcon.colcon_core.shell:Skip shell extension 'powershell' for command environment: Not usable outside of PowerShell
[4.128s] DEBUG:colcon.colcon_core.shell:Skip shell extension 'dsv' for command environment
[4.134s] DEBUG:colcon.colcon_core.event_handler.log_command:Invoked command in '/home/samuelcruz/Lab_Robotica/ros2_ws/phantom_ws/src/build/phantomx_pincher_description' returned '0': CMAKE_PREFIX_PATH=/opt/ros/humble /usr/bin/cmake /home/samuelcruz/Lab_Robotica/ros2_ws/phantom_ws/src/phantomx_pincher/phantomx_pincher_description -DCMAKE_INSTALL_PREFIX=/home/samuelcruz/Lab_Robotica/ros2_ws/phantom_ws/src/install/phantomx_pincher_description
[4.135s] DEBUG:colcon.colcon_core.event_handler.log_command:Invoking command in '/home/samuelcruz/Lab_Robotica/ros2_ws/phantom_ws/src/build/phantomx_pincher_description': CMAKE_PREFIX_PATH=/opt/ros/humble /usr/bin/cmake --build /home/samuelcruz/Lab_Robotica/ros2_ws/phantom_ws/src/build/phantomx_pincher_description -- -j2 -l2
[4.444s] DEBUG:colcon.colcon_core.event_handler.log_command:Invoked command in '/home/samuelcruz/Lab_Robotica/ros2_ws/phantom_ws/src/build/phantomx_pincher_description' returned '0': CMAKE_PREFIX_PATH=/opt/ros/humble /usr/bin/cmake --build /home/samuelcruz/Lab_Robotica/ros2_ws/phantom_ws/src/build/phantomx_pincher_description -- -j2 -l2
[4.453s] DEBUG:colcon.colcon_core.event_handler.log_command:Invoking command in '/home/samuelcruz/Lab_Robotica/ros2_ws/phantom_ws/src/build/phantomx_pincher_description': CMAKE_PREFIX_PATH=/opt/ros/humble /usr/bin/cmake --install /home/samuelcruz/Lab_Robotica/ros2_ws/phantom_ws/src/build/phantomx_pincher_description
[4.567s] DEBUG:colcon.colcon_core.event_handler.log_command:Invoking command in '/home/samuelcruz/Lab_Robotica/ros2_ws/phantom_ws/src/pincher_control': PYTHONPATH=/home/samuelcruz/Lab_Robotica/ros2_ws/phantom_ws/src/build/pincher_control/prefix_override:/usr/lib/python3/dist-packages/colcon_core/task/python/colcon_distutils_commands:/home/samuelcruz/Lab_Robotica/ros2_ws/phantom_ws/src/install/pincher_control/lib/python3.10/site-packages:${PYTHONPATH} /usr/bin/python3 -W ignore:setup.py install is deprecated -W ignore:easy_install command is deprecated setup.py egg_info --egg-base ../build/pincher_control build --build-base /home/samuelcruz/Lab_Robotica/ros2_ws/phantom_ws/src/build/pincher_control/build install --record /home/samuelcruz/Lab_Robotica/ros2_ws/phantom_ws/src/build/pincher_control/install.log --single-version-externally-managed install_data
[4.808s] Level 1:colcon.colcon_core.environment:create_environment_scripts_only(phantomx_pincher_description)
[4.808s] Level 1:colcon.colcon_core.environment:checking '/home/samuelcruz/Lab_Robotica/ros2_ws/phantom_ws/src/install/phantomx_pincher_description' for CMake module files
[4.809s] Level 1:colcon.colcon_core.environment:checking '/home/samuelcruz/Lab_Robotica/ros2_ws/phantom_ws/src/install/phantomx_pincher_description' for CMake config files
[4.809s] Level 1:colcon.colcon_core.shell:create_environment_hook('phantomx_pincher_description', 'cmake_prefix_path')
[4.809s] INFO:colcon.colcon_core.shell:Creating environment hook '/home/samuelcruz/Lab_Robotica/ros2_ws/phantom_ws/src/install/phantomx_pincher_description/share/phantomx_pincher_description/hook/cmake_prefix_path.ps1'
[4.809s] INFO:colcon.colcon_core.shell:Creating environment descriptor '/home/samuelcruz/Lab_Robotica/ros2_ws/phantom_ws/src/install/phantomx_pincher_description/share/phantomx_pincher_description/hook/cmake_prefix_path.dsv'
[4.810s] INFO:colcon.colcon_core.shell:Creating environment hook '/home/samuelcruz/Lab_Robotica/ros2_ws/phantom_ws/src/install/phantomx_pincher_description/share/phantomx_pincher_description/hook/cmake_prefix_path.sh'
[4.810s] Level 1:colcon.colcon_core.environment:checking '/home/samuelcruz/Lab_Robotica/ros2_ws/phantom_ws/src/install/phantomx_pincher_description/lib'
[4.810s] Level 1:colcon.colcon_core.environment:checking '/home/samuelcruz/Lab_Robotica/ros2_ws/phantom_ws/src/install/phantomx_pincher_description/bin'
[4.810s] Level 1:colcon.colcon_core.environment:checking '/home/samuelcruz/Lab_Robotica/ros2_ws/phantom_ws/src/install/phantomx_pincher_description/lib/pkgconfig/phantomx_pincher_description.pc'
[4.810s] Level 1:colcon.colcon_core.environment:checking '/home/samuelcruz/Lab_Robotica/ros2_ws/phantom_ws/src/install/phantomx_pincher_description/lib/python3.10/site-packages'
[4.811s] Level 1:colcon.colcon_core.environment:checking '/home/samuelcruz/Lab_Robotica/ros2_ws/phantom_ws/src/install/phantomx_pincher_description/bin'
[4.815s] INFO:colcon.colcon_core.shell:Creating package script '/home/samuelcruz/Lab_Robotica/ros2_ws/phantom_ws/src/install/phantomx_pincher_description/share/phantomx_pincher_description/package.ps1'
[4.816s] INFO:colcon.colcon_core.shell:Creating package descriptor '/home/samuelcruz/Lab_Robotica/ros2_ws/phantom_ws/src/install/phantomx_pincher_description/share/phantomx_pincher_description/package.dsv'
[4.816s] INFO:colcon.colcon_core.shell:Creating package script '/home/samuelcruz/Lab_Robotica/ros2_ws/phantom_ws/src/install/phantomx_pincher_description/share/phantomx_pincher_description/package.sh'
[4.817s] INFO:colcon.colcon_core.shell:Creating package script '/home/samuelcruz/Lab_Robotica/ros2_ws/phantom_ws/src/install/phantomx_pincher_description/share/phantomx_pincher_description/package.bash'
[4.903s] INFO:colcon.colcon_core.shell:Creating package script '/home/samuelcruz/Lab_Robotica/ros2_ws/phantom_ws/src/install/phantomx_pincher_description/share/phantomx_pincher_description/package.zsh'
[4.904s] Level 1:colcon.colcon_core.environment:create_file_with_runtime_dependencies(/home/samuelcruz/Lab_Robotica/ros2_ws/phantom_ws/src/install/phantomx_pincher_description/share/colcon-core/packages/phantomx_pincher_description)
[4.904s] Level 1:colcon.colcon_core.environment:create_environment_scripts_only(phantomx_pincher_description)
[4.904s] Level 1:colcon.colcon_core.environment:checking '/home/samuelcruz/Lab_Robotica/ros2_ws/phantom_ws/src/install/phantomx_pincher_description' for CMake module files
[4.905s] Level 1:colcon.colcon_core.environment:checking '/home/samuelcruz/Lab_Robotica/ros2_ws/phantom_ws/src/install/phantomx_pincher_description' for CMake config files
[4.905s] Level 1:colcon.colcon_core.shell:create_environment_hook('phantomx_pincher_description', 'cmake_prefix_path')
[4.905s] INFO:colcon.colcon_core.shell:Creating environment hook '/home/samuelcruz/Lab_Robotica/ros2_ws/phantom_ws/src/install/phantomx_pincher_description/share/phantomx_pincher_description/hook/cmake_prefix_path.ps1'
[4.910s] DEBUG:colcon.colcon_core.event_handler.log_command:Invoked command in '/home/samuelcruz/Lab_Robotica/ros2_ws/phantom_ws/src/build/phantomx_pincher_description' returned '0': CMAKE_PREFIX_PATH=/opt/ros/humble /usr/bin/cmake --install /home/samuelcruz/Lab_Robotica/ros2_ws/phantom_ws/src/build/phantomx_pincher_description
[4.910s] INFO:colcon.colcon_core.shell:Creating environment descriptor '/home/samuelcruz/Lab_Robotica/ros2_ws/phantom_ws/src/install/phantomx_pincher_description/share/phantomx_pincher_description/hook/cmake_prefix_path.dsv'
[4.912s] INFO:colcon.colcon_core.shell:Creating environment hook '/home/samuelcruz/Lab_Robotica/ros2_ws/phantom_ws/src/install/phantomx_pincher_description/share/phantomx_pincher_description/hook/cmake_prefix_path.sh'
[4.916s] Level 1:colcon.colcon_core.environment:checking '/home/samuelcruz/Lab_Robotica/ros2_ws/phantom_ws/src/install/phantomx_pincher_description/lib'
[4.916s] Level 1:colcon.colcon_core.environment:checking '/home/samuelcruz/Lab_Robotica/ros2_ws/phantom_ws/src/install/phantomx_pincher_description/bin'
[4.916s] Level 1:colcon.colcon_core.environment:checking '/home/samuelcruz/Lab_Robotica/ros2_ws/phantom_ws/src/install/phantomx_pincher_description/lib/pkgconfig/phantomx_pincher_description.pc'
[4.917s] Level 1:colcon.colcon_core.environment:checking '/home/samuelcruz/Lab_Robotica/ros2_ws/phantom_ws/src/install/phantomx_pincher_description/lib/python3.10/site-packages'
[4.917s] Level 1:colcon.colcon_core.environment:checking '/home/samuelcruz/Lab_Robotica/ros2_ws/phantom_ws/src/install/phantomx_pincher_description/bin'
[4.917s] INFO:colcon.colcon_core.shell:Creating package script '/home/samuelcruz/Lab_Robotica/ros2_ws/phantom_ws/src/install/phantomx_pincher_description/share/phantomx_pincher_description/package.ps1'
[4.928s] INFO:colcon.colcon_core.shell:Creating package descriptor '/home/samuelcruz/Lab_Robotica/ros2_ws/phantom_ws/src/install/phantomx_pincher_description/share/phantomx_pincher_description/package.dsv'
[4.932s] INFO:colcon.colcon_core.shell:Creating package script '/home/samuelcruz/Lab_Robotica/ros2_ws/phantom_ws/src/install/phantomx_pincher_description/share/phantomx_pincher_description/package.sh'
[4.939s] INFO:colcon.colcon_core.shell:Creating package script '/home/samuelcruz/Lab_Robotica/ros2_ws/phantom_ws/src/install/phantomx_pincher_description/share/phantomx_pincher_description/package.bash'
[4.940s] INFO:colcon.colcon_core.shell:Creating package script '/home/samuelcruz/Lab_Robotica/ros2_ws/phantom_ws/src/install/phantomx_pincher_description/share/phantomx_pincher_description/package.zsh'
[4.946s] Level 1:colcon.colcon_core.environment:create_file_with_runtime_dependencies(/home/samuelcruz/Lab_Robotica/ros2_ws/phantom_ws/src/install/phantomx_pincher_description/share/colcon-core/packages/phantomx_pincher_description)
[4.957s] INFO:colcon.colcon_ros.task.ament_cmake.build:Building ROS package in '/home/samuelcruz/Lab_Robotica/ros2_ws/phantom_ws/src/phantomx_pincher/phantomx_pincher_moveit_config' with build type 'ament_cmake'
[4.957s] INFO:colcon.colcon_cmake.task.cmake.build:Building CMake package in '/home/samuelcruz/Lab_Robotica/ros2_ws/phantom_ws/src/phantomx_pincher/phantomx_pincher_moveit_config'
[4.957s] INFO:colcon.colcon_core.shell:Skip shell extension 'powershell' for command environment: Not usable outside of PowerShell
[4.957s] DEBUG:colcon.colcon_core.shell:Skip shell extension 'dsv' for command environment
[5.000s] DEBUG:colcon.colcon_core.event_handler.log_command:Invoking command in '/home/samuelcruz/Lab_Robotica/ros2_ws/phantom_ws/src/build/phantomx_pincher_moveit_config': AMENT_PREFIX_PATH=/home/samuelcruz/Lab_Robotica/ros2_ws/phantom_ws/src/install/phantomx_pincher_description:${AMENT_PREFIX_PATH} CMAKE_PREFIX_PATH=/home/samuelcruz/Lab_Robotica/ros2_ws/phantom_ws/src/install/phantomx_pincher_description:/opt/ros/humble IGN_GAZEBO_RESOURCE_PATH=/home/samuelcruz/Lab_Robotica/ros2_ws/phantom_ws/src/install/phantomx_pincher_description/share/phantomx_pincher_description /usr/bin/cmake /home/samuelcruz/Lab_Robotica/ros2_ws/phantom_ws/src/phantomx_pincher/phantomx_pincher_moveit_config -DCMAKE_INSTALL_PREFIX=/home/samuelcruz/Lab_Robotica/ros2_ws/phantom_ws/src/install/phantomx_pincher_moveit_config
[5.111s] Level 1:colcon.colcon_core.environment:checking '/home/samuelcruz/Lab_Robotica/ros2_ws/phantom_ws/src/install/pincher_control' for CMake module files
[5.112s] Level 1:colcon.colcon_core.environment:checking '/home/samuelcruz/Lab_Robotica/ros2_ws/phantom_ws/src/install/pincher_control' for CMake config files
[5.112s] Level 1:colcon.colcon_core.environment:checking '/home/samuelcruz/Lab_Robotica/ros2_ws/phantom_ws/src/install/pincher_control/lib'
[5.112s] Level 1:colcon.colcon_core.environment:checking '/home/samuelcruz/Lab_Robotica/ros2_ws/phantom_ws/src/install/pincher_control/bin'
[5.113s] Level 1:colcon.colcon_core.environment:checking '/home/samuelcruz/Lab_Robotica/ros2_ws/phantom_ws/src/install/pincher_control/lib/pkgconfig/pincher_control.pc'
[5.113s] Level 1:colcon.colcon_core.environment:checking '/home/samuelcruz/Lab_Robotica/ros2_ws/phantom_ws/src/install/pincher_control/lib/python3.10/site-packages'
[5.113s] Level 1:colcon.colcon_core.shell:create_environment_hook('pincher_control', 'pythonpath')
[5.113s] INFO:colcon.colcon_core.shell:Creating environment hook '/home/samuelcruz/Lab_Robotica/ros2_ws/phantom_ws/src/install/pincher_control/share/pincher_control/hook/pythonpath.ps1'
[5.114s] INFO:colcon.colcon_core.shell:Creating environment descriptor '/home/samuelcruz/Lab_Robotica/ros2_ws/phantom_ws/src/install/pincher_control/share/pincher_control/hook/pythonpath.dsv'
[5.114s] INFO:colcon.colcon_core.shell:Creating environment hook '/home/samuelcruz/Lab_Robotica/ros2_ws/phantom_ws/src/install/pincher_control/share/pincher_control/hook/pythonpath.sh'
[5.115s] Level 1:colcon.colcon_core.environment:checking '/home/samuelcruz/Lab_Robotica/ros2_ws/phantom_ws/src/install/pincher_control/bin'
[5.115s] Level 1:colcon.colcon_core.environment:create_environment_scripts_only(pincher_control)
[5.115s] INFO:colcon.colcon_core.shell:Creating package script '/home/samuelcruz/Lab_Robotica/ros2_ws/phantom_ws/src/install/pincher_control/share/pincher_control/package.ps1'
[5.116s] INFO:colcon.colcon_core.shell:Creating package descriptor '/home/samuelcruz/Lab_Robotica/ros2_ws/phantom_ws/src/install/pincher_control/share/pincher_control/package.dsv'
[5.123s] DEBUG:colcon.colcon_core.event_handler.log_command:Invoked command in '/home/samuelcruz/Lab_Robotica/ros2_ws/phantom_ws/src/pincher_control' returned '0': PYTHONPATH=/home/samuelcruz/Lab_Robotica/ros2_ws/phantom_ws/src/build/pincher_control/prefix_override:/usr/lib/python3/dist-packages/colcon_core/task/python/colcon_distutils_commands:/home/samuelcruz/Lab_Robotica/ros2_ws/phantom_ws/src/install/pincher_control/lib/python3.10/site-packages:${PYTHONPATH} /usr/bin/python3 -W ignore:setup.py install is deprecated -W ignore:easy_install command is deprecated setup.py egg_info --egg-base ../build/pincher_control build --build-base /home/samuelcruz/Lab_Robotica/ros2_ws/phantom_ws/src/build/pincher_control/build install --record /home/samuelcruz/Lab_Robotica/ros2_ws/phantom_ws/src/build/pincher_control/install.log --single-version-externally-managed install_data
[5.124s] INFO:colcon.colcon_core.shell:Creating package script '/home/samuelcruz/Lab_Robotica/ros2_ws/phantom_ws/src/install/pincher_control/share/pincher_control/package.sh'
[5.129s] INFO:colcon.colcon_core.shell:Creating package script '/home/samuelcruz/Lab_Robotica/ros2_ws/phantom_ws/src/install/pincher_control/share/pincher_control/package.bash'
[5.130s] INFO:colcon.colcon_core.shell:Creating package script '/home/samuelcruz/Lab_Robotica/ros2_ws/phantom_ws/src/install/pincher_control/share/pincher_control/package.zsh'
[5.140s] Level 1:colcon.colcon_core.environment:create_file_with_runtime_dependencies(/home/samuelcruz/Lab_Robotica/ros2_ws/phantom_ws/src/install/pincher_control/share/colcon-core/packages/pincher_control)
[6.165s] DEBUG:colcon.colcon_core.event_handler.log_command:Invoked command in '/home/samuelcruz/Lab_Robotica/ros2_ws/phantom_ws/src/build/phantomx_pincher_moveit_config' returned '0': AMENT_PREFIX_PATH=/home/samuelcruz/Lab_Robotica/ros2_ws/phantom_ws/src/install/phantomx_pincher_description:${AMENT_PREFIX_PATH} CMAKE_PREFIX_PATH=/home/samuelcruz/Lab_Robotica/ros2_ws/phantom_ws/src/install/phantomx_pincher_description:/opt/ros/humble IGN_GAZEBO_RESOURCE_PATH=/home/samuelcruz/Lab_Robotica/ros2_ws/phantom_ws/src/install/phantomx_pincher_description/share/phantomx_pincher_description /usr/bin/cmake /home/samuelcruz/Lab_Robotica/ros2_ws/phantom_ws/src/phantomx_pincher/phantomx_pincher_moveit_config -DCMAKE_INSTALL_PREFIX=/home/samuelcruz/Lab_Robotica/ros2_ws/phantom_ws/src/install/phantomx_pincher_moveit_config
[6.166s] DEBUG:colcon.colcon_core.event_handler.log_command:Invoking command in '/home/samuelcruz/Lab_Robotica/ros2_ws/phantom_ws/src/build/phantomx_pincher_moveit_config': AMENT_PREFIX_PATH=/home/samuelcruz/Lab_Robotica/ros2_ws/phantom_ws/src/install/phantomx_pincher_description:${AMENT_PREFIX_PATH} CMAKE_PREFIX_PATH=/home/samuelcruz/Lab_Robotica/ros2_ws/phantom_ws/src/install/phantomx_pincher_description:/opt/ros/humble IGN_GAZEBO_RESOURCE_PATH=/home/samuelcruz/Lab_Robotica/ros2_ws/phantom_ws/src/install/phantomx_pincher_description/share/phantomx_pincher_description /usr/bin/cmake --build /home/samuelcruz/Lab_Robotica/ros2_ws/phantom_ws/src/build/phantomx_pincher_moveit_config -- -j2 -l2
[6.323s] DEBUG:colcon.colcon_core.event_handler.log_command:Invoked command in '/home/samuelcruz/Lab_Robotica/ros2_ws/phantom_ws/src/build/phantomx_pincher_moveit_config' returned '0': AMENT_PREFIX_PATH=/home/samuelcruz/Lab_Robotica/ros2_ws/phantom_ws/src/install/phantomx_pincher_description:${AMENT_PREFIX_PATH} CMAKE_PREFIX_PATH=/home/samuelcruz/Lab_Robotica/ros2_ws/phantom_ws/src/install/phantomx_pincher_description:/opt/ros/humble IGN_GAZEBO_RESOURCE_PATH=/home/samuelcruz/Lab_Robotica/ros2_ws/phantom_ws/src/install/phantomx_pincher_description/share/phantomx_pincher_description /usr/bin/cmake --build /home/samuelcruz/Lab_Robotica/ros2_ws/phantom_ws/src/build/phantomx_pincher_moveit_config -- -j2 -l2
[6.324s] DEBUG:colcon.colcon_core.event_handler.log_command:Invoking command in '/home/samuelcruz/Lab_Robotica/ros2_ws/phantom_ws/src/build/phantomx_pincher_moveit_config': AMENT_PREFIX_PATH=/home/samuelcruz/Lab_Robotica/ros2_ws/phantom_ws/src/install/phantomx_pincher_description:${AMENT_PREFIX_PATH} CMAKE_PREFIX_PATH=/home/samuelcruz/Lab_Robotica/ros2_ws/phantom_ws/src/install/phantomx_pincher_description:/opt/ros/humble IGN_GAZEBO_RESOURCE_PATH=/home/samuelcruz/Lab_Robotica/ros2_ws/phantom_ws/src/install/phantomx_pincher_description/share/phantomx_pincher_description /usr/bin/cmake --install /home/samuelcruz/Lab_Robotica/ros2_ws/phantom_ws/src/build/phantomx_pincher_moveit_config
[6.411s] Level 1:colcon.colcon_core.environment:create_environment_scripts_only(phantomx_pincher_moveit_config)
[6.411s] Level 1:colcon.colcon_core.environment:checking '/home/samuelcruz/Lab_Robotica/ros2_ws/phantom_ws/src/install/phantomx_pincher_moveit_config' for CMake module files
[6.412s] DEBUG:colcon.colcon_core.event_handler.log_command:Invoked command in '/home/samuelcruz/Lab_Robotica/ros2_ws/phantom_ws/src/build/phantomx_pincher_moveit_config' returned '0': AMENT_PREFIX_PATH=/home/samuelcruz/Lab_Robotica/ros2_ws/phantom_ws/src/install/phantomx_pincher_description:${AMENT_PREFIX_PATH} CMAKE_PREFIX_PATH=/home/samuelcruz/Lab_Robotica/ros2_ws/phantom_ws/src/install/phantomx_pincher_description:/opt/ros/humble IGN_GAZEBO_RESOURCE_PATH=/home/samuelcruz/Lab_Robotica/ros2_ws/phantom_ws/src/install/phantomx_pincher_description/share/phantomx_pincher_description /usr/bin/cmake --install /home/samuelcruz/Lab_Robotica/ros2_ws/phantom_ws/src/build/phantomx_pincher_moveit_config
[6.413s] Level 1:colcon.colcon_core.environment:checking '/home/samuelcruz/Lab_Robotica/ros2_ws/phantom_ws/src/install/phantomx_pincher_moveit_config' for CMake config files
[6.413s] Level 1:colcon.colcon_core.shell:create_environment_hook('phantomx_pincher_moveit_config', 'cmake_prefix_path')
[6.413s] INFO:colcon.colcon_core.shell:Creating environment hook '/home/samuelcruz/Lab_Robotica/ros2_ws/phantom_ws/src/install/phantomx_pincher_moveit_config/share/phantomx_pincher_moveit_config/hook/cmake_prefix_path.ps1'
[6.413s] INFO:colcon.colcon_core.shell:Creating environment descriptor '/home/samuelcruz/Lab_Robotica/ros2_ws/phantom_ws/src/install/phantomx_pincher_moveit_config/share/phantomx_pincher_moveit_config/hook/cmake_prefix_path.dsv'
[6.414s] INFO:colcon.colcon_core.shell:Creating environment hook '/home/samuelcruz/Lab_Robotica/ros2_ws/phantom_ws/src/install/phantomx_pincher_moveit_config/share/phantomx_pincher_moveit_config/hook/cmake_prefix_path.sh'
[6.414s] Level 1:colcon.colcon_core.environment:checking '/home/samuelcruz/Lab_Robotica/ros2_ws/phantom_ws/src/install/phantomx_pincher_moveit_config/bin'
[6.414s] Level 1:colcon.colcon_core.environment:checking '/home/samuelcruz/Lab_Robotica/ros2_ws/phantom_ws/src/install/phantomx_pincher_moveit_config/lib/pkgconfig/phantomx_pincher_moveit_config.pc'
[6.414s] Level 1:colcon.colcon_core.environment:checking '/home/samuelcruz/Lab_Robotica/ros2_ws/phantom_ws/src/install/phantomx_pincher_moveit_config/lib/python3.10/site-packages'
[6.415s] Level 1:colcon.colcon_core.environment:checking '/home/samuelcruz/Lab_Robotica/ros2_ws/phantom_ws/src/install/phantomx_pincher_moveit_config/bin'
[6.415s] INFO:colcon.colcon_core.shell:Creating package script '/home/samuelcruz/Lab_Robotica/ros2_ws/phantom_ws/src/install/phantomx_pincher_moveit_config/share/phantomx_pincher_moveit_config/package.ps1'
[6.415s] INFO:colcon.colcon_core.shell:Creating package descriptor '/home/samuelcruz/Lab_Robotica/ros2_ws/phantom_ws/src/install/phantomx_pincher_moveit_config/share/phantomx_pincher_moveit_config/package.dsv'
[6.416s] INFO:colcon.colcon_core.shell:Creating package script '/home/samuelcruz/Lab_Robotica/ros2_ws/phantom_ws/src/install/phantomx_pincher_moveit_config/share/phantomx_pincher_moveit_config/package.sh'
[6.417s] INFO:colcon.colcon_core.shell:Creating package script '/home/samuelcruz/Lab_Robotica/ros2_ws/phantom_ws/src/install/phantomx_pincher_moveit_config/share/phantomx_pincher_moveit_config/package.bash'
[6.417s] INFO:colcon.colcon_core.shell:Creating package script '/home/samuelcruz/Lab_Robotica/ros2_ws/phantom_ws/src/install/phantomx_pincher_moveit_config/share/phantomx_pincher_moveit_config/package.zsh'
[6.417s] Level 1:colcon.colcon_core.environment:create_file_with_runtime_dependencies(/home/samuelcruz/Lab_Robotica/ros2_ws/phantom_ws/src/install/phantomx_pincher_moveit_config/share/colcon-core/packages/phantomx_pincher_moveit_config)
[6.418s] Level 1:colcon.colcon_core.environment:create_environment_scripts_only(phantomx_pincher_moveit_config)
[6.418s] Level 1:colcon.colcon_core.environment:checking '/home/samuelcruz/Lab_Robotica/ros2_ws/phantom_ws/src/install/phantomx_pincher_moveit_config' for CMake module files
[6.418s] Level 1:colcon.colcon_core.environment:checking '/home/samuelcruz/Lab_Robotica/ros2_ws/phantom_ws/src/install/phantomx_pincher_moveit_config' for CMake config files
[6.419s] Level 1:colcon.colcon_core.shell:create_environment_hook('phantomx_pincher_moveit_config', 'cmake_prefix_path')
[6.419s] INFO:colcon.colcon_core.shell:Creating environment hook '/home/samuelcruz/Lab_Robotica/ros2_ws/phantom_ws/src/install/phantomx_pincher_moveit_config/share/phantomx_pincher_moveit_config/hook/cmake_prefix_path.ps1'
[6.423s] INFO:colcon.colcon_core.shell:Creating environment descriptor '/home/samuelcruz/Lab_Robotica/ros2_ws/phantom_ws/src/install/phantomx_pincher_moveit_config/share/phantomx_pincher_moveit_config/hook/cmake_prefix_path.dsv'
[6.423s] INFO:colcon.colcon_core.shell:Creating environment hook '/home/samuelcruz/Lab_Robotica/ros2_ws/phantom_ws/src/install/phantomx_pincher_moveit_config/share/phantomx_pincher_moveit_config/hook/cmake_prefix_path.sh'
[6.426s] Level 1:colcon.colcon_core.environment:checking '/home/samuelcruz/Lab_Robotica/ros2_ws/phantom_ws/src/install/phantomx_pincher_moveit_config/bin'
[6.426s] Level 1:colcon.colcon_core.environment:checking '/home/samuelcruz/Lab_Robotica/ros2_ws/phantom_ws/src/install/phantomx_pincher_moveit_config/lib/pkgconfig/phantomx_pincher_moveit_config.pc'
[6.427s] Level 1:colcon.colcon_core.environment:checking '/home/samuelcruz/Lab_Robotica/ros2_ws/phantom_ws/src/install/phantomx_pincher_moveit_config/lib/python3.10/site-packages'
[6.427s] Level 1:colcon.colcon_core.environment:checking '/home/samuelcruz/Lab_Robotica/ros2_ws/phantom_ws/src/install/phantomx_pincher_moveit_config/bin'
[6.427s] INFO:colcon.colcon_core.shell:Creating package script '/home/samuelcruz/Lab_Robotica/ros2_ws/phantom_ws/src/install/phantomx_pincher_moveit_config/share/phantomx_pincher_moveit_config/package.ps1'
[6.428s] INFO:colcon.colcon_core.shell:Creating package descriptor '/home/samuelcruz/Lab_Robotica/ros2_ws/phantom_ws/src/install/phantomx_pincher_moveit_config/share/phantomx_pincher_moveit_config/package.dsv'
[6.432s] INFO:colcon.colcon_core.shell:Creating package script '/home/samuelcruz/Lab_Robotica/ros2_ws/phantom_ws/src/install/phantomx_pincher_moveit_config/share/phantomx_pincher_moveit_config/package.sh'
[6.433s] INFO:colcon.colcon_core.shell:Creating package script '/home/samuelcruz/Lab_Robotica/ros2_ws/phantom_ws/src/install/phantomx_pincher_moveit_config/share/phantomx_pincher_moveit_config/package.bash'
[6.436s] INFO:colcon.colcon_core.shell:Creating package script '/home/samuelcruz/Lab_Robotica/ros2_ws/phantom_ws/src/install/phantomx_pincher_moveit_config/share/phantomx_pincher_moveit_config/package.zsh'
[6.438s] Level 1:colcon.colcon_core.environment:create_file_with_runtime_dependencies(/home/samuelcruz/Lab_Robotica/ros2_ws/phantom_ws/src/install/phantomx_pincher_moveit_config/share/colcon-core/packages/phantomx_pincher_moveit_config)
[6.439s] INFO:colcon.colcon_ros.task.ament_cmake.build:Building ROS package in '/home/samuelcruz/Lab_Robotica/ros2_ws/phantom_ws/src/phantomx_pincher/phantomx_pincher' with build type 'ament_cmake'
[6.440s] INFO:colcon.colcon_cmake.task.cmake.build:Building CMake package in '/home/samuelcruz/Lab_Robotica/ros2_ws/phantom_ws/src/phantomx_pincher/phantomx_pincher'
[6.440s] INFO:colcon.colcon_core.shell:Skip shell extension 'powershell' for command environment: Not usable outside of PowerShell
[6.440s] DEBUG:colcon.colcon_core.shell:Skip shell extension 'dsv' for command environment
[6.477s] DEBUG:colcon.colcon_core.event_handler.log_command:Invoking command in '/home/samuelcruz/Lab_Robotica/ros2_ws/phantom_ws/src/build/phantomx_pincher': AMENT_PREFIX_PATH=/home/samuelcruz/Lab_Robotica/ros2_ws/phantom_ws/src/install/phantomx_pincher_moveit_config:/home/samuelcruz/Lab_Robotica/ros2_ws/phantom_ws/src/install/phantomx_pincher_description:${AMENT_PREFIX_PATH} CMAKE_PREFIX_PATH=/home/samuelcruz/Lab_Robotica/ros2_ws/phantom_ws/src/install/phantomx_pincher_moveit_config:/home/samuelcruz/Lab_Robotica/ros2_ws/phantom_ws/src/install/phantomx_pincher_description:/opt/ros/humble IGN_GAZEBO_RESOURCE_PATH=/home/samuelcruz/Lab_Robotica/ros2_ws/phantom_ws/src/install/phantomx_pincher_description/share/phantomx_pincher_description /usr/bin/cmake /home/samuelcruz/Lab_Robotica/ros2_ws/phantom_ws/src/phantomx_pincher/phantomx_pincher -DCMAKE_INSTALL_PREFIX=/home/samuelcruz/Lab_Robotica/ros2_ws/phantom_ws/src/install/phantomx_pincher
[9.387s] DEBUG:colcon.colcon_core.event_handler.log_command:Invoked command in '/home/samuelcruz/Lab_Robotica/ros2_ws/phantom_ws/src/build/phantomx_pincher' returned '0': AMENT_PREFIX_PATH=/home/samuelcruz/Lab_Robotica/ros2_ws/phantom_ws/src/install/phantomx_pincher_moveit_config:/home/samuelcruz/Lab_Robotica/ros2_ws/phantom_ws/src/install/phantomx_pincher_description:${AMENT_PREFIX_PATH} CMAKE_PREFIX_PATH=/home/samuelcruz/Lab_Robotica/ros2_ws/phantom_ws/src/install/phantomx_pincher_moveit_config:/home/samuelcruz/Lab_Robotica/ros2_ws/phantom_ws/src/install/phantomx_pincher_description:/opt/ros/humble IGN_GAZEBO_RESOURCE_PATH=/home/samuelcruz/Lab_Robotica/ros2_ws/phantom_ws/src/install/phantomx_pincher_description/share/phantomx_pincher_description /usr/bin/cmake /home/samuelcruz/Lab_Robotica/ros2_ws/phantom_ws/src/phantomx_pincher/phantomx_pincher -DCMAKE_INSTALL_PREFIX=/home/samuelcruz/Lab_Robotica/ros2_ws/phantom_ws/src/install/phantomx_pincher
[9.389s] DEBUG:colcon.colcon_core.event_handler.log_command:Invoking command in '/home/samuelcruz/Lab_Robotica/ros2_ws/phantom_ws/src/build/phantomx_pincher': AMENT_PREFIX_PATH=/home/samuelcruz/Lab_Robotica/ros2_ws/phantom_ws/src/install/phantomx_pincher_moveit_config:/home/samuelcruz/Lab_Robotica/ros2_ws/phantom_ws/src/install/phantomx_pincher_description:${AMENT_PREFIX_PATH} CMAKE_PREFIX_PATH=/home/samuelcruz/Lab_Robotica/ros2_ws/phantom_ws/src/install/phantomx_pincher_moveit_config:/home/samuelcruz/Lab_Robotica/ros2_ws/phantom_ws/src/install/phantomx_pincher_description:/opt/ros/humble IGN_GAZEBO_RESOURCE_PATH=/home/samuelcruz/Lab_Robotica/ros2_ws/phantom_ws/src/install/phantomx_pincher_description/share/phantomx_pincher_description /usr/bin/cmake --build /home/samuelcruz/Lab_Robotica/ros2_ws/phantom_ws/src/build/phantomx_pincher -- -j2 -l2
[9.509s] DEBUG:colcon.colcon_core.event_handler.log_command:Invoked command in '/home/samuelcruz/Lab_Robotica/ros2_ws/phantom_ws/src/build/phantomx_pincher' returned '0': AMENT_PREFIX_PATH=/home/samuelcruz/Lab_Robotica/ros2_ws/phantom_ws/src/install/phantomx_pincher_moveit_config:/home/samuelcruz/Lab_Robotica/ros2_ws/phantom_ws/src/install/phantomx_pincher_description:${AMENT_PREFIX_PATH} CMAKE_PREFIX_PATH=/home/samuelcruz/Lab_Robotica/ros2_ws/phantom_ws/src/install/phantomx_pincher_moveit_config:/home/samuelcruz/Lab_Robotica/ros2_ws/phantom_ws/src/install/phantomx_pincher_description:/opt/ros/humble IGN_GAZEBO_RESOURCE_PATH=/home/samuelcruz/Lab_Robotica/ros2_ws/phantom_ws/src/install/phantomx_pincher_description/share/phantomx_pincher_description /usr/bin/cmake --build /home/samuelcruz/Lab_Robotica/ros2_ws/phantom_ws/src/build/phantomx_pincher -- -j2 -l2
[9.509s] DEBUG:colcon.colcon_core.event_handler.log_command:Invoking command in '/home/samuelcruz/Lab_Robotica/ros2_ws/phantom_ws/src/build/phantomx_pincher': AMENT_PREFIX_PATH=/home/samuelcruz/Lab_Robotica/ros2_ws/phantom_ws/src/install/phantomx_pincher_moveit_config:/home/samuelcruz/Lab_Robotica/ros2_ws/phantom_ws/src/install/phantomx_pincher_description:${AMENT_PREFIX_PATH} CMAKE_PREFIX_PATH=/home/samuelcruz/Lab_Robotica/ros2_ws/phantom_ws/src/install/phantomx_pincher_moveit_config:/home/samuelcruz/Lab_Robotica/ros2_ws/phantom_ws/src/install/phantomx_pincher_description:/opt/ros/humble IGN_GAZEBO_RESOURCE_PATH=/home/samuelcruz/Lab_Robotica/ros2_ws/phantom_ws/src/install/phantomx_pincher_description/share/phantomx_pincher_description /usr/bin/cmake --install /home/samuelcruz/Lab_Robotica/ros2_ws/phantom_ws/src/build/phantomx_pincher
[9.543s] Level 1:colcon.colcon_core.environment:create_environment_scripts_only(phantomx_pincher)
[9.543s] Level 1:colcon.colcon_core.environment:checking '/home/samuelcruz/Lab_Robotica/ros2_ws/phantom_ws/src/install/phantomx_pincher' for CMake module files
[9.544s] Level 1:colcon.colcon_core.environment:checking '/home/samuelcruz/Lab_Robotica/ros2_ws/phantom_ws/src/install/phantomx_pincher' for CMake config files
[9.544s] Level 1:colcon.colcon_core.shell:create_environment_hook('phantomx_pincher', 'cmake_prefix_path')
[9.544s] INFO:colcon.colcon_core.shell:Creating environment hook '/home/samuelcruz/Lab_Robotica/ros2_ws/phantom_ws/src/install/phantomx_pincher/share/phantomx_pincher/hook/cmake_prefix_path.ps1'
[9.545s] INFO:colcon.colcon_core.shell:Creating environment descriptor '/home/samuelcruz/Lab_Robotica/ros2_ws/phantom_ws/src/install/phantomx_pincher/share/phantomx_pincher/hook/cmake_prefix_path.dsv'
[9.545s] DEBUG:colcon.colcon_core.event_handler.log_command:Invoked command in '/home/samuelcruz/Lab_Robotica/ros2_ws/phantom_ws/src/build/phantomx_pincher' returned '0': AMENT_PREFIX_PATH=/home/samuelcruz/Lab_Robotica/ros2_ws/phantom_ws/src/install/phantomx_pincher_moveit_config:/home/samuelcruz/Lab_Robotica/ros2_ws/phantom_ws/src/install/phantomx_pincher_description:${AMENT_PREFIX_PATH} CMAKE_PREFIX_PATH=/home/samuelcruz/Lab_Robotica/ros2_ws/phantom_ws/src/install/phantomx_pincher_moveit_config:/home/samuelcruz/Lab_Robotica/ros2_ws/phantom_ws/src/install/phantomx_pincher_description:/opt/ros/humble IGN_GAZEBO_RESOURCE_PATH=/home/samuelcruz/Lab_Robotica/ros2_ws/phantom_ws/src/install/phantomx_pincher_description/share/phantomx_pincher_description /usr/bin/cmake --install /home/samuelcruz/Lab_Robotica/ros2_ws/phantom_ws/src/build/phantomx_pincher
[9.547s] INFO:colcon.colcon_core.shell:Creating environment hook '/home/samuelcruz/Lab_Robotica/ros2_ws/phantom_ws/src/install/phantomx_pincher/share/phantomx_pincher/hook/cmake_prefix_path.sh'
[9.547s] Level 1:colcon.colcon_core.environment:checking '/home/samuelcruz/Lab_Robotica/ros2_ws/phantom_ws/src/install/phantomx_pincher/bin'
[9.547s] Level 1:colcon.colcon_core.environment:checking '/home/samuelcruz/Lab_Robotica/ros2_ws/phantom_ws/src/install/phantomx_pincher/lib/pkgconfig/phantomx_pincher.pc'
[9.548s] Level 1:colcon.colcon_core.environment:checking '/home/samuelcruz/Lab_Robotica/ros2_ws/phantom_ws/src/install/phantomx_pincher/lib/python3.10/site-packages'
[9.548s] Level 1:colcon.colcon_core.environment:checking '/home/samuelcruz/Lab_Robotica/ros2_ws/phantom_ws/src/install/phantomx_pincher/bin'
[9.548s] INFO:colcon.colcon_core.shell:Creating package script '/home/samuelcruz/Lab_Robotica/ros2_ws/phantom_ws/src/install/phantomx_pincher/share/phantomx_pincher/package.ps1'
[9.549s] INFO:colcon.colcon_core.shell:Creating package descriptor '/home/samuelcruz/Lab_Robotica/ros2_ws/phantom_ws/src/install/phantomx_pincher/share/phantomx_pincher/package.dsv'
[9.549s] INFO:colcon.colcon_core.shell:Creating package script '/home/samuelcruz/Lab_Robotica/ros2_ws/phantom_ws/src/install/phantomx_pincher/share/phantomx_pincher/package.sh'
[9.550s] INFO:colcon.colcon_core.shell:Creating package script '/home/samuelcruz/Lab_Robotica/ros2_ws/phantom_ws/src/install/phantomx_pincher/share/phantomx_pincher/package.bash'
[9.551s] INFO:colcon.colcon_core.shell:Creating package script '/home/samuelcruz/Lab_Robotica/ros2_ws/phantom_ws/src/install/phantomx_pincher/share/phantomx_pincher/package.zsh'
[9.551s] Level 1:colcon.colcon_core.environment:create_file_with_runtime_dependencies(/home/samuelcruz/Lab_Robotica/ros2_ws/phantom_ws/src/install/phantomx_pincher/share/colcon-core/packages/phantomx_pincher)
[9.551s] Level 1:colcon.colcon_core.environment:create_environment_scripts_only(phantomx_pincher)
[9.552s] Level 1:colcon.colcon_core.environment:checking '/home/samuelcruz/Lab_Robotica/ros2_ws/phantom_ws/src/install/phantomx_pincher' for CMake module files
[9.560s] Level 1:colcon.colcon_core.environment:checking '/home/samuelcruz/Lab_Robotica/ros2_ws/phantom_ws/src/install/phantomx_pincher' for CMake config files
[9.561s] Level 1:colcon.colcon_core.shell:create_environment_hook('phantomx_pincher', 'cmake_prefix_path')
[9.561s] INFO:colcon.colcon_core.shell:Creating environment hook '/home/samuelcruz/Lab_Robotica/ros2_ws/phantom_ws/src/install/phantomx_pincher/share/phantomx_pincher/hook/cmake_prefix_path.ps1'
[9.562s] INFO:colcon.colcon_core.shell:Creating environment descriptor '/home/samuelcruz/Lab_Robotica/ros2_ws/phantom_ws/src/install/phantomx_pincher/share/phantomx_pincher/hook/cmake_prefix_path.dsv'
[9.564s] INFO:colcon.colcon_core.shell:Creating environment hook '/home/samuelcruz/Lab_Robotica/ros2_ws/phantom_ws/src/install/phantomx_pincher/share/phantomx_pincher/hook/cmake_prefix_path.sh'
[9.566s] Level 1:colcon.colcon_core.environment:checking '/home/samuelcruz/Lab_Robotica/ros2_ws/phantom_ws/src/install/phantomx_pincher/bin'
[9.566s] Level 1:colcon.colcon_core.environment:checking '/home/samuelcruz/Lab_Robotica/ros2_ws/phantom_ws/src/install/phantomx_pincher/lib/pkgconfig/phantomx_pincher.pc'
[9.567s] Level 1:colcon.colcon_core.environment:checking '/home/samuelcruz/Lab_Robotica/ros2_ws/phantom_ws/src/install/phantomx_pincher/lib/python3.10/site-packages'
[9.567s] Level 1:colcon.colcon_core.environment:checking '/home/samuelcruz/Lab_Robotica/ros2_ws/phantom_ws/src/install/phantomx_pincher/bin'
[9.567s] INFO:colcon.colcon_core.shell:Creating package script '/home/samuelcruz/Lab_Robotica/ros2_ws/phantom_ws/src/install/phantomx_pincher/share/phantomx_pincher/package.ps1'
[9.569s] INFO:colcon.colcon_core.shell:Creating package descriptor '/home/samuelcruz/Lab_Robotica/ros2_ws/phantom_ws/src/install/phantomx_pincher/share/phantomx_pincher/package.dsv'
[9.576s] INFO:colcon.colcon_core.shell:Creating package script '/home/samuelcruz/Lab_Robotica/ros2_ws/phantom_ws/src/install/phantomx_pincher/share/phantomx_pincher/package.sh'
[9.577s] INFO:colcon.colcon_core.shell:Creating package script '/home/samuelcruz/Lab_Robotica/ros2_ws/phantom_ws/src/install/phantomx_pincher/share/phantomx_pincher/package.bash'
[9.577s] INFO:colcon.colcon_core.shell:Creating package script '/home/samuelcruz/Lab_Robotica/ros2_ws/phantom_ws/src/install/phantomx_pincher/share/phantomx_pincher/package.zsh'
[9.581s] Level 1:colcon.colcon_core.environment:create_file_with_runtime_dependencies(/home/samuelcruz/Lab_Robotica/ros2_ws/phantom_ws/src/install/phantomx_pincher/share/colcon-core/packages/phantomx_pincher)
[9.582s] INFO:colcon.colcon_ros.task.ament_cmake.build:Building ROS package in '/home/samuelcruz/Lab_Robotica/ros2_ws/phantom_ws/src/phantomx_pincher/phantomx_pincher_demos' with build type 'ament_cmake'
[9.583s] INFO:colcon.colcon_cmake.task.cmake.build:Building CMake package in '/home/samuelcruz/Lab_Robotica/ros2_ws/phantom_ws/src/phantomx_pincher/phantomx_pincher_demos'
[9.583s] INFO:colcon.colcon_core.shell:Skip shell extension 'powershell' for command environment: Not usable outside of PowerShell
[9.583s] DEBUG:colcon.colcon_core.shell:Skip shell extension 'dsv' for command environment
[9.611s] DEBUG:colcon.colcon_core.event_handler.log_command:Invoking command in '/home/samuelcruz/Lab_Robotica/ros2_ws/phantom_ws/src/build/phantomx_pincher_demos': AMENT_PREFIX_PATH=/home/samuelcruz/Lab_Robotica/ros2_ws/phantom_ws/src/install/phantomx_pincher:/home/samuelcruz/Lab_Robotica/ros2_ws/phantom_ws/src/install/phantomx_pincher_moveit_config:/home/samuelcruz/Lab_Robotica/ros2_ws/phantom_ws/src/install/phantomx_pincher_description:${AMENT_PREFIX_PATH} CMAKE_PREFIX_PATH=/home/samuelcruz/Lab_Robotica/ros2_ws/phantom_ws/src/install/phantomx_pincher:/home/samuelcruz/Lab_Robotica/ros2_ws/phantom_ws/src/install/phantomx_pincher_moveit_config:/home/samuelcruz/Lab_Robotica/ros2_ws/phantom_ws/src/install/phantomx_pincher_description:/opt/ros/humble IGN_GAZEBO_RESOURCE_PATH=/home/samuelcruz/Lab_Robotica/ros2_ws/phantom_ws/src/install/phantomx_pincher_description/share/phantomx_pincher_description /usr/bin/cmake /home/samuelcruz/Lab_Robotica/ros2_ws/phantom_ws/src/phantomx_pincher/phantomx_pincher_demos -DCMAKE_INSTALL_PREFIX=/home/samuelcruz/Lab_Robotica/ros2_ws/phantom_ws/src/install/phantomx_pincher_demos
[10.846s] DEBUG:colcon.colcon_core.event_handler.log_command:Invoked command in '/home/samuelcruz/Lab_Robotica/ros2_ws/phantom_ws/src/build/phantomx_pincher_demos' returned '0': AMENT_PREFIX_PATH=/home/samuelcruz/Lab_Robotica/ros2_ws/phantom_ws/src/install/phantomx_pincher:/home/samuelcruz/Lab_Robotica/ros2_ws/phantom_ws/src/install/phantomx_pincher_moveit_config:/home/samuelcruz/Lab_Robotica/ros2_ws/phantom_ws/src/install/phantomx_pincher_description:${AMENT_PREFIX_PATH} CMAKE_PREFIX_PATH=/home/samuelcruz/Lab_Robotica/ros2_ws/phantom_ws/src/install/phantomx_pincher:/home/samuelcruz/Lab_Robotica/ros2_ws/phantom_ws/src/install/phantomx_pincher_moveit_config:/home/samuelcruz/Lab_Robotica/ros2_ws/phantom_ws/src/install/phantomx_pincher_description:/opt/ros/humble IGN_GAZEBO_RESOURCE_PATH=/home/samuelcruz/Lab_Robotica/ros2_ws/phantom_ws/src/install/phantomx_pincher_description/share/phantomx_pincher_description /usr/bin/cmake /home/samuelcruz/Lab_Robotica/ros2_ws/phantom_ws/src/phantomx_pincher/phantomx_pincher_demos -DCMAKE_INSTALL_PREFIX=/home/samuelcruz/Lab_Robotica/ros2_ws/phantom_ws/src/install/phantomx_pincher_demos
[10.847s] DEBUG:colcon.colcon_core.event_handler.log_command:Invoking command in '/home/samuelcruz/Lab_Robotica/ros2_ws/phantom_ws/src/build/phantomx_pincher_demos': AMENT_PREFIX_PATH=/home/samuelcruz/Lab_Robotica/ros2_ws/phantom_ws/src/install/phantomx_pincher:/home/samuelcruz/Lab_Robotica/ros2_ws/phantom_ws/src/install/phantomx_pincher_moveit_config:/home/samuelcruz/Lab_Robotica/ros2_ws/phantom_ws/src/install/phantomx_pincher_description:${AMENT_PREFIX_PATH} CMAKE_PREFIX_PATH=/home/samuelcruz/Lab_Robotica/ros2_ws/phantom_ws/src/install/phantomx_pincher:/home/samuelcruz/Lab_Robotica/ros2_ws/phantom_ws/src/install/phantomx_pincher_moveit_config:/home/samuelcruz/Lab_Robotica/ros2_ws/phantom_ws/src/install/phantomx_pincher_description:/opt/ros/humble IGN_GAZEBO_RESOURCE_PATH=/home/samuelcruz/Lab_Robotica/ros2_ws/phantom_ws/src/install/phantomx_pincher_description/share/phantomx_pincher_description /usr/bin/cmake --build /home/samuelcruz/Lab_Robotica/ros2_ws/phantom_ws/src/build/phantomx_pincher_demos -- -j2 -l2
[10.915s] DEBUG:colcon.colcon_core.event_handler.log_command:Invoked command in '/home/samuelcruz/Lab_Robotica/ros2_ws/phantom_ws/src/build/phantomx_pincher_demos' returned '0': AMENT_PREFIX_PATH=/home/samuelcruz/Lab_Robotica/ros2_ws/phantom_ws/src/install/phantomx_pincher:/home/samuelcruz/Lab_Robotica/ros2_ws/phantom_ws/src/install/phantomx_pincher_moveit_config:/home/samuelcruz/Lab_Robotica/ros2_ws/phantom_ws/src/install/phantomx_pincher_description:${AMENT_PREFIX_PATH} CMAKE_PREFIX_PATH=/home/samuelcruz/Lab_Robotica/ros2_ws/phantom_ws/src/install/phantomx_pincher:/home/samuelcruz/Lab_Robotica/ros2_ws/phantom_ws/src/install/phantomx_pincher_moveit_config:/home/samuelcruz/Lab_Robotica/ros2_ws/phantom_ws/src/install/phantomx_pincher_description:/opt/ros/humble IGN_GAZEBO_RESOURCE_PATH=/home/samuelcruz/Lab_Robotica/ros2_ws/phantom_ws/src/install/phantomx_pincher_description/share/phantomx_pincher_description /usr/bin/cmake --build /home/samuelcruz/Lab_Robotica/ros2_ws/phantom_ws/src/build/phantomx_pincher_demos -- -j2 -l2
[10.916s] DEBUG:colcon.colcon_core.event_handler.log_command:Invoking command in '/home/samuelcruz/Lab_Robotica/ros2_ws/phantom_ws/src/build/phantomx_pincher_demos': AMENT_PREFIX_PATH=/home/samuelcruz/Lab_Robotica/ros2_ws/phantom_ws/src/install/phantomx_pincher:/home/samuelcruz/Lab_Robotica/ros2_ws/phantom_ws/src/install/phantomx_pincher_moveit_config:/home/samuelcruz/Lab_Robotica/ros2_ws/phantom_ws/src/install/phantomx_pincher_description:${AMENT_PREFIX_PATH} CMAKE_PREFIX_PATH=/home/samuelcruz/Lab_Robotica/ros2_ws/phantom_ws/src/install/phantomx_pincher:/home/samuelcruz/Lab_Robotica/ros2_ws/phantom_ws/src/install/phantomx_pincher_moveit_config:/home/samuelcruz/Lab_Robotica/ros2_ws/phantom_ws/src/install/phantomx_pincher_description:/opt/ros/humble IGN_GAZEBO_RESOURCE_PATH=/home/samuelcruz/Lab_Robotica/ros2_ws/phantom_ws/src/install/phantomx_pincher_description/share/phantomx_pincher_description /usr/bin/cmake --install /home/samuelcruz/Lab_Robotica/ros2_ws/phantom_ws/src/build/phantomx_pincher_demos
[11.013s] Level 1:colcon.colcon_core.environment:create_environment_scripts_only(phantomx_pincher_demos)
[11.013s] Level 1:colcon.colcon_core.environment:checking '/home/samuelcruz/Lab_Robotica/ros2_ws/phantom_ws/src/install/phantomx_pincher_demos' for CMake module files
[11.015s] DEBUG:colcon.colcon_core.event_handler.log_command:Invoked command in '/home/samuelcruz/Lab_Robotica/ros2_ws/phantom_ws/src/build/phantomx_pincher_demos' returned '0': AMENT_PREFIX_PATH=/home/samuelcruz/Lab_Robotica/ros2_ws/phantom_ws/src/install/phantomx_pincher:/home/samuelcruz/Lab_Robotica/ros2_ws/phantom_ws/src/install/phantomx_pincher_moveit_config:/home/samuelcruz/Lab_Robotica/ros2_ws/phantom_ws/src/install/phantomx_pincher_description:${AMENT_PREFIX_PATH} CMAKE_PREFIX_PATH=/home/samuelcruz/Lab_Robotica/ros2_ws/phantom_ws/src/install/phantomx_pincher:/home/samuelcruz/Lab_Robotica/ros2_ws/phantom_ws/src/install/phantomx_pincher_moveit_config:/home/samuelcruz/Lab_Robotica/ros2_ws/phantom_ws/src/install/phantomx_pincher_description:/opt/ros/humble IGN_GAZEBO_RESOURCE_PATH=/home/samuelcruz/Lab_Robotica/ros2_ws/phantom_ws/src/install/phantomx_pincher_description/share/phantomx_pincher_description /usr/bin/cmake --install /home/samuelcruz/Lab_Robotica/ros2_ws/phantom_ws/src/build/phantomx_pincher_demos
[11.016s] Level 1:colcon.colcon_core.environment:checking '/home/samuelcruz/Lab_Robotica/ros2_ws/phantom_ws/src/install/phantomx_pincher_demos' for CMake config files
[11.016s] Level 1:colcon.colcon_core.shell:create_environment_hook('phantomx_pincher_demos', 'cmake_prefix_path')
[11.016s] INFO:colcon.colcon_core.shell:Creating environment hook '/home/samuelcruz/Lab_Robotica/ros2_ws/phantom_ws/src/install/phantomx_pincher_demos/share/phantomx_pincher_demos/hook/cmake_prefix_path.ps1'
[11.017s] INFO:colcon.colcon_core.shell:Creating environment descriptor '/home/samuelcruz/Lab_Robotica/ros2_ws/phantom_ws/src/install/phantomx_pincher_demos/share/phantomx_pincher_demos/hook/cmake_prefix_path.dsv'
[11.018s] INFO:colcon.colcon_core.shell:Creating environment hook '/home/samuelcruz/Lab_Robotica/ros2_ws/phantom_ws/src/install/phantomx_pincher_demos/share/phantomx_pincher_demos/hook/cmake_prefix_path.sh'
[11.019s] Level 1:colcon.colcon_core.environment:checking '/home/samuelcruz/Lab_Robotica/ros2_ws/phantom_ws/src/install/phantomx_pincher_demos/lib'
[11.019s] Level 1:colcon.colcon_core.environment:checking '/home/samuelcruz/Lab_Robotica/ros2_ws/phantom_ws/src/install/phantomx_pincher_demos/bin'
[11.019s] Level 1:colcon.colcon_core.environment:checking '/home/samuelcruz/Lab_Robotica/ros2_ws/phantom_ws/src/install/phantomx_pincher_demos/lib/pkgconfig/phantomx_pincher_demos.pc'
[11.019s] Level 1:colcon.colcon_core.environment:checking '/home/samuelcruz/Lab_Robotica/ros2_ws/phantom_ws/src/install/phantomx_pincher_demos/lib/python3.10/site-packages'
[11.019s] Level 1:colcon.colcon_core.environment:checking '/home/samuelcruz/Lab_Robotica/ros2_ws/phantom_ws/src/install/phantomx_pincher_demos/bin'
[11.020s] INFO:colcon.colcon_core.shell:Creating package script '/home/samuelcruz/Lab_Robotica/ros2_ws/phantom_ws/src/install/phantomx_pincher_demos/share/phantomx_pincher_demos/package.ps1'
[11.023s] INFO:colcon.colcon_core.shell:Creating package descriptor '/home/samuelcruz/Lab_Robotica/ros2_ws/phantom_ws/src/install/phantomx_pincher_demos/share/phantomx_pincher_demos/package.dsv'
[11.026s] INFO:colcon.colcon_core.shell:Creating package script '/home/samuelcruz/Lab_Robotica/ros2_ws/phantom_ws/src/install/phantomx_pincher_demos/share/phantomx_pincher_demos/package.sh'
[11.027s] INFO:colcon.colcon_core.shell:Creating package script '/home/samuelcruz/Lab_Robotica/ros2_ws/phantom_ws/src/install/phantomx_pincher_demos/share/phantomx_pincher_demos/package.bash'
[11.028s] INFO:colcon.colcon_core.shell:Creating package script '/home/samuelcruz/Lab_Robotica/ros2_ws/phantom_ws/src/install/phantomx_pincher_demos/share/phantomx_pincher_demos/package.zsh'
[11.029s] Level 1:colcon.colcon_core.environment:create_file_with_runtime_dependencies(/home/samuelcruz/Lab_Robotica/ros2_ws/phantom_ws/src/install/phantomx_pincher_demos/share/colcon-core/packages/phantomx_pincher_demos)
[11.030s] Level 1:colcon.colcon_core.environment:create_environment_scripts_only(phantomx_pincher_demos)
[11.031s] Level 1:colcon.colcon_core.environment:checking '/home/samuelcruz/Lab_Robotica/ros2_ws/phantom_ws/src/install/phantomx_pincher_demos' for CMake module files
[11.031s] Level 1:colcon.colcon_core.environment:checking '/home/samuelcruz/Lab_Robotica/ros2_ws/phantom_ws/src/install/phantomx_pincher_demos' for CMake config files
[11.032s] Level 1:colcon.colcon_core.shell:create_environment_hook('phantomx_pincher_demos', 'cmake_prefix_path')
[11.032s] INFO:colcon.colcon_core.shell:Creating environment hook '/home/samuelcruz/Lab_Robotica/ros2_ws/phantom_ws/src/install/phantomx_pincher_demos/share/phantomx_pincher_demos/hook/cmake_prefix_path.ps1'
[11.034s] INFO:colcon.colcon_core.shell:Creating environment descriptor '/home/samuelcruz/Lab_Robotica/ros2_ws/phantom_ws/src/install/phantomx_pincher_demos/share/phantomx_pincher_demos/hook/cmake_prefix_path.dsv'
[11.035s] INFO:colcon.colcon_core.shell:Creating environment hook '/home/samuelcruz/Lab_Robotica/ros2_ws/phantom_ws/src/install/phantomx_pincher_demos/share/phantomx_pincher_demos/hook/cmake_prefix_path.sh'
[11.037s] Level 1:colcon.colcon_core.environment:checking '/home/samuelcruz/Lab_Robotica/ros2_ws/phantom_ws/src/install/phantomx_pincher_demos/lib'
[11.037s] Level 1:colcon.colcon_core.environment:checking '/home/samuelcruz/Lab_Robotica/ros2_ws/phantom_ws/src/install/phantomx_pincher_demos/bin'
[11.039s] Level 1:colcon.colcon_core.environment:checking '/home/samuelcruz/Lab_Robotica/ros2_ws/phantom_ws/src/install/phantomx_pincher_demos/lib/pkgconfig/phantomx_pincher_demos.pc'
[11.039s] Level 1:colcon.colcon_core.environment:checking '/home/samuelcruz/Lab_Robotica/ros2_ws/phantom_ws/src/install/phantomx_pincher_demos/lib/python3.10/site-packages'
[11.039s] Level 1:colcon.colcon_core.environment:checking '/home/samuelcruz/Lab_Robotica/ros2_ws/phantom_ws/src/install/phantomx_pincher_demos/bin'
[11.039s] INFO:colcon.colcon_core.shell:Creating package script '/home/samuelcruz/Lab_Robotica/ros2_ws/phantom_ws/src/install/phantomx_pincher_demos/share/phantomx_pincher_demos/package.ps1'
[11.041s] INFO:colcon.colcon_core.shell:Creating package descriptor '/home/samuelcruz/Lab_Robotica/ros2_ws/phantom_ws/src/install/phantomx_pincher_demos/share/phantomx_pincher_demos/package.dsv'
[11.042s] INFO:colcon.colcon_core.shell:Creating package script '/home/samuelcruz/Lab_Robotica/ros2_ws/phantom_ws/src/install/phantomx_pincher_demos/share/phantomx_pincher_demos/package.sh'
[11.044s] INFO:colcon.colcon_core.shell:Creating package script '/home/samuelcruz/Lab_Robotica/ros2_ws/phantom_ws/src/install/phantomx_pincher_demos/share/phantomx_pincher_demos/package.bash'
[11.045s] INFO:colcon.colcon_core.shell:Creating package script '/home/samuelcruz/Lab_Robotica/ros2_ws/phantom_ws/src/install/phantomx_pincher_demos/share/phantomx_pincher_demos/package.zsh'
[11.047s] Level 1:colcon.colcon_core.environment:create_file_with_runtime_dependencies(/home/samuelcruz/Lab_Robotica/ros2_ws/phantom_ws/src/install/phantomx_pincher_demos/share/colcon-core/packages/phantomx_pincher_demos)
[11.053s] DEBUG:colcon.colcon_parallel_executor.executor.parallel:closing loop
[11.057s] DEBUG:colcon.colcon_parallel_executor.executor.parallel:loop closed
[11.058s] DEBUG:colcon.colcon_parallel_executor.executor.parallel:run_until_complete finished with '0'
[11.058s] DEBUG:colcon.colcon_core.event_reactor:joining thread
[11.069s] INFO:colcon.colcon_core.plugin_system:Skipping extension 'colcon_notification.desktop_notification.terminal_notifier': Not used on non-Darwin systems
[11.069s] INFO:colcon.colcon_core.plugin_system:Skipping extension 'colcon_notification.desktop_notification.win32': Not used on non-Windows systems
[11.069s] INFO:colcon.colcon_notification.desktop_notification:Sending desktop notification using 'notify2'
[11.435s] DEBUG:colcon.colcon_core.event_reactor:joined thread
[11.436s] INFO:colcon.colcon_core.shell:Creating prefix script '/home/samuelcruz/Lab_Robotica/ros2_ws/phantom_ws/src/install/local_setup.ps1'
[11.439s] INFO:colcon.colcon_core.shell:Creating prefix util module '/home/samuelcruz/Lab_Robotica/ros2_ws/phantom_ws/src/install/_local_setup_util_ps1.py'
[11.443s] INFO:colcon.colcon_core.shell:Creating prefix chain script '/home/samuelcruz/Lab_Robotica/ros2_ws/phantom_ws/src/install/setup.ps1'
[11.445s] INFO:colcon.colcon_core.shell:Creating prefix script '/home/samuelcruz/Lab_Robotica/ros2_ws/phantom_ws/src/install/local_setup.sh'
[11.452s] INFO:colcon.colcon_core.shell:Creating prefix util module '/home/samuelcruz/Lab_Robotica/ros2_ws/phantom_ws/src/install/_local_setup_util_sh.py'
[11.454s] INFO:colcon.colcon_core.shell:Creating prefix chain script '/home/samuelcruz/Lab_Robotica/ros2_ws/phantom_ws/src/install/setup.sh'
[11.458s] INFO:colcon.colcon_core.shell:Creating prefix script '/home/samuelcruz/Lab_Robotica/ros2_ws/phantom_ws/src/install/local_setup.bash'
[11.460s] INFO:colcon.colcon_core.shell:Creating prefix chain script '/home/samuelcruz/Lab_Robotica/ros2_ws/phantom_ws/src/install/setup.bash'
[11.462s] INFO:colcon.colcon_core.shell:Creating prefix script '/home/samuelcruz/Lab_Robotica/ros2_ws/phantom_ws/src/install/local_setup.zsh'
[11.464s] INFO:colcon.colcon_core.shell:Creating prefix chain script '/home/samuelcruz/Lab_Robotica/ros2_ws/phantom_ws/src/install/setup.zsh'
