running egg_info
writing ../../build/phantom_hmi/phantom_hmi.egg-info/PKG-INFO
writing dependency_links to ../../build/phantom_hmi/phantom_hmi.egg-info/dependency_links.txt
writing entry points to ../../build/phantom_hmi/phantom_hmi.egg-info/entry_points.txt
writing requirements to ../../build/phantom_hmi/phantom_hmi.egg-info/requires.txt
writing top-level names to ../../build/phantom_hmi/phantom_hmi.egg-info/top_level.txt
reading manifest file '../../build/phantom_hmi/phantom_hmi.egg-info/SOURCES.txt'
writing manifest file '../../build/phantom_hmi/phantom_hmi.egg-info/SOURCES.txt'
running build
running build_py
copying phantom_hmi/hmi_main.py -> /home/samuelcruz/Lab_Robotica/ros2_ws/phantom_ws/build/phantom_hmi/build/lib/phantom_hmi
running install
running install_lib
copying /home/samuelcruz/Lab_Robotica/ros2_ws/phantom_ws/build/phantom_hmi/build/lib/phantom_hmi/hmi_main.py -> /home/samuelcruz/Lab_Robotica/ros2_ws/phantom_ws/install/phantom_hmi/lib/python3.10/site-packages/phantom_hmi
byte-compiling /home/samuelcruz/Lab_Robotica/ros2_ws/phantom_ws/install/phantom_hmi/lib/python3.10/site-packages/phantom_hmi/hmi_main.py to hmi_main.cpython-310.pyc
running install_data
running install_egg_info
removing '/home/samuelcruz/Lab_Robotica/ros2_ws/phantom_ws/install/phantom_hmi/lib/python3.10/site-packages/phantom_hmi-0.0.1-py3.10.egg-info' (and everything under it)
Copying ../../build/phantom_hmi/phantom_hmi.egg-info to /home/samuelcruz/Lab_Robotica/ros2_ws/phantom_ws/install/phantom_hmi/lib/python3.10/site-packages/phantom_hmi-0.0.1-py3.10.egg-info
running install_scripts
Installing phantom_hmi script to /home/samuelcruz/Lab_Robotica/ros2_ws/phantom_ws/install/phantom_hmi/lib/phantom_hmi
writing list of installed files to '/home/samuelcruz/Lab_Robotica/ros2_ws/phantom_ws/build/phantom_hmi/install.log'
