running egg_info
creating ../../build/pincher_control/pincher_control.egg-info
writing ../../build/pincher_control/pincher_control.egg-info/PKG-INFO
writing dependency_links to ../../build/pincher_control/pincher_control.egg-info/dependency_links.txt
writing entry points to ../../build/pincher_control/pincher_control.egg-info/entry_points.txt
writing requirements to ../../build/pincher_control/pincher_control.egg-info/requires.txt
writing top-level names to ../../build/pincher_control/pincher_control.egg-info/top_level.txt
writing manifest file '../../build/pincher_control/pincher_control.egg-info/SOURCES.txt'
reading manifest file '../../build/pincher_control/pincher_control.egg-info/SOURCES.txt'
writing manifest file '../../build/pincher_control/pincher_control.egg-info/SOURCES.txt'
running build
running install
running install_data
creating /home/samuelcruz/Lab_Robotica/ros2_ws/phantom_ws/install/pincher_control/share/ament_index
creating /home/samuelcruz/Lab_Robotica/ros2_ws/phantom_ws/install/pincher_control/share/ament_index/resource_index
creating /home/samuelcruz/Lab_Robotica/ros2_ws/phantom_ws/install/pincher_control/share/ament_index/resource_index/packages
copying resource/pincher_control -> /home/samuelcruz/Lab_Robotica/ros2_ws/phantom_ws/install/pincher_control/share/ament_index/resource_index/packages
copying package.xml -> /home/samuelcruz/Lab_Robotica/ros2_ws/phantom_ws/install/pincher_control/share/pincher_control
running install_egg_info
Copying ../../build/pincher_control/pincher_control.egg-info to /home/samuelcruz/Lab_Robotica/ros2_ws/phantom_ws/install/pincher_control/lib/python3.10/site-packages/pincher_control-0.0.0-py3.10.egg-info
running install_scripts
Installing control_servo script to /home/samuelcruz/Lab_Robotica/ros2_ws/phantom_ws/install/pincher_control/lib/pincher_control
writing list of installed files to '/home/samuelcruz/Lab_Robotica/ros2_ws/phantom_ws/build/pincher_control/install.log'
