[1.019s] Invoking command in '/home/samuelcruz/Lab_Robotica/ros2_ws/phantom_ws/src/pincher_control': PYTHONPATH=/home/samuelcruz/Lab_Robotica/ros2_ws/phantom_ws/build/pincher_control/prefix_override:/usr/lib/python3/dist-packages/colcon_core/task/python/colcon_distutils_commands:/home/samuelcruz/Lab_Robotica/ros2_ws/phantom_ws/install/pincher_control/lib/python3.10/site-packages:${PYTHONPATH} /usr/bin/python3 -W ignore:setup.py install is deprecated -W ignore:easy_install command is deprecated setup.py egg_info --egg-base ../../build/pincher_control build --build-base /home/samuelcruz/Lab_Robotica/ros2_ws/phantom_ws/build/pincher_control/build install --record /home/samuelcruz/Lab_Robotica/ros2_ws/phantom_ws/build/pincher_control/install.log --single-version-externally-managed install_data
[1.418s] running egg_info
[1.430s] creating ../../build/pincher_control/pincher_control.egg-info
[1.430s] writing ../../build/pincher_control/pincher_control.egg-info/PKG-INFO
[1.430s] writing dependency_links to ../../build/pincher_control/pincher_control.egg-info/dependency_links.txt
[1.431s] writing entry points to ../../build/pincher_control/pincher_control.egg-info/entry_points.txt
[1.433s] writing requirements to ../../build/pincher_control/pincher_control.egg-info/requires.txt
[1.433s] writing top-level names to ../../build/pincher_control/pincher_control.egg-info/top_level.txt
[1.433s] writing manifest file '../../build/pincher_control/pincher_control.egg-info/SOURCES.txt'
[1.433s] reading manifest file '../../build/pincher_control/pincher_control.egg-info/SOURCES.txt'
[1.433s] writing manifest file '../../build/pincher_control/pincher_control.egg-info/SOURCES.txt'
[1.433s] running build
[1.433s] running install
[1.434s] running install_data
[1.434s] creating /home/samuelcruz/Lab_Robotica/ros2_ws/phantom_ws/install/pincher_control/share/ament_index
[1.434s] creating /home/samuelcruz/Lab_Robotica/ros2_ws/phantom_ws/install/pincher_control/share/ament_index/resource_index
[1.434s] creating /home/samuelcruz/Lab_Robotica/ros2_ws/phantom_ws/install/pincher_control/share/ament_index/resource_index/packages
[1.439s] copying resource/pincher_control -> /home/samuelcruz/Lab_Robotica/ros2_ws/phantom_ws/install/pincher_control/share/ament_index/resource_index/packages
[1.439s] copying package.xml -> /home/samuelcruz/Lab_Robotica/ros2_ws/phantom_ws/install/pincher_control/share/pincher_control
[1.439s] running install_egg_info
[1.439s] Copying ../../build/pincher_control/pincher_control.egg-info to /home/samuelcruz/Lab_Robotica/ros2_ws/phantom_ws/install/pincher_control/lib/python3.10/site-packages/pincher_control-0.0.0-py3.10.egg-info
[1.439s] running install_scripts
[1.470s] Installing control_servo script to /home/samuelcruz/Lab_Robotica/ros2_ws/phantom_ws/install/pincher_control/lib/pincher_control
[1.472s] writing list of installed files to '/home/samuelcruz/Lab_Robotica/ros2_ws/phantom_ws/build/pincher_control/install.log'
[1.526s] Invoked command in '/home/samuelcruz/Lab_Robotica/ros2_ws/phantom_ws/src/pincher_control' returned '0': PYTHONPATH=/home/samuelcruz/Lab_Robotica/ros2_ws/phantom_ws/build/pincher_control/prefix_override:/usr/lib/python3/dist-packages/colcon_core/task/python/colcon_distutils_commands:/home/samuelcruz/Lab_Robotica/ros2_ws/phantom_ws/install/pincher_control/lib/python3.10/site-packages:${PYTHONPATH} /usr/bin/python3 -W ignore:setup.py install is deprecated -W ignore:easy_install command is deprecated setup.py egg_info --egg-base ../../build/pincher_control build --build-base /home/samuelcruz/Lab_Robotica/ros2_ws/phantom_ws/build/pincher_control/build install --record /home/samuelcruz/Lab_Robotica/ros2_ws/phantom_ws/build/pincher_control/install.log --single-version-externally-managed install_data
