[0.749s] Invoking command in '/home/samuelcruz/Lab_Robotica/ros2_ws/phantom_ws/src/pincher_control': PYTHONPATH=/home/samuelcruz/Lab_Robotica/ros2_ws/phantom_ws/build/pincher_control/prefix_override:/usr/lib/python3/dist-packages/colcon_core/task/python/colcon_distutils_commands:/home/samuelcruz/Lab_Robotica/ros2_ws/phantom_ws/install/pincher_control/lib/python3.10/site-packages:${PYTHONPATH} /usr/bin/python3 -W ignore:setup.py install is deprecated -W ignore:easy_install command is deprecated setup.py egg_info --egg-base ../../build/pincher_control build --build-base /home/samuelcruz/Lab_Robotica/ros2_ws/phantom_ws/build/pincher_control/build install --record /home/samuelcruz/Lab_Robotica/ros2_ws/phantom_ws/build/pincher_control/install.log --single-version-externally-managed install_data
[1.116s] running egg_info
[1.117s] writing ../../build/pincher_control/pincher_control.egg-info/PKG-INFO
[1.121s] writing dependency_links to ../../build/pincher_control/pincher_control.egg-info/dependency_links.txt
[1.122s] writing entry points to ../../build/pincher_control/pincher_control.egg-info/entry_points.txt
[1.124s] writing requirements to ../../build/pincher_control/pincher_control.egg-info/requires.txt
[1.125s] writing top-level names to ../../build/pincher_control/pincher_control.egg-info/top_level.txt
[1.128s] reading manifest file '../../build/pincher_control/pincher_control.egg-info/SOURCES.txt'
[1.130s] writing manifest file '../../build/pincher_control/pincher_control.egg-info/SOURCES.txt'
[1.131s] running build
[1.131s] running build_py
[1.132s] creating /home/samuelcruz/Lab_Robotica/ros2_ws/phantom_ws/build/pincher_control/build
[1.132s] creating /home/samuelcruz/Lab_Robotica/ros2_ws/phantom_ws/build/pincher_control/build/lib
[1.132s] creating /home/samuelcruz/Lab_Robotica/ros2_ws/phantom_ws/build/pincher_control/build/lib/pincher_control
[1.132s] copying pincher_control/control_servo.py -> /home/samuelcruz/Lab_Robotica/ros2_ws/phantom_ws/build/pincher_control/build/lib/pincher_control
[1.134s] copying pincher_control/__init__.py -> /home/samuelcruz/Lab_Robotica/ros2_ws/phantom_ws/build/pincher_control/build/lib/pincher_control
[1.135s] running install
[1.136s] running install_lib
[1.137s] creating /home/samuelcruz/Lab_Robotica/ros2_ws/phantom_ws/install/pincher_control/lib/python3.10/site-packages/pincher_control
[1.137s] copying /home/samuelcruz/Lab_Robotica/ros2_ws/phantom_ws/build/pincher_control/build/lib/pincher_control/control_servo.py -> /home/samuelcruz/Lab_Robotica/ros2_ws/phantom_ws/install/pincher_control/lib/python3.10/site-packages/pincher_control
[1.137s] copying /home/samuelcruz/Lab_Robotica/ros2_ws/phantom_ws/build/pincher_control/build/lib/pincher_control/__init__.py -> /home/samuelcruz/Lab_Robotica/ros2_ws/phantom_ws/install/pincher_control/lib/python3.10/site-packages/pincher_control
[1.137s] byte-compiling /home/samuelcruz/Lab_Robotica/ros2_ws/phantom_ws/install/pincher_control/lib/python3.10/site-packages/pincher_control/control_servo.py to control_servo.cpython-310.pyc
[1.138s] byte-compiling /home/samuelcruz/Lab_Robotica/ros2_ws/phantom_ws/install/pincher_control/lib/python3.10/site-packages/pincher_control/__init__.py to __init__.cpython-310.pyc
[1.139s] running install_data
[1.140s] running install_egg_info
[1.142s] removing '/home/samuelcruz/Lab_Robotica/ros2_ws/phantom_ws/install/pincher_control/lib/python3.10/site-packages/pincher_control-0.0.0-py3.10.egg-info' (and everything under it)
[1.150s] Copying ../../build/pincher_control/pincher_control.egg-info to /home/samuelcruz/Lab_Robotica/ros2_ws/phantom_ws/install/pincher_control/lib/python3.10/site-packages/pincher_control-0.0.0-py3.10.egg-info
[1.151s] running install_scripts
[1.173s] Installing control_servo script to /home/samuelcruz/Lab_Robotica/ros2_ws/phantom_ws/install/pincher_control/lib/pincher_control
[1.173s] writing list of installed files to '/home/samuelcruz/Lab_Robotica/ros2_ws/phantom_ws/build/pincher_control/install.log'
[1.199s] Invoked command in '/home/samuelcruz/Lab_Robotica/ros2_ws/phantom_ws/src/pincher_control' returned '0': PYTHONPATH=/home/samuelcruz/Lab_Robotica/ros2_ws/phantom_ws/build/pincher_control/prefix_override:/usr/lib/python3/dist-packages/colcon_core/task/python/colcon_distutils_commands:/home/samuelcruz/Lab_Robotica/ros2_ws/phantom_ws/install/pincher_control/lib/python3.10/site-packages:${PYTHONPATH} /usr/bin/python3 -W ignore:setup.py install is deprecated -W ignore:easy_install command is deprecated setup.py egg_info --egg-base ../../build/pincher_control build --build-base /home/samuelcruz/Lab_Robotica/ros2_ws/phantom_ws/build/pincher_control/build install --record /home/samuelcruz/Lab_Robotica/ros2_ws/phantom_ws/build/pincher_control/install.log --single-version-externally-managed install_data
