[0.047s] Invoking command in '/home/samuelcruz/Lab_Robotica/ros2_ws/phantom_ws/build/phantomx_pincher': AMENT_PREFIX_PATH=/home/samuelcruz/Lab_Robotica/ros2_ws/phantom_ws/install/phantomx_pincher_moveit_config:/home/samuelcruz/Lab_Robotica/ros2_ws/phantom_ws/install/phantomx_pincher_description:${AMENT_PREFIX_PATH} CMAKE_PREFIX_PATH=/home/samuelcruz/Lab_Robotica/ros2_ws/phantom_ws/install/phantomx_pincher_moveit_config:/home/samuelcruz/Lab_Robotica/ros2_ws/phantom_ws/install/phantomx_pincher_description:/opt/ros/humble IGN_GAZEBO_RESOURCE_PATH=/home/samuelcruz/Lab_Robotica/ros2_ws/phantom_ws/install/phantomx_pincher_description/share/phantomx_pincher_description /usr/bin/cmake --build /home/samuelcruz/Lab_Robotica/ros2_ws/phantom_ws/build/phantomx_pincher -- -j2 -l2
[0.173s] Invoked command in '/home/samuelcruz/Lab_Robotica/ros2_ws/phantom_ws/build/phantomx_pincher' returned '0': AMENT_PREFIX_PATH=/home/samuelcruz/Lab_Robotica/ros2_ws/phantom_ws/install/phantomx_pincher_moveit_config:/home/samuelcruz/Lab_Robotica/ros2_ws/phantom_ws/install/phantomx_pincher_description:${AMENT_PREFIX_PATH} CMAKE_PREFIX_PATH=/home/samuelcruz/Lab_Robotica/ros2_ws/phantom_ws/install/phantomx_pincher_moveit_config:/home/samuelcruz/Lab_Robotica/ros2_ws/phantom_ws/install/phantomx_pincher_description:/opt/ros/humble IGN_GAZEBO_RESOURCE_PATH=/home/samuelcruz/Lab_Robotica/ros2_ws/phantom_ws/install/phantomx_pincher_description/share/phantomx_pincher_description /usr/bin/cmake --build /home/samuelcruz/Lab_Robotica/ros2_ws/phantom_ws/build/phantomx_pincher -- -j2 -l2
[0.181s] Invoking command in '/home/samuelcruz/Lab_Robotica/ros2_ws/phantom_ws/build/phantomx_pincher': AMENT_PREFIX_PATH=/home/samuelcruz/Lab_Robotica/ros2_ws/phantom_ws/install/phantomx_pincher_moveit_config:/home/samuelcruz/Lab_Robotica/ros2_ws/phantom_ws/install/phantomx_pincher_description:${AMENT_PREFIX_PATH} CMAKE_PREFIX_PATH=/home/samuelcruz/Lab_Robotica/ros2_ws/phantom_ws/install/phantomx_pincher_moveit_config:/home/samuelcruz/Lab_Robotica/ros2_ws/phantom_ws/install/phantomx_pincher_description:/opt/ros/humble IGN_GAZEBO_RESOURCE_PATH=/home/samuelcruz/Lab_Robotica/ros2_ws/phantom_ws/install/phantomx_pincher_description/share/phantomx_pincher_description /usr/bin/cmake --install /home/samuelcruz/Lab_Robotica/ros2_ws/phantom_ws/build/phantomx_pincher
[0.213s] -- Install configuration: ""
[0.214s] -- Up-to-date: /home/samuelcruz/Lab_Robotica/ros2_ws/phantom_ws/install/phantomx_pincher/share/phantomx_pincher/launch
[0.214s] -- Up-to-date: /home/samuelcruz/Lab_Robotica/ros2_ws/phantom_ws/install/phantomx_pincher/share/phantomx_pincher/launch/fake.launch.py
[0.215s] -- Up-to-date: /home/samuelcruz/Lab_Robotica/ros2_ws/phantom_ws/install/phantomx_pincher/share/phantomx_pincher/launch/gz.launch.py
[0.216s] -- Up-to-date: /home/samuelcruz/Lab_Robotica/ros2_ws/phantom_ws/install/phantomx_pincher/share/ament_index/resource_index/package_run_dependencies/phantomx_pincher
[0.216s] -- Up-to-date: /home/samuelcruz/Lab_Robotica/ros2_ws/phantom_ws/install/phantomx_pincher/share/ament_index/resource_index/parent_prefix_path/phantomx_pincher
[0.217s] -- Up-to-date: /home/samuelcruz/Lab_Robotica/ros2_ws/phantom_ws/install/phantomx_pincher/share/phantomx_pincher/environment/ament_prefix_path.sh
[0.217s] -- Up-to-date: /home/samuelcruz/Lab_Robotica/ros2_ws/phantom_ws/install/phantomx_pincher/share/phantomx_pincher/environment/ament_prefix_path.dsv
[0.218s] -- Up-to-date: /home/samuelcruz/Lab_Robotica/ros2_ws/phantom_ws/install/phantomx_pincher/share/phantomx_pincher/environment/path.sh
[0.218s] -- Up-to-date: /home/samuelcruz/Lab_Robotica/ros2_ws/phantom_ws/install/phantomx_pincher/share/phantomx_pincher/environment/path.dsv
[0.219s] -- Up-to-date: /home/samuelcruz/Lab_Robotica/ros2_ws/phantom_ws/install/phantomx_pincher/share/phantomx_pincher/local_setup.bash
[0.226s] -- Up-to-date: /home/samuelcruz/Lab_Robotica/ros2_ws/phantom_ws/install/phantomx_pincher/share/phantomx_pincher/local_setup.sh
[0.227s] -- Up-to-date: /home/samuelcruz/Lab_Robotica/ros2_ws/phantom_ws/install/phantomx_pincher/share/phantomx_pincher/local_setup.zsh
[0.227s] -- Up-to-date: /home/samuelcruz/Lab_Robotica/ros2_ws/phantom_ws/install/phantomx_pincher/share/phantomx_pincher/local_setup.dsv
[0.227s] -- Installing: /home/samuelcruz/Lab_Robotica/ros2_ws/phantom_ws/install/phantomx_pincher/share/phantomx_pincher/package.dsv
[0.231s] -- Up-to-date: /home/samuelcruz/Lab_Robotica/ros2_ws/phantom_ws/install/phantomx_pincher/share/ament_index/resource_index/packages/phantomx_pincher
[0.231s] -- Up-to-date: /home/samuelcruz/Lab_Robotica/ros2_ws/phantom_ws/install/phantomx_pincher/share/phantomx_pincher/cmake/phantomx_pincherConfig.cmake
[0.231s] -- Up-to-date: /home/samuelcruz/Lab_Robotica/ros2_ws/phantom_ws/install/phantomx_pincher/share/phantomx_pincher/cmake/phantomx_pincherConfig-version.cmake
[0.231s] -- Up-to-date: /home/samuelcruz/Lab_Robotica/ros2_ws/phantom_ws/install/phantomx_pincher/share/phantomx_pincher/package.xml
[0.245s] Invoked command in '/home/samuelcruz/Lab_Robotica/ros2_ws/phantom_ws/build/phantomx_pincher' returned '0': AMENT_PREFIX_PATH=/home/samuelcruz/Lab_Robotica/ros2_ws/phantom_ws/install/phantomx_pincher_moveit_config:/home/samuelcruz/Lab_Robotica/ros2_ws/phantom_ws/install/phantomx_pincher_description:${AMENT_PREFIX_PATH} CMAKE_PREFIX_PATH=/home/samuelcruz/Lab_Robotica/ros2_ws/phantom_ws/install/phantomx_pincher_moveit_config:/home/samuelcruz/Lab_Robotica/ros2_ws/phantom_ws/install/phantomx_pincher_description:/opt/ros/humble IGN_GAZEBO_RESOURCE_PATH=/home/samuelcruz/Lab_Robotica/ros2_ws/phantom_ws/install/phantomx_pincher_description/share/phantomx_pincher_description /usr/bin/cmake --install /home/samuelcruz/Lab_Robotica/ros2_ws/phantom_ws/build/phantomx_pincher
