[0.125s] DEBUG:colcon:Command line arguments: ['/usr/bin/colcon', 'build']
[0.125s] DEBUG:colcon:Parsed command line arguments: Namespace(log_base=None, log_level=None, verb_name='build', build_base='build', install_base='install', merge_install=False, symlink_install=False, test_result_base=None, continue_on_error=False, executor='parallel', parallel_workers=2, event_handlers=None, ignore_user_meta=False, metas=['./colcon.meta'], base_paths=['.'], packages_ignore=None, packages_ignore_regex=None, paths=None, packages_up_to=None, packages_up_to_regex=None, packages_above=None, packages_above_and_dependencies=None, packages_above_depth=None, packages_select_by_dep=None, packages_skip_by_dep=None, packages_skip_up_to=None, packages_select_build_failed=False, packages_skip_build_finished=False, packages_select_test_failures=False, packages_skip_test_passed=False, packages_select=None, packages_skip=None, packages_select_regex=None, packages_skip_regex=None, packages_start=None, packages_end=None, allow_overriding=[], cmake_args=None, cmake_target=None, cmake_target_skip_unavailable=False, cmake_clean_cache=False, cmake_clean_first=False, cmake_force_configure=False, ament_cmake_args=None, catkin_cmake_args=None, catkin_skip_building_tests=False, mixin_files=None, mixin=None, verb_parser=<colcon_mixin.mixin.mixin_argument.MixinArgumentDecorator object at 0x7fc949b6ef80>, verb_extension=<colcon_core.verb.build.BuildVerb object at 0x7fc949d07d60>, main=<bound method BuildVerb.main of <colcon_core.verb.build.BuildVerb object at 0x7fc949d07d60>>, mixin_verb=('build',))
[0.378s] Level 1:colcon.colcon_core.package_discovery:discover_packages(colcon_meta) check parameters
[0.379s] Level 1:colcon.colcon_core.package_discovery:discover_packages(recursive) check parameters
[0.389s] Level 1:colcon.colcon_core.package_discovery:discover_packages(ignore) check parameters
[0.389s] Level 1:colcon.colcon_core.package_discovery:discover_packages(path) check parameters
[0.389s] Level 1:colcon.colcon_core.package_discovery:discover_packages(colcon_meta) discover
[0.389s] Level 1:colcon.colcon_core.package_discovery:discover_packages(recursive) discover
[0.389s] INFO:colcon.colcon_core.package_discovery:Crawling recursively for packages in '/home/samuelcruz/Lab_Robotica/ros2_ws/phantom_ws'
[0.390s] Level 1:colcon.colcon_core.package_identification:_identify(.) by extensions ['ignore', 'ignore_ament_install']
[0.390s] Level 1:colcon.colcon_core.package_identification:_identify(.) by extension 'ignore'
[0.390s] Level 1:colcon.colcon_core.package_identification:_identify(.) by extension 'ignore_ament_install'
[0.391s] Level 1:colcon.colcon_core.package_identification:_identify(.) by extensions ['colcon_pkg']
[0.391s] Level 1:colcon.colcon_core.package_identification:_identify(.) by extension 'colcon_pkg'
[0.391s] Level 1:colcon.colcon_core.package_identification:_identify(.) by extensions ['colcon_meta']
[0.391s] Level 1:colcon.colcon_core.package_identification:_identify(.) by extension 'colcon_meta'
[0.391s] Level 1:colcon.colcon_core.package_identification:_identify(.) by extensions ['ros']
[0.391s] Level 1:colcon.colcon_core.package_identification:_identify(.) by extension 'ros'
[0.403s] Level 1:colcon.colcon_core.package_identification:_identify(.) by extensions ['cmake', 'python']
[0.403s] Level 1:colcon.colcon_core.package_identification:_identify(.) by extension 'cmake'
[0.403s] Level 1:colcon.colcon_core.package_identification:_identify(.) by extension 'python'
[0.403s] Level 1:colcon.colcon_core.package_identification:_identify(.) by extensions ['python_setup_py']
[0.403s] Level 1:colcon.colcon_core.package_identification:_identify(.) by extension 'python_setup_py'
[0.403s] Level 1:colcon.colcon_core.package_identification:_identify(build) by extensions ['ignore', 'ignore_ament_install']
[0.404s] Level 1:colcon.colcon_core.package_identification:_identify(build) by extension 'ignore'
[0.404s] Level 1:colcon.colcon_core.package_identification:_identify(build) ignored
[0.404s] Level 1:colcon.colcon_core.package_identification:_identify(install) by extensions ['ignore', 'ignore_ament_install']
[0.404s] Level 1:colcon.colcon_core.package_identification:_identify(install) by extension 'ignore'
[0.404s] Level 1:colcon.colcon_core.package_identification:_identify(install) ignored
[0.404s] Level 1:colcon.colcon_core.package_identification:_identify(log) by extensions ['ignore', 'ignore_ament_install']
[0.404s] Level 1:colcon.colcon_core.package_identification:_identify(log) by extension 'ignore'
[0.404s] Level 1:colcon.colcon_core.package_identification:_identify(log) ignored
[0.404s] Level 1:colcon.colcon_core.package_identification:_identify(src) by extensions ['ignore', 'ignore_ament_install']
[0.404s] Level 1:colcon.colcon_core.package_identification:_identify(src) by extension 'ignore'
[0.404s] Level 1:colcon.colcon_core.package_identification:_identify(src) by extension 'ignore_ament_install'
[0.404s] Level 1:colcon.colcon_core.package_identification:_identify(src) by extensions ['colcon_pkg']
[0.404s] Level 1:colcon.colcon_core.package_identification:_identify(src) by extension 'colcon_pkg'
[0.405s] Level 1:colcon.colcon_core.package_identification:_identify(src) by extensions ['colcon_meta']
[0.405s] Level 1:colcon.colcon_core.package_identification:_identify(src) by extension 'colcon_meta'
[0.405s] Level 1:colcon.colcon_core.package_identification:_identify(src) by extensions ['ros']
[0.405s] Level 1:colcon.colcon_core.package_identification:_identify(src) by extension 'ros'
[0.405s] Level 1:colcon.colcon_core.package_identification:_identify(src) by extensions ['cmake', 'python']
[0.405s] Level 1:colcon.colcon_core.package_identification:_identify(src) by extension 'cmake'
[0.405s] Level 1:colcon.colcon_core.package_identification:_identify(src) by extension 'python'
[0.405s] Level 1:colcon.colcon_core.package_identification:_identify(src) by extensions ['python_setup_py']
[0.405s] Level 1:colcon.colcon_core.package_identification:_identify(src) by extension 'python_setup_py'
[0.405s] Level 1:colcon.colcon_core.package_identification:_identify(src/phantom_hmi) by extensions ['ignore', 'ignore_ament_install']
[0.406s] Level 1:colcon.colcon_core.package_identification:_identify(src/phantom_hmi) by extension 'ignore'
[0.406s] Level 1:colcon.colcon_core.package_identification:_identify(src/phantom_hmi) by extension 'ignore_ament_install'
[0.406s] Level 1:colcon.colcon_core.package_identification:_identify(src/phantom_hmi) by extensions ['colcon_pkg']
[0.406s] Level 1:colcon.colcon_core.package_identification:_identify(src/phantom_hmi) by extension 'colcon_pkg'
[0.406s] Level 1:colcon.colcon_core.package_identification:_identify(src/phantom_hmi) by extensions ['colcon_meta']
[0.406s] Level 1:colcon.colcon_core.package_identification:_identify(src/phantom_hmi) by extension 'colcon_meta'
[0.406s] Level 1:colcon.colcon_core.package_identification:_identify(src/phantom_hmi) by extensions ['ros']
[0.406s] Level 1:colcon.colcon_core.package_identification:_identify(src/phantom_hmi) by extension 'ros'
[0.409s] DEBUG:colcon.colcon_core.package_identification:Package 'src/phantom_hmi' with type 'ros.ament_python' and name 'phantom_hmi'
[0.409s] Level 1:colcon.colcon_core.package_identification:_identify(src/phantomx_pincher) by extensions ['ignore', 'ignore_ament_install']
[0.410s] Level 1:colcon.colcon_core.package_identification:_identify(src/phantomx_pincher) by extension 'ignore'
[0.410s] Level 1:colcon.colcon_core.package_identification:_identify(src/phantomx_pincher) by extension 'ignore_ament_install'
[0.410s] Level 1:colcon.colcon_core.package_identification:_identify(src/phantomx_pincher) by extensions ['colcon_pkg']
[0.410s] Level 1:colcon.colcon_core.package_identification:_identify(src/phantomx_pincher) by extension 'colcon_pkg'
[0.410s] Level 1:colcon.colcon_core.package_identification:_identify(src/phantomx_pincher) by extensions ['colcon_meta']
[0.410s] Level 1:colcon.colcon_core.package_identification:_identify(src/phantomx_pincher) by extension 'colcon_meta'
[0.410s] Level 1:colcon.colcon_core.package_identification:_identify(src/phantomx_pincher) by extensions ['ros']
[0.410s] Level 1:colcon.colcon_core.package_identification:_identify(src/phantomx_pincher) by extension 'ros'
[0.410s] Level 1:colcon.colcon_core.package_identification:_identify(src/phantomx_pincher) by extensions ['cmake', 'python']
[0.410s] Level 1:colcon.colcon_core.package_identification:_identify(src/phantomx_pincher) by extension 'cmake'
[0.410s] Level 1:colcon.colcon_core.package_identification:_identify(src/phantomx_pincher) by extension 'python'
[0.410s] Level 1:colcon.colcon_core.package_identification:_identify(src/phantomx_pincher) by extensions ['python_setup_py']
[0.410s] Level 1:colcon.colcon_core.package_identification:_identify(src/phantomx_pincher) by extension 'python_setup_py'
[0.411s] Level 1:colcon.colcon_core.package_identification:_identify(src/phantomx_pincher/phantomx_pincher) by extensions ['ignore', 'ignore_ament_install']
[0.411s] Level 1:colcon.colcon_core.package_identification:_identify(src/phantomx_pincher/phantomx_pincher) by extension 'ignore'
[0.411s] Level 1:colcon.colcon_core.package_identification:_identify(src/phantomx_pincher/phantomx_pincher) by extension 'ignore_ament_install'
[0.411s] Level 1:colcon.colcon_core.package_identification:_identify(src/phantomx_pincher/phantomx_pincher) by extensions ['colcon_pkg']
[0.411s] Level 1:colcon.colcon_core.package_identification:_identify(src/phantomx_pincher/phantomx_pincher) by extension 'colcon_pkg'
[0.411s] Level 1:colcon.colcon_core.package_identification:_identify(src/phantomx_pincher/phantomx_pincher) by extensions ['colcon_meta']
[0.411s] Level 1:colcon.colcon_core.package_identification:_identify(src/phantomx_pincher/phantomx_pincher) by extension 'colcon_meta'
[0.411s] Level 1:colcon.colcon_core.package_identification:_identify(src/phantomx_pincher/phantomx_pincher) by extensions ['ros']
[0.411s] Level 1:colcon.colcon_core.package_identification:_identify(src/phantomx_pincher/phantomx_pincher) by extension 'ros'
[0.412s] DEBUG:colcon.colcon_core.package_identification:Package 'src/phantomx_pincher/phantomx_pincher' with type 'ros.ament_cmake' and name 'phantomx_pincher'
[0.412s] Level 1:colcon.colcon_core.package_identification:_identify(src/phantomx_pincher/phantomx_pincher_demos) by extensions ['ignore', 'ignore_ament_install']
[0.412s] Level 1:colcon.colcon_core.package_identification:_identify(src/phantomx_pincher/phantomx_pincher_demos) by extension 'ignore'
[0.412s] Level 1:colcon.colcon_core.package_identification:_identify(src/phantomx_pincher/phantomx_pincher_demos) by extension 'ignore_ament_install'
[0.412s] Level 1:colcon.colcon_core.package_identification:_identify(src/phantomx_pincher/phantomx_pincher_demos) by extensions ['colcon_pkg']
[0.412s] Level 1:colcon.colcon_core.package_identification:_identify(src/phantomx_pincher/phantomx_pincher_demos) by extension 'colcon_pkg'
[0.412s] Level 1:colcon.colcon_core.package_identification:_identify(src/phantomx_pincher/phantomx_pincher_demos) by extensions ['colcon_meta']
[0.412s] Level 1:colcon.colcon_core.package_identification:_identify(src/phantomx_pincher/phantomx_pincher_demos) by extension 'colcon_meta'
[0.412s] Level 1:colcon.colcon_core.package_identification:_identify(src/phantomx_pincher/phantomx_pincher_demos) by extensions ['ros']
[0.414s] Level 1:colcon.colcon_core.package_identification:_identify(src/phantomx_pincher/phantomx_pincher_demos) by extension 'ros'
[0.414s] DEBUG:colcon.colcon_core.package_identification:Package 'src/phantomx_pincher/phantomx_pincher_demos' with type 'ros.ament_cmake' and name 'phantomx_pincher_demos'
[0.415s] Level 1:colcon.colcon_core.package_identification:_identify(src/phantomx_pincher/phantomx_pincher_description) by extensions ['ignore', 'ignore_ament_install']
[0.415s] Level 1:colcon.colcon_core.package_identification:_identify(src/phantomx_pincher/phantomx_pincher_description) by extension 'ignore'
[0.415s] Level 1:colcon.colcon_core.package_identification:_identify(src/phantomx_pincher/phantomx_pincher_description) by extension 'ignore_ament_install'
[0.415s] Level 1:colcon.colcon_core.package_identification:_identify(src/phantomx_pincher/phantomx_pincher_description) by extensions ['colcon_pkg']
[0.415s] Level 1:colcon.colcon_core.package_identification:_identify(src/phantomx_pincher/phantomx_pincher_description) by extension 'colcon_pkg'
[0.415s] Level 1:colcon.colcon_core.package_identification:_identify(src/phantomx_pincher/phantomx_pincher_description) by extensions ['colcon_meta']
[0.415s] Level 1:colcon.colcon_core.package_identification:_identify(src/phantomx_pincher/phantomx_pincher_description) by extension 'colcon_meta'
[0.415s] Level 1:colcon.colcon_core.package_identification:_identify(src/phantomx_pincher/phantomx_pincher_description) by extensions ['ros']
[0.415s] Level 1:colcon.colcon_core.package_identification:_identify(src/phantomx_pincher/phantomx_pincher_description) by extension 'ros'
[0.416s] DEBUG:colcon.colcon_core.package_identification:Package 'src/phantomx_pincher/phantomx_pincher_description' with type 'ros.ament_cmake' and name 'phantomx_pincher_description'
[0.416s] Level 1:colcon.colcon_core.package_identification:_identify(src/phantomx_pincher/phantomx_pincher_moveit_config) by extensions ['ignore', 'ignore_ament_install']
[0.416s] Level 1:colcon.colcon_core.package_identification:_identify(src/phantomx_pincher/phantomx_pincher_moveit_config) by extension 'ignore'
[0.416s] Level 1:colcon.colcon_core.package_identification:_identify(src/phantomx_pincher/phantomx_pincher_moveit_config) by extension 'ignore_ament_install'
[0.416s] Level 1:colcon.colcon_core.package_identification:_identify(src/phantomx_pincher/phantomx_pincher_moveit_config) by extensions ['colcon_pkg']
[0.416s] Level 1:colcon.colcon_core.package_identification:_identify(src/phantomx_pincher/phantomx_pincher_moveit_config) by extension 'colcon_pkg'
[0.416s] Level 1:colcon.colcon_core.package_identification:_identify(src/phantomx_pincher/phantomx_pincher_moveit_config) by extensions ['colcon_meta']
[0.417s] Level 1:colcon.colcon_core.package_identification:_identify(src/phantomx_pincher/phantomx_pincher_moveit_config) by extension 'colcon_meta'
[0.417s] Level 1:colcon.colcon_core.package_identification:_identify(src/phantomx_pincher/phantomx_pincher_moveit_config) by extensions ['ros']
[0.417s] Level 1:colcon.colcon_core.package_identification:_identify(src/phantomx_pincher/phantomx_pincher_moveit_config) by extension 'ros'
[0.417s] DEBUG:colcon.colcon_core.package_identification:Package 'src/phantomx_pincher/phantomx_pincher_moveit_config' with type 'ros.ament_cmake' and name 'phantomx_pincher_moveit_config'
[0.418s] Level 1:colcon.colcon_core.package_identification:_identify(src/pincher_control) by extensions ['ignore', 'ignore_ament_install']
[0.418s] Level 1:colcon.colcon_core.package_identification:_identify(src/pincher_control) by extension 'ignore'
[0.418s] Level 1:colcon.colcon_core.package_identification:_identify(src/pincher_control) by extension 'ignore_ament_install'
[0.418s] Level 1:colcon.colcon_core.package_identification:_identify(src/pincher_control) by extensions ['colcon_pkg']
[0.418s] Level 1:colcon.colcon_core.package_identification:_identify(src/pincher_control) by extension 'colcon_pkg'
[0.418s] Level 1:colcon.colcon_core.package_identification:_identify(src/pincher_control) by extensions ['colcon_meta']
[0.418s] Level 1:colcon.colcon_core.package_identification:_identify(src/pincher_control) by extension 'colcon_meta'
[0.418s] Level 1:colcon.colcon_core.package_identification:_identify(src/pincher_control) by extensions ['ros']
[0.418s] Level 1:colcon.colcon_core.package_identification:_identify(src/pincher_control) by extension 'ros'
[0.419s] DEBUG:colcon.colcon_core.package_identification:Package 'src/pincher_control' with type 'ros.ament_python' and name 'pincher_control'
[0.419s] Level 1:colcon.colcon_core.package_discovery:discover_packages(recursive) using defaults
[0.419s] Level 1:colcon.colcon_core.package_discovery:discover_packages(ignore) discover
[0.419s] Level 1:colcon.colcon_core.package_discovery:discover_packages(ignore) using defaults
[0.419s] Level 1:colcon.colcon_core.package_discovery:discover_packages(path) discover
[0.419s] Level 1:colcon.colcon_core.package_discovery:discover_packages(path) using defaults
[0.460s] Level 1:colcon.colcon_core.package_discovery:discover_packages(prefix_path) check parameters
[0.461s] Level 1:colcon.colcon_core.package_discovery:discover_packages(prefix_path) discover
[0.464s] DEBUG:colcon.colcon_installed_package_information.package_discovery:Found 7 installed packages in /home/samuelcruz/Lab_Robotica/ros2_ws/phantom_ws/install
[0.466s] DEBUG:colcon.colcon_installed_package_information.package_discovery:Found 396 installed packages in /opt/ros/humble
[0.469s] Level 1:colcon.colcon_core.package_discovery:discover_packages(prefix_path) using defaults
[0.525s] Level 5:colcon.colcon_core.verb:set package 'phantom_hmi' build argument 'cmake_args' from command line to 'None'
[0.526s] Level 5:colcon.colcon_core.verb:set package 'phantom_hmi' build argument 'cmake_target' from command line to 'None'
[0.526s] Level 5:colcon.colcon_core.verb:set package 'phantom_hmi' build argument 'cmake_target_skip_unavailable' from command line to 'False'
[0.526s] Level 5:colcon.colcon_core.verb:set package 'phantom_hmi' build argument 'cmake_clean_cache' from command line to 'False'
[0.527s] Level 5:colcon.colcon_core.verb:set package 'phantom_hmi' build argument 'cmake_clean_first' from command line to 'False'
[0.527s] Level 5:colcon.colcon_core.verb:set package 'phantom_hmi' build argument 'cmake_force_configure' from command line to 'False'
[0.527s] Level 5:colcon.colcon_core.verb:set package 'phantom_hmi' build argument 'ament_cmake_args' from command line to 'None'
[0.527s] Level 5:colcon.colcon_core.verb:set package 'phantom_hmi' build argument 'catkin_cmake_args' from command line to 'None'
[0.527s] Level 5:colcon.colcon_core.verb:set package 'phantom_hmi' build argument 'catkin_skip_building_tests' from command line to 'False'
[0.528s] DEBUG:colcon.colcon_core.verb:Building package 'phantom_hmi' with the following arguments: {'ament_cmake_args': None, 'build_base': '/home/samuelcruz/Lab_Robotica/ros2_ws/phantom_ws/build/phantom_hmi', 'catkin_cmake_args': None, 'catkin_skip_building_tests': False, 'cmake_args': None, 'cmake_clean_cache': False, 'cmake_clean_first': False, 'cmake_force_configure': False, 'cmake_target': None, 'cmake_target_skip_unavailable': False, 'install_base': '/home/samuelcruz/Lab_Robotica/ros2_ws/phantom_ws/install/phantom_hmi', 'merge_install': False, 'path': '/home/samuelcruz/Lab_Robotica/ros2_ws/phantom_ws/src/phantom_hmi', 'symlink_install': False, 'test_result_base': None}
[0.528s] Level 5:colcon.colcon_core.verb:set package 'phantomx_pincher_description' build argument 'cmake_args' from command line to 'None'
[0.528s] Level 5:colcon.colcon_core.verb:set package 'phantomx_pincher_description' build argument 'cmake_target' from command line to 'None'
[0.528s] Level 5:colcon.colcon_core.verb:set package 'phantomx_pincher_description' build argument 'cmake_target_skip_unavailable' from command line to 'False'
[0.528s] Level 5:colcon.colcon_core.verb:set package 'phantomx_pincher_description' build argument 'cmake_clean_cache' from command line to 'False'
[0.529s] Level 5:colcon.colcon_core.verb:set package 'phantomx_pincher_description' build argument 'cmake_clean_first' from command line to 'False'
[0.529s] Level 5:colcon.colcon_core.verb:set package 'phantomx_pincher_description' build argument 'cmake_force_configure' from command line to 'False'
[0.529s] Level 5:colcon.colcon_core.verb:set package 'phantomx_pincher_description' build argument 'ament_cmake_args' from command line to 'None'
[0.529s] Level 5:colcon.colcon_core.verb:set package 'phantomx_pincher_description' build argument 'catkin_cmake_args' from command line to 'None'
[0.529s] Level 5:colcon.colcon_core.verb:set package 'phantomx_pincher_description' build argument 'catkin_skip_building_tests' from command line to 'False'
[0.529s] DEBUG:colcon.colcon_core.verb:Building package 'phantomx_pincher_description' with the following arguments: {'ament_cmake_args': None, 'build_base': '/home/samuelcruz/Lab_Robotica/ros2_ws/phantom_ws/build/phantomx_pincher_description', 'catkin_cmake_args': None, 'catkin_skip_building_tests': False, 'cmake_args': None, 'cmake_clean_cache': False, 'cmake_clean_first': False, 'cmake_force_configure': False, 'cmake_target': None, 'cmake_target_skip_unavailable': False, 'install_base': '/home/samuelcruz/Lab_Robotica/ros2_ws/phantom_ws/install/phantomx_pincher_description', 'merge_install': False, 'path': '/home/samuelcruz/Lab_Robotica/ros2_ws/phantom_ws/src/phantomx_pincher/phantomx_pincher_description', 'symlink_install': False, 'test_result_base': None}
[0.530s] Level 5:colcon.colcon_core.verb:set package 'pincher_control' build argument 'cmake_args' from command line to 'None'
[0.530s] Level 5:colcon.colcon_core.verb:set package 'pincher_control' build argument 'cmake_target' from command line to 'None'
[0.530s] Level 5:colcon.colcon_core.verb:set package 'pincher_control' build argument 'cmake_target_skip_unavailable' from command line to 'False'
[0.530s] Level 5:colcon.colcon_core.verb:set package 'pincher_control' build argument 'cmake_clean_cache' from command line to 'False'
[0.530s] Level 5:colcon.colcon_core.verb:set package 'pincher_control' build argument 'cmake_clean_first' from command line to 'False'
[0.530s] Level 5:colcon.colcon_core.verb:set package 'pincher_control' build argument 'cmake_force_configure' from command line to 'False'
[0.530s] Level 5:colcon.colcon_core.verb:set package 'pincher_control' build argument 'ament_cmake_args' from command line to 'None'
[0.530s] Level 5:colcon.colcon_core.verb:set package 'pincher_control' build argument 'catkin_cmake_args' from command line to 'None'
[0.531s] Level 5:colcon.colcon_core.verb:set package 'pincher_control' build argument 'catkin_skip_building_tests' from command line to 'False'
[0.531s] DEBUG:colcon.colcon_core.verb:Building package 'pincher_control' with the following arguments: {'ament_cmake_args': None, 'build_base': '/home/samuelcruz/Lab_Robotica/ros2_ws/phantom_ws/build/pincher_control', 'catkin_cmake_args': None, 'catkin_skip_building_tests': False, 'cmake_args': None, 'cmake_clean_cache': False, 'cmake_clean_first': False, 'cmake_force_configure': False, 'cmake_target': None, 'cmake_target_skip_unavailable': False, 'install_base': '/home/samuelcruz/Lab_Robotica/ros2_ws/phantom_ws/install/pincher_control', 'merge_install': False, 'path': '/home/samuelcruz/Lab_Robotica/ros2_ws/phantom_ws/src/pincher_control', 'symlink_install': False, 'test_result_base': None}
[0.531s] Level 5:colcon.colcon_core.verb:set package 'phantomx_pincher_moveit_config' build argument 'cmake_args' from command line to 'None'
[0.531s] Level 5:colcon.colcon_core.verb:set package 'phantomx_pincher_moveit_config' build argument 'cmake_target' from command line to 'None'
[0.531s] Level 5:colcon.colcon_core.verb:set package 'phantomx_pincher_moveit_config' build argument 'cmake_target_skip_unavailable' from command line to 'False'
[0.532s] Level 5:colcon.colcon_core.verb:set package 'phantomx_pincher_moveit_config' build argument 'cmake_clean_cache' from command line to 'False'
[0.532s] Level 5:colcon.colcon_core.verb:set package 'phantomx_pincher_moveit_config' build argument 'cmake_clean_first' from command line to 'False'
[0.532s] Level 5:colcon.colcon_core.verb:set package 'phantomx_pincher_moveit_config' build argument 'cmake_force_configure' from command line to 'False'
[0.532s] Level 5:colcon.colcon_core.verb:set package 'phantomx_pincher_moveit_config' build argument 'ament_cmake_args' from command line to 'None'
[0.532s] Level 5:colcon.colcon_core.verb:set package 'phantomx_pincher_moveit_config' build argument 'catkin_cmake_args' from command line to 'None'
[0.532s] Level 5:colcon.colcon_core.verb:set package 'phantomx_pincher_moveit_config' build argument 'catkin_skip_building_tests' from command line to 'False'
[0.532s] DEBUG:colcon.colcon_core.verb:Building package 'phantomx_pincher_moveit_config' with the following arguments: {'ament_cmake_args': None, 'build_base': '/home/samuelcruz/Lab_Robotica/ros2_ws/phantom_ws/build/phantomx_pincher_moveit_config', 'catkin_cmake_args': None, 'catkin_skip_building_tests': False, 'cmake_args': None, 'cmake_clean_cache': False, 'cmake_clean_first': False, 'cmake_force_configure': False, 'cmake_target': None, 'cmake_target_skip_unavailable': False, 'install_base': '/home/samuelcruz/Lab_Robotica/ros2_ws/phantom_ws/install/phantomx_pincher_moveit_config', 'merge_install': False, 'path': '/home/samuelcruz/Lab_Robotica/ros2_ws/phantom_ws/src/phantomx_pincher/phantomx_pincher_moveit_config', 'symlink_install': False, 'test_result_base': None}
[0.533s] Level 5:colcon.colcon_core.verb:set package 'phantomx_pincher' build argument 'cmake_args' from command line to 'None'
[0.533s] Level 5:colcon.colcon_core.verb:set package 'phantomx_pincher' build argument 'cmake_target' from command line to 'None'
[0.533s] Level 5:colcon.colcon_core.verb:set package 'phantomx_pincher' build argument 'cmake_target_skip_unavailable' from command line to 'False'
[0.533s] Level 5:colcon.colcon_core.verb:set package 'phantomx_pincher' build argument 'cmake_clean_cache' from command line to 'False'
[0.533s] Level 5:colcon.colcon_core.verb:set package 'phantomx_pincher' build argument 'cmake_clean_first' from command line to 'False'
[0.533s] Level 5:colcon.colcon_core.verb:set package 'phantomx_pincher' build argument 'cmake_force_configure' from command line to 'False'
[0.533s] Level 5:colcon.colcon_core.verb:set package 'phantomx_pincher' build argument 'ament_cmake_args' from command line to 'None'
[0.534s] Level 5:colcon.colcon_core.verb:set package 'phantomx_pincher' build argument 'catkin_cmake_args' from command line to 'None'
[0.534s] Level 5:colcon.colcon_core.verb:set package 'phantomx_pincher' build argument 'catkin_skip_building_tests' from command line to 'False'
[0.534s] DEBUG:colcon.colcon_core.verb:Building package 'phantomx_pincher' with the following arguments: {'ament_cmake_args': None, 'build_base': '/home/samuelcruz/Lab_Robotica/ros2_ws/phantom_ws/build/phantomx_pincher', 'catkin_cmake_args': None, 'catkin_skip_building_tests': False, 'cmake_args': None, 'cmake_clean_cache': False, 'cmake_clean_first': False, 'cmake_force_configure': False, 'cmake_target': None, 'cmake_target_skip_unavailable': False, 'install_base': '/home/samuelcruz/Lab_Robotica/ros2_ws/phantom_ws/install/phantomx_pincher', 'merge_install': False, 'path': '/home/samuelcruz/Lab_Robotica/ros2_ws/phantom_ws/src/phantomx_pincher/phantomx_pincher', 'symlink_install': False, 'test_result_base': None}
[0.534s] Level 5:colcon.colcon_core.verb:set package 'phantomx_pincher_demos' build argument 'cmake_args' from command line to 'None'
[0.534s] Level 5:colcon.colcon_core.verb:set package 'phantomx_pincher_demos' build argument 'cmake_target' from command line to 'None'
[0.534s] Level 5:colcon.colcon_core.verb:set package 'phantomx_pincher_demos' build argument 'cmake_target_skip_unavailable' from command line to 'False'
[0.535s] Level 5:colcon.colcon_core.verb:set package 'phantomx_pincher_demos' build argument 'cmake_clean_cache' from command line to 'False'
[0.535s] Level 5:colcon.colcon_core.verb:set package 'phantomx_pincher_demos' build argument 'cmake_clean_first' from command line to 'False'
[0.535s] Level 5:colcon.colcon_core.verb:set package 'phantomx_pincher_demos' build argument 'cmake_force_configure' from command line to 'False'
[0.535s] Level 5:colcon.colcon_core.verb:set package 'phantomx_pincher_demos' build argument 'ament_cmake_args' from command line to 'None'
[0.535s] Level 5:colcon.colcon_core.verb:set package 'phantomx_pincher_demos' build argument 'catkin_cmake_args' from command line to 'None'
[0.535s] Level 5:colcon.colcon_core.verb:set package 'phantomx_pincher_demos' build argument 'catkin_skip_building_tests' from command line to 'False'
[0.535s] DEBUG:colcon.colcon_core.verb:Building package 'phantomx_pincher_demos' with the following arguments: {'ament_cmake_args': None, 'build_base': '/home/samuelcruz/Lab_Robotica/ros2_ws/phantom_ws/build/phantomx_pincher_demos', 'catkin_cmake_args': None, 'catkin_skip_building_tests': False, 'cmake_args': None, 'cmake_clean_cache': False, 'cmake_clean_first': False, 'cmake_force_configure': False, 'cmake_target': None, 'cmake_target_skip_unavailable': False, 'install_base': '/home/samuelcruz/Lab_Robotica/ros2_ws/phantom_ws/install/phantomx_pincher_demos', 'merge_install': False, 'path': '/home/samuelcruz/Lab_Robotica/ros2_ws/phantom_ws/src/phantomx_pincher/phantomx_pincher_demos', 'symlink_install': False, 'test_result_base': None}
[0.536s] INFO:colcon.colcon_core.executor:Executing jobs using 'parallel' executor
[0.538s] DEBUG:colcon.colcon_parallel_executor.executor.parallel:run_until_complete
[0.539s] INFO:colcon.colcon_ros.task.ament_cmake.build:Building ROS package in '/home/samuelcruz/Lab_Robotica/ros2_ws/phantom_ws/src/phantomx_pincher/phantomx_pincher_description' with build type 'ament_cmake'
[0.539s] INFO:colcon.colcon_cmake.task.cmake.build:Building CMake package in '/home/samuelcruz/Lab_Robotica/ros2_ws/phantom_ws/src/phantomx_pincher/phantomx_pincher_description'
[0.543s] INFO:colcon.colcon_core.plugin_system:Skipping extension 'colcon_core.shell.bat': Not used on non-Windows systems
[0.543s] INFO:colcon.colcon_core.shell:Skip shell extension 'powershell' for command environment: Not usable outside of PowerShell
[0.544s] DEBUG:colcon.colcon_core.shell:Skip shell extension 'dsv' for command environment
[0.554s] INFO:colcon.colcon_ros.task.ament_python.build:Building ROS package in '/home/samuelcruz/Lab_Robotica/ros2_ws/phantom_ws/src/phantom_hmi' with build type 'ament_python'
[0.555s] Level 1:colcon.colcon_core.shell:create_environment_hook('phantom_hmi', 'ament_prefix_path')
[0.555s] INFO:colcon.colcon_core.shell:Creating environment hook '/home/samuelcruz/Lab_Robotica/ros2_ws/phantom_ws/install/phantom_hmi/share/phantom_hmi/hook/ament_prefix_path.ps1'
[0.557s] INFO:colcon.colcon_core.shell:Creating environment descriptor '/home/samuelcruz/Lab_Robotica/ros2_ws/phantom_ws/install/phantom_hmi/share/phantom_hmi/hook/ament_prefix_path.dsv'
[0.560s] INFO:colcon.colcon_core.shell:Creating environment hook '/home/samuelcruz/Lab_Robotica/ros2_ws/phantom_ws/install/phantom_hmi/share/phantom_hmi/hook/ament_prefix_path.sh'
[0.561s] INFO:colcon.colcon_core.shell:Skip shell extension 'powershell' for command environment: Not usable outside of PowerShell
[0.561s] DEBUG:colcon.colcon_core.shell:Skip shell extension 'dsv' for command environment
[0.588s] DEBUG:colcon.colcon_core.event_handler.log_command:Invoking command in '/home/samuelcruz/Lab_Robotica/ros2_ws/phantom_ws/build/phantomx_pincher_description': CMAKE_PREFIX_PATH=${CMAKE_PREFIX_PATH}:/home/samuelcruz/Lab_Robotica/ros2_ws/phantom_ws/install/pincher_control:/home/samuelcruz/Lab_Robotica/ros2_ws/phantom_ws/install/phantom_rqt_hmi:/home/samuelcruz/Lab_Robotica/ros2_ws/phantom_ws/install/phantom_hmi:/opt/ros/humble /usr/bin/cmake --build /home/samuelcruz/Lab_Robotica/ros2_ws/phantom_ws/build/phantomx_pincher_description -- -j2 -l2
[0.920s] WARNING:colcon.colcon_ros.task.ament_python.build:Package 'phantom_hmi' doesn't explicitly install a marker in the package index (colcon-ros currently does it implicitly but that fallback will be removed in the future)
[0.921s] INFO:colcon.colcon_core.task.python.build:Building Python package in '/home/samuelcruz/Lab_Robotica/ros2_ws/phantom_ws/src/phantom_hmi'
[0.921s] INFO:colcon.colcon_core.shell:Skip shell extension 'powershell' for command environment: Not usable outside of PowerShell
[0.921s] DEBUG:colcon.colcon_core.shell:Skip shell extension 'dsv' for command environment
[0.944s] DEBUG:colcon.colcon_core.event_handler.log_command:Invoked command in '/home/samuelcruz/Lab_Robotica/ros2_ws/phantom_ws/build/phantomx_pincher_description' returned '0': CMAKE_PREFIX_PATH=${CMAKE_PREFIX_PATH}:/home/samuelcruz/Lab_Robotica/ros2_ws/phantom_ws/install/pincher_control:/home/samuelcruz/Lab_Robotica/ros2_ws/phantom_ws/install/phantom_rqt_hmi:/home/samuelcruz/Lab_Robotica/ros2_ws/phantom_ws/install/phantom_hmi:/opt/ros/humble /usr/bin/cmake --build /home/samuelcruz/Lab_Robotica/ros2_ws/phantom_ws/build/phantomx_pincher_description -- -j2 -l2
[0.970s] DEBUG:colcon.colcon_core.event_handler.log_command:Invoking command in '/home/samuelcruz/Lab_Robotica/ros2_ws/phantom_ws/build/phantomx_pincher_description': CMAKE_PREFIX_PATH=${CMAKE_PREFIX_PATH}:/home/samuelcruz/Lab_Robotica/ros2_ws/phantom_ws/install/pincher_control:/home/samuelcruz/Lab_Robotica/ros2_ws/phantom_ws/install/phantom_rqt_hmi:/home/samuelcruz/Lab_Robotica/ros2_ws/phantom_ws/install/phantom_hmi:/opt/ros/humble /usr/bin/cmake --install /home/samuelcruz/Lab_Robotica/ros2_ws/phantom_ws/build/phantomx_pincher_description
[1.041s] Level 1:colcon.colcon_core.environment:create_environment_scripts_only(phantomx_pincher_description)
[1.053s] DEBUG:colcon.colcon_core.event_handler.log_command:Invoked command in '/home/samuelcruz/Lab_Robotica/ros2_ws/phantom_ws/build/phantomx_pincher_description' returned '0': CMAKE_PREFIX_PATH=${CMAKE_PREFIX_PATH}:/home/samuelcruz/Lab_Robotica/ros2_ws/phantom_ws/install/pincher_control:/home/samuelcruz/Lab_Robotica/ros2_ws/phantom_ws/install/phantom_rqt_hmi:/home/samuelcruz/Lab_Robotica/ros2_ws/phantom_ws/install/phantom_hmi:/opt/ros/humble /usr/bin/cmake --install /home/samuelcruz/Lab_Robotica/ros2_ws/phantom_ws/build/phantomx_pincher_description
[1.060s] Level 1:colcon.colcon_core.environment:checking '/home/samuelcruz/Lab_Robotica/ros2_ws/phantom_ws/install/phantomx_pincher_description' for CMake module files
[1.061s] Level 1:colcon.colcon_core.environment:checking '/home/samuelcruz/Lab_Robotica/ros2_ws/phantom_ws/install/phantomx_pincher_description' for CMake config files
[1.061s] Level 1:colcon.colcon_core.shell:create_environment_hook('phantomx_pincher_description', 'cmake_prefix_path')
[1.061s] INFO:colcon.colcon_core.shell:Creating environment hook '/home/samuelcruz/Lab_Robotica/ros2_ws/phantom_ws/install/phantomx_pincher_description/share/phantomx_pincher_description/hook/cmake_prefix_path.ps1'
[1.062s] INFO:colcon.colcon_core.shell:Creating environment descriptor '/home/samuelcruz/Lab_Robotica/ros2_ws/phantom_ws/install/phantomx_pincher_description/share/phantomx_pincher_description/hook/cmake_prefix_path.dsv'
[1.063s] INFO:colcon.colcon_core.shell:Creating environment hook '/home/samuelcruz/Lab_Robotica/ros2_ws/phantom_ws/install/phantomx_pincher_description/share/phantomx_pincher_description/hook/cmake_prefix_path.sh'
[1.069s] Level 1:colcon.colcon_core.environment:checking '/home/samuelcruz/Lab_Robotica/ros2_ws/phantom_ws/install/phantomx_pincher_description/lib'
[1.069s] Level 1:colcon.colcon_core.environment:checking '/home/samuelcruz/Lab_Robotica/ros2_ws/phantom_ws/install/phantomx_pincher_description/bin'
[1.069s] Level 1:colcon.colcon_core.environment:checking '/home/samuelcruz/Lab_Robotica/ros2_ws/phantom_ws/install/phantomx_pincher_description/lib/pkgconfig/phantomx_pincher_description.pc'
[1.070s] Level 1:colcon.colcon_core.environment:checking '/home/samuelcruz/Lab_Robotica/ros2_ws/phantom_ws/install/phantomx_pincher_description/lib/python3.10/site-packages'
[1.070s] Level 1:colcon.colcon_core.environment:checking '/home/samuelcruz/Lab_Robotica/ros2_ws/phantom_ws/install/phantomx_pincher_description/bin'
[1.070s] INFO:colcon.colcon_core.shell:Creating package script '/home/samuelcruz/Lab_Robotica/ros2_ws/phantom_ws/install/phantomx_pincher_description/share/phantomx_pincher_description/package.ps1'
[1.071s] INFO:colcon.colcon_core.shell:Creating package descriptor '/home/samuelcruz/Lab_Robotica/ros2_ws/phantom_ws/install/phantomx_pincher_description/share/phantomx_pincher_description/package.dsv'
[1.086s] INFO:colcon.colcon_core.shell:Creating package script '/home/samuelcruz/Lab_Robotica/ros2_ws/phantom_ws/install/phantomx_pincher_description/share/phantomx_pincher_description/package.sh'
[1.088s] INFO:colcon.colcon_core.shell:Creating package script '/home/samuelcruz/Lab_Robotica/ros2_ws/phantom_ws/install/phantomx_pincher_description/share/phantomx_pincher_description/package.bash'
[1.089s] INFO:colcon.colcon_core.shell:Creating package script '/home/samuelcruz/Lab_Robotica/ros2_ws/phantom_ws/install/phantomx_pincher_description/share/phantomx_pincher_description/package.zsh'
[1.091s] Level 1:colcon.colcon_core.environment:create_file_with_runtime_dependencies(/home/samuelcruz/Lab_Robotica/ros2_ws/phantom_ws/install/phantomx_pincher_description/share/colcon-core/packages/phantomx_pincher_description)
[1.093s] Level 1:colcon.colcon_core.environment:create_environment_scripts_only(phantomx_pincher_description)
[1.093s] Level 1:colcon.colcon_core.environment:checking '/home/samuelcruz/Lab_Robotica/ros2_ws/phantom_ws/install/phantomx_pincher_description' for CMake module files
[1.094s] Level 1:colcon.colcon_core.environment:checking '/home/samuelcruz/Lab_Robotica/ros2_ws/phantom_ws/install/phantomx_pincher_description' for CMake config files
[1.094s] Level 1:colcon.colcon_core.shell:create_environment_hook('phantomx_pincher_description', 'cmake_prefix_path')
[1.094s] INFO:colcon.colcon_core.shell:Creating environment hook '/home/samuelcruz/Lab_Robotica/ros2_ws/phantom_ws/install/phantomx_pincher_description/share/phantomx_pincher_description/hook/cmake_prefix_path.ps1'
[1.096s] INFO:colcon.colcon_core.shell:Creating environment descriptor '/home/samuelcruz/Lab_Robotica/ros2_ws/phantom_ws/install/phantomx_pincher_description/share/phantomx_pincher_description/hook/cmake_prefix_path.dsv'
[1.097s] INFO:colcon.colcon_core.shell:Creating environment hook '/home/samuelcruz/Lab_Robotica/ros2_ws/phantom_ws/install/phantomx_pincher_description/share/phantomx_pincher_description/hook/cmake_prefix_path.sh'
[1.099s] Level 1:colcon.colcon_core.environment:checking '/home/samuelcruz/Lab_Robotica/ros2_ws/phantom_ws/install/phantomx_pincher_description/lib'
[1.099s] Level 1:colcon.colcon_core.environment:checking '/home/samuelcruz/Lab_Robotica/ros2_ws/phantom_ws/install/phantomx_pincher_description/bin'
[1.099s] Level 1:colcon.colcon_core.environment:checking '/home/samuelcruz/Lab_Robotica/ros2_ws/phantom_ws/install/phantomx_pincher_description/lib/pkgconfig/phantomx_pincher_description.pc'
[1.099s] Level 1:colcon.colcon_core.environment:checking '/home/samuelcruz/Lab_Robotica/ros2_ws/phantom_ws/install/phantomx_pincher_description/lib/python3.10/site-packages'
[1.100s] Level 1:colcon.colcon_core.environment:checking '/home/samuelcruz/Lab_Robotica/ros2_ws/phantom_ws/install/phantomx_pincher_description/bin'
[1.100s] INFO:colcon.colcon_core.shell:Creating package script '/home/samuelcruz/Lab_Robotica/ros2_ws/phantom_ws/install/phantomx_pincher_description/share/phantomx_pincher_description/package.ps1'
[1.102s] INFO:colcon.colcon_core.shell:Creating package descriptor '/home/samuelcruz/Lab_Robotica/ros2_ws/phantom_ws/install/phantomx_pincher_description/share/phantomx_pincher_description/package.dsv'
[1.103s] INFO:colcon.colcon_core.shell:Creating package script '/home/samuelcruz/Lab_Robotica/ros2_ws/phantom_ws/install/phantomx_pincher_description/share/phantomx_pincher_description/package.sh'
[1.105s] INFO:colcon.colcon_core.shell:Creating package script '/home/samuelcruz/Lab_Robotica/ros2_ws/phantom_ws/install/phantomx_pincher_description/share/phantomx_pincher_description/package.bash'
[1.106s] INFO:colcon.colcon_core.shell:Creating package script '/home/samuelcruz/Lab_Robotica/ros2_ws/phantom_ws/install/phantomx_pincher_description/share/phantomx_pincher_description/package.zsh'
[1.108s] Level 1:colcon.colcon_core.environment:create_file_with_runtime_dependencies(/home/samuelcruz/Lab_Robotica/ros2_ws/phantom_ws/install/phantomx_pincher_description/share/colcon-core/packages/phantomx_pincher_description)
[1.110s] INFO:colcon.colcon_ros.task.ament_cmake.build:Building ROS package in '/home/samuelcruz/Lab_Robotica/ros2_ws/phantom_ws/src/phantomx_pincher/phantomx_pincher_moveit_config' with build type 'ament_cmake'
[1.111s] INFO:colcon.colcon_cmake.task.cmake.build:Building CMake package in '/home/samuelcruz/Lab_Robotica/ros2_ws/phantom_ws/src/phantomx_pincher/phantomx_pincher_moveit_config'
[1.111s] INFO:colcon.colcon_core.shell:Skip shell extension 'powershell' for command environment: Not usable outside of PowerShell
[1.111s] DEBUG:colcon.colcon_core.shell:Skip shell extension 'dsv' for command environment
[1.407s] DEBUG:colcon.colcon_core.event_handler.log_command:Invoking command in '/home/samuelcruz/Lab_Robotica/ros2_ws/phantom_ws/build/phantomx_pincher_moveit_config': CMAKE_PREFIX_PATH=/home/samuelcruz/Lab_Robotica/ros2_ws/phantom_ws/install/phantomx_pincher_description:/home/samuelcruz/Lab_Robotica/ros2_ws/phantom_ws/install/phantomx_pincher_moveit_config:/home/samuelcruz/Lab_Robotica/ros2_ws/phantom_ws/install/phantomx_pincher_demos:/home/samuelcruz/Lab_Robotica/ros2_ws/phantom_ws/install/phantomx_pincher:/home/samuelcruz/Lab_Robotica/ros2_ws/phantom_ws/install/pincher_control:/home/samuelcruz/Lab_Robotica/ros2_ws/phantom_ws/install/phantom_rqt_hmi:/home/samuelcruz/Lab_Robotica/ros2_ws/phantom_ws/install/phantom_hmi:/opt/ros/humble /usr/bin/cmake --build /home/samuelcruz/Lab_Robotica/ros2_ws/phantom_ws/build/phantomx_pincher_moveit_config -- -j2 -l2
[1.545s] DEBUG:colcon.colcon_core.event_handler.log_command:Invoked command in '/home/samuelcruz/Lab_Robotica/ros2_ws/phantom_ws/build/phantomx_pincher_moveit_config' returned '0': CMAKE_PREFIX_PATH=/home/samuelcruz/Lab_Robotica/ros2_ws/phantom_ws/install/phantomx_pincher_description:/home/samuelcruz/Lab_Robotica/ros2_ws/phantom_ws/install/phantomx_pincher_moveit_config:/home/samuelcruz/Lab_Robotica/ros2_ws/phantom_ws/install/phantomx_pincher_demos:/home/samuelcruz/Lab_Robotica/ros2_ws/phantom_ws/install/phantomx_pincher:/home/samuelcruz/Lab_Robotica/ros2_ws/phantom_ws/install/pincher_control:/home/samuelcruz/Lab_Robotica/ros2_ws/phantom_ws/install/phantom_rqt_hmi:/home/samuelcruz/Lab_Robotica/ros2_ws/phantom_ws/install/phantom_hmi:/opt/ros/humble /usr/bin/cmake --build /home/samuelcruz/Lab_Robotica/ros2_ws/phantom_ws/build/phantomx_pincher_moveit_config -- -j2 -l2
[1.545s] DEBUG:colcon.colcon_core.event_handler.log_command:Invoking command in '/home/samuelcruz/Lab_Robotica/ros2_ws/phantom_ws/build/phantomx_pincher_moveit_config': CMAKE_PREFIX_PATH=/home/samuelcruz/Lab_Robotica/ros2_ws/phantom_ws/install/phantomx_pincher_description:/home/samuelcruz/Lab_Robotica/ros2_ws/phantom_ws/install/phantomx_pincher_moveit_config:/home/samuelcruz/Lab_Robotica/ros2_ws/phantom_ws/install/phantomx_pincher_demos:/home/samuelcruz/Lab_Robotica/ros2_ws/phantom_ws/install/phantomx_pincher:/home/samuelcruz/Lab_Robotica/ros2_ws/phantom_ws/install/pincher_control:/home/samuelcruz/Lab_Robotica/ros2_ws/phantom_ws/install/phantom_rqt_hmi:/home/samuelcruz/Lab_Robotica/ros2_ws/phantom_ws/install/phantom_hmi:/opt/ros/humble /usr/bin/cmake --install /home/samuelcruz/Lab_Robotica/ros2_ws/phantom_ws/build/phantomx_pincher_moveit_config
[1.616s] Level 1:colcon.colcon_core.environment:create_environment_scripts_only(phantomx_pincher_moveit_config)
[1.617s] Level 1:colcon.colcon_core.environment:checking '/home/samuelcruz/Lab_Robotica/ros2_ws/phantom_ws/install/phantomx_pincher_moveit_config' for CMake module files
[1.617s] Level 1:colcon.colcon_core.environment:checking '/home/samuelcruz/Lab_Robotica/ros2_ws/phantom_ws/install/phantomx_pincher_moveit_config' for CMake config files
[1.618s] Level 1:colcon.colcon_core.shell:create_environment_hook('phantomx_pincher_moveit_config', 'cmake_prefix_path')
[1.618s] INFO:colcon.colcon_core.shell:Creating environment hook '/home/samuelcruz/Lab_Robotica/ros2_ws/phantom_ws/install/phantomx_pincher_moveit_config/share/phantomx_pincher_moveit_config/hook/cmake_prefix_path.ps1'
[1.622s] INFO:colcon.colcon_core.shell:Creating environment descriptor '/home/samuelcruz/Lab_Robotica/ros2_ws/phantom_ws/install/phantomx_pincher_moveit_config/share/phantomx_pincher_moveit_config/hook/cmake_prefix_path.dsv'
[1.626s] INFO:colcon.colcon_core.shell:Creating environment hook '/home/samuelcruz/Lab_Robotica/ros2_ws/phantom_ws/install/phantomx_pincher_moveit_config/share/phantomx_pincher_moveit_config/hook/cmake_prefix_path.sh'
[1.629s] Level 1:colcon.colcon_core.environment:checking '/home/samuelcruz/Lab_Robotica/ros2_ws/phantom_ws/install/phantomx_pincher_moveit_config/bin'
[1.629s] Level 1:colcon.colcon_core.environment:checking '/home/samuelcruz/Lab_Robotica/ros2_ws/phantom_ws/install/phantomx_pincher_moveit_config/lib/pkgconfig/phantomx_pincher_moveit_config.pc'
[1.630s] Level 1:colcon.colcon_core.environment:checking '/home/samuelcruz/Lab_Robotica/ros2_ws/phantom_ws/install/phantomx_pincher_moveit_config/lib/python3.10/site-packages'
[1.630s] Level 1:colcon.colcon_core.environment:checking '/home/samuelcruz/Lab_Robotica/ros2_ws/phantom_ws/install/phantomx_pincher_moveit_config/bin'
[1.631s] INFO:colcon.colcon_core.shell:Creating package script '/home/samuelcruz/Lab_Robotica/ros2_ws/phantom_ws/install/phantomx_pincher_moveit_config/share/phantomx_pincher_moveit_config/package.ps1'
[1.633s] DEBUG:colcon.colcon_core.event_handler.log_command:Invoked command in '/home/samuelcruz/Lab_Robotica/ros2_ws/phantom_ws/build/phantomx_pincher_moveit_config' returned '0': CMAKE_PREFIX_PATH=/home/samuelcruz/Lab_Robotica/ros2_ws/phantom_ws/install/phantomx_pincher_description:/home/samuelcruz/Lab_Robotica/ros2_ws/phantom_ws/install/phantomx_pincher_moveit_config:/home/samuelcruz/Lab_Robotica/ros2_ws/phantom_ws/install/phantomx_pincher_demos:/home/samuelcruz/Lab_Robotica/ros2_ws/phantom_ws/install/phantomx_pincher:/home/samuelcruz/Lab_Robotica/ros2_ws/phantom_ws/install/pincher_control:/home/samuelcruz/Lab_Robotica/ros2_ws/phantom_ws/install/phantom_rqt_hmi:/home/samuelcruz/Lab_Robotica/ros2_ws/phantom_ws/install/phantom_hmi:/opt/ros/humble /usr/bin/cmake --install /home/samuelcruz/Lab_Robotica/ros2_ws/phantom_ws/build/phantomx_pincher_moveit_config
[1.634s] INFO:colcon.colcon_core.shell:Creating package descriptor '/home/samuelcruz/Lab_Robotica/ros2_ws/phantom_ws/install/phantomx_pincher_moveit_config/share/phantomx_pincher_moveit_config/package.dsv'
[1.637s] INFO:colcon.colcon_core.shell:Creating package script '/home/samuelcruz/Lab_Robotica/ros2_ws/phantom_ws/install/phantomx_pincher_moveit_config/share/phantomx_pincher_moveit_config/package.sh'
[1.639s] INFO:colcon.colcon_core.shell:Creating package script '/home/samuelcruz/Lab_Robotica/ros2_ws/phantom_ws/install/phantomx_pincher_moveit_config/share/phantomx_pincher_moveit_config/package.bash'
[1.641s] INFO:colcon.colcon_core.shell:Creating package script '/home/samuelcruz/Lab_Robotica/ros2_ws/phantom_ws/install/phantomx_pincher_moveit_config/share/phantomx_pincher_moveit_config/package.zsh'
[1.643s] Level 1:colcon.colcon_core.environment:create_file_with_runtime_dependencies(/home/samuelcruz/Lab_Robotica/ros2_ws/phantom_ws/install/phantomx_pincher_moveit_config/share/colcon-core/packages/phantomx_pincher_moveit_config)
[1.645s] Level 1:colcon.colcon_core.environment:create_environment_scripts_only(phantomx_pincher_moveit_config)
[1.646s] Level 1:colcon.colcon_core.environment:checking '/home/samuelcruz/Lab_Robotica/ros2_ws/phantom_ws/install/phantomx_pincher_moveit_config' for CMake module files
[1.646s] Level 1:colcon.colcon_core.environment:checking '/home/samuelcruz/Lab_Robotica/ros2_ws/phantom_ws/install/phantomx_pincher_moveit_config' for CMake config files
[1.647s] Level 1:colcon.colcon_core.shell:create_environment_hook('phantomx_pincher_moveit_config', 'cmake_prefix_path')
[1.647s] INFO:colcon.colcon_core.shell:Creating environment hook '/home/samuelcruz/Lab_Robotica/ros2_ws/phantom_ws/install/phantomx_pincher_moveit_config/share/phantomx_pincher_moveit_config/hook/cmake_prefix_path.ps1'
[1.649s] INFO:colcon.colcon_core.shell:Creating environment descriptor '/home/samuelcruz/Lab_Robotica/ros2_ws/phantom_ws/install/phantomx_pincher_moveit_config/share/phantomx_pincher_moveit_config/hook/cmake_prefix_path.dsv'
[1.650s] INFO:colcon.colcon_core.shell:Creating environment hook '/home/samuelcruz/Lab_Robotica/ros2_ws/phantom_ws/install/phantomx_pincher_moveit_config/share/phantomx_pincher_moveit_config/hook/cmake_prefix_path.sh'
[1.652s] Level 1:colcon.colcon_core.environment:checking '/home/samuelcruz/Lab_Robotica/ros2_ws/phantom_ws/install/phantomx_pincher_moveit_config/bin'
[1.653s] Level 1:colcon.colcon_core.environment:checking '/home/samuelcruz/Lab_Robotica/ros2_ws/phantom_ws/install/phantomx_pincher_moveit_config/lib/pkgconfig/phantomx_pincher_moveit_config.pc'
[1.653s] Level 1:colcon.colcon_core.environment:checking '/home/samuelcruz/Lab_Robotica/ros2_ws/phantom_ws/install/phantomx_pincher_moveit_config/lib/python3.10/site-packages'
[1.653s] Level 1:colcon.colcon_core.environment:checking '/home/samuelcruz/Lab_Robotica/ros2_ws/phantom_ws/install/phantomx_pincher_moveit_config/bin'
[1.654s] INFO:colcon.colcon_core.shell:Creating package script '/home/samuelcruz/Lab_Robotica/ros2_ws/phantom_ws/install/phantomx_pincher_moveit_config/share/phantomx_pincher_moveit_config/package.ps1'
[1.655s] INFO:colcon.colcon_core.shell:Creating package descriptor '/home/samuelcruz/Lab_Robotica/ros2_ws/phantom_ws/install/phantomx_pincher_moveit_config/share/phantomx_pincher_moveit_config/package.dsv'
[1.657s] INFO:colcon.colcon_core.shell:Creating package script '/home/samuelcruz/Lab_Robotica/ros2_ws/phantom_ws/install/phantomx_pincher_moveit_config/share/phantomx_pincher_moveit_config/package.sh'
[1.659s] INFO:colcon.colcon_core.shell:Creating package script '/home/samuelcruz/Lab_Robotica/ros2_ws/phantom_ws/install/phantomx_pincher_moveit_config/share/phantomx_pincher_moveit_config/package.bash'
[1.661s] INFO:colcon.colcon_core.shell:Creating package script '/home/samuelcruz/Lab_Robotica/ros2_ws/phantom_ws/install/phantomx_pincher_moveit_config/share/phantomx_pincher_moveit_config/package.zsh'
[1.662s] Level 1:colcon.colcon_core.environment:create_file_with_runtime_dependencies(/home/samuelcruz/Lab_Robotica/ros2_ws/phantom_ws/install/phantomx_pincher_moveit_config/share/colcon-core/packages/phantomx_pincher_moveit_config)
[1.663s] INFO:colcon.colcon_ros.task.ament_cmake.build:Building ROS package in '/home/samuelcruz/Lab_Robotica/ros2_ws/phantom_ws/src/phantomx_pincher/phantomx_pincher' with build type 'ament_cmake'
[1.664s] INFO:colcon.colcon_cmake.task.cmake.build:Building CMake package in '/home/samuelcruz/Lab_Robotica/ros2_ws/phantom_ws/src/phantomx_pincher/phantomx_pincher'
[1.665s] INFO:colcon.colcon_core.shell:Skip shell extension 'powershell' for command environment: Not usable outside of PowerShell
[1.665s] DEBUG:colcon.colcon_core.shell:Skip shell extension 'dsv' for command environment
[1.688s] DEBUG:colcon.colcon_core.event_handler.log_command:Invoking command in '/home/samuelcruz/Lab_Robotica/ros2_ws/phantom_ws/src/phantom_hmi': PYTHONPATH=/home/samuelcruz/Lab_Robotica/ros2_ws/phantom_ws/build/phantom_hmi/prefix_override:/usr/lib/python3/dist-packages/colcon_core/task/python/colcon_distutils_commands:/home/samuelcruz/Lab_Robotica/ros2_ws/phantom_ws/install/phantom_hmi/lib/python3.10/site-packages:${PYTHONPATH} /usr/bin/python3 -W ignore:setup.py install is deprecated -W ignore:easy_install command is deprecated setup.py egg_info --egg-base ../../build/phantom_hmi build --build-base /home/samuelcruz/Lab_Robotica/ros2_ws/phantom_ws/build/phantom_hmi/build install --record /home/samuelcruz/Lab_Robotica/ros2_ws/phantom_ws/build/phantom_hmi/install.log --single-version-externally-managed install_data
[1.850s] DEBUG:colcon.colcon_core.event_handler.log_command:Invoking command in '/home/samuelcruz/Lab_Robotica/ros2_ws/phantom_ws/build/phantomx_pincher': CMAKE_PREFIX_PATH=${CMAKE_PREFIX_PATH}:/home/samuelcruz/Lab_Robotica/ros2_ws/phantom_ws/install/pincher_control:/home/samuelcruz/Lab_Robotica/ros2_ws/phantom_ws/install/phantom_rqt_hmi:/home/samuelcruz/Lab_Robotica/ros2_ws/phantom_ws/install/phantom_hmi:/opt/ros/humble /usr/bin/cmake --build /home/samuelcruz/Lab_Robotica/ros2_ws/phantom_ws/build/phantomx_pincher -- -j2 -l2
[2.013s] DEBUG:colcon.colcon_core.event_handler.log_command:Invoked command in '/home/samuelcruz/Lab_Robotica/ros2_ws/phantom_ws/build/phantomx_pincher' returned '0': CMAKE_PREFIX_PATH=${CMAKE_PREFIX_PATH}:/home/samuelcruz/Lab_Robotica/ros2_ws/phantom_ws/install/pincher_control:/home/samuelcruz/Lab_Robotica/ros2_ws/phantom_ws/install/phantom_rqt_hmi:/home/samuelcruz/Lab_Robotica/ros2_ws/phantom_ws/install/phantom_hmi:/opt/ros/humble /usr/bin/cmake --build /home/samuelcruz/Lab_Robotica/ros2_ws/phantom_ws/build/phantomx_pincher -- -j2 -l2
[2.014s] DEBUG:colcon.colcon_core.event_handler.log_command:Invoking command in '/home/samuelcruz/Lab_Robotica/ros2_ws/phantom_ws/build/phantomx_pincher': CMAKE_PREFIX_PATH=${CMAKE_PREFIX_PATH}:/home/samuelcruz/Lab_Robotica/ros2_ws/phantom_ws/install/pincher_control:/home/samuelcruz/Lab_Robotica/ros2_ws/phantom_ws/install/phantom_rqt_hmi:/home/samuelcruz/Lab_Robotica/ros2_ws/phantom_ws/install/phantom_hmi:/opt/ros/humble /usr/bin/cmake --install /home/samuelcruz/Lab_Robotica/ros2_ws/phantom_ws/build/phantomx_pincher
[2.050s] Level 1:colcon.colcon_core.environment:create_environment_scripts_only(phantomx_pincher)
[2.050s] Level 1:colcon.colcon_core.environment:checking '/home/samuelcruz/Lab_Robotica/ros2_ws/phantom_ws/install/phantomx_pincher' for CMake module files
[2.051s] Level 1:colcon.colcon_core.environment:checking '/home/samuelcruz/Lab_Robotica/ros2_ws/phantom_ws/install/phantomx_pincher' for CMake config files
[2.051s] Level 1:colcon.colcon_core.shell:create_environment_hook('phantomx_pincher', 'cmake_prefix_path')
[2.051s] INFO:colcon.colcon_core.shell:Creating environment hook '/home/samuelcruz/Lab_Robotica/ros2_ws/phantom_ws/install/phantomx_pincher/share/phantomx_pincher/hook/cmake_prefix_path.ps1'
[2.056s] DEBUG:colcon.colcon_core.event_handler.log_command:Invoked command in '/home/samuelcruz/Lab_Robotica/ros2_ws/phantom_ws/build/phantomx_pincher' returned '0': CMAKE_PREFIX_PATH=${CMAKE_PREFIX_PATH}:/home/samuelcruz/Lab_Robotica/ros2_ws/phantom_ws/install/pincher_control:/home/samuelcruz/Lab_Robotica/ros2_ws/phantom_ws/install/phantom_rqt_hmi:/home/samuelcruz/Lab_Robotica/ros2_ws/phantom_ws/install/phantom_hmi:/opt/ros/humble /usr/bin/cmake --install /home/samuelcruz/Lab_Robotica/ros2_ws/phantom_ws/build/phantomx_pincher
[2.056s] INFO:colcon.colcon_core.shell:Creating environment descriptor '/home/samuelcruz/Lab_Robotica/ros2_ws/phantom_ws/install/phantomx_pincher/share/phantomx_pincher/hook/cmake_prefix_path.dsv'
[2.058s] INFO:colcon.colcon_core.shell:Creating environment hook '/home/samuelcruz/Lab_Robotica/ros2_ws/phantom_ws/install/phantomx_pincher/share/phantomx_pincher/hook/cmake_prefix_path.sh'
[2.059s] Level 1:colcon.colcon_core.environment:checking '/home/samuelcruz/Lab_Robotica/ros2_ws/phantom_ws/install/phantomx_pincher/bin'
[2.060s] Level 1:colcon.colcon_core.environment:checking '/home/samuelcruz/Lab_Robotica/ros2_ws/phantom_ws/install/phantomx_pincher/lib/pkgconfig/phantomx_pincher.pc'
[2.060s] Level 1:colcon.colcon_core.environment:checking '/home/samuelcruz/Lab_Robotica/ros2_ws/phantom_ws/install/phantomx_pincher/lib/python3.10/site-packages'
[2.060s] Level 1:colcon.colcon_core.environment:checking '/home/samuelcruz/Lab_Robotica/ros2_ws/phantom_ws/install/phantomx_pincher/bin'
[2.060s] INFO:colcon.colcon_core.shell:Creating package script '/home/samuelcruz/Lab_Robotica/ros2_ws/phantom_ws/install/phantomx_pincher/share/phantomx_pincher/package.ps1'
[2.061s] INFO:colcon.colcon_core.shell:Creating package descriptor '/home/samuelcruz/Lab_Robotica/ros2_ws/phantom_ws/install/phantomx_pincher/share/phantomx_pincher/package.dsv'
[2.072s] INFO:colcon.colcon_core.shell:Creating package script '/home/samuelcruz/Lab_Robotica/ros2_ws/phantom_ws/install/phantomx_pincher/share/phantomx_pincher/package.sh'
[2.074s] INFO:colcon.colcon_core.shell:Creating package script '/home/samuelcruz/Lab_Robotica/ros2_ws/phantom_ws/install/phantomx_pincher/share/phantomx_pincher/package.bash'
[2.076s] INFO:colcon.colcon_core.shell:Creating package script '/home/samuelcruz/Lab_Robotica/ros2_ws/phantom_ws/install/phantomx_pincher/share/phantomx_pincher/package.zsh'
[2.078s] Level 1:colcon.colcon_core.environment:create_file_with_runtime_dependencies(/home/samuelcruz/Lab_Robotica/ros2_ws/phantom_ws/install/phantomx_pincher/share/colcon-core/packages/phantomx_pincher)
[2.078s] Level 1:colcon.colcon_core.environment:create_environment_scripts_only(phantomx_pincher)
[2.079s] Level 1:colcon.colcon_core.environment:checking '/home/samuelcruz/Lab_Robotica/ros2_ws/phantom_ws/install/phantomx_pincher' for CMake module files
[2.079s] Level 1:colcon.colcon_core.environment:checking '/home/samuelcruz/Lab_Robotica/ros2_ws/phantom_ws/install/phantomx_pincher' for CMake config files
[2.079s] Level 1:colcon.colcon_core.shell:create_environment_hook('phantomx_pincher', 'cmake_prefix_path')
[2.080s] INFO:colcon.colcon_core.shell:Creating environment hook '/home/samuelcruz/Lab_Robotica/ros2_ws/phantom_ws/install/phantomx_pincher/share/phantomx_pincher/hook/cmake_prefix_path.ps1'
[2.082s] INFO:colcon.colcon_core.shell:Creating environment descriptor '/home/samuelcruz/Lab_Robotica/ros2_ws/phantom_ws/install/phantomx_pincher/share/phantomx_pincher/hook/cmake_prefix_path.dsv'
[2.083s] INFO:colcon.colcon_core.shell:Creating environment hook '/home/samuelcruz/Lab_Robotica/ros2_ws/phantom_ws/install/phantomx_pincher/share/phantomx_pincher/hook/cmake_prefix_path.sh'
[2.085s] Level 1:colcon.colcon_core.environment:checking '/home/samuelcruz/Lab_Robotica/ros2_ws/phantom_ws/install/phantomx_pincher/bin'
[2.086s] Level 1:colcon.colcon_core.environment:checking '/home/samuelcruz/Lab_Robotica/ros2_ws/phantom_ws/install/phantomx_pincher/lib/pkgconfig/phantomx_pincher.pc'
[2.087s] Level 1:colcon.colcon_core.environment:checking '/home/samuelcruz/Lab_Robotica/ros2_ws/phantom_ws/install/phantomx_pincher/lib/python3.10/site-packages'
[2.098s] Level 1:colcon.colcon_core.environment:checking '/home/samuelcruz/Lab_Robotica/ros2_ws/phantom_ws/install/phantomx_pincher/bin'
[2.102s] INFO:colcon.colcon_core.shell:Creating package script '/home/samuelcruz/Lab_Robotica/ros2_ws/phantom_ws/install/phantomx_pincher/share/phantomx_pincher/package.ps1'
[2.103s] INFO:colcon.colcon_core.shell:Creating package descriptor '/home/samuelcruz/Lab_Robotica/ros2_ws/phantom_ws/install/phantomx_pincher/share/phantomx_pincher/package.dsv'
[2.110s] INFO:colcon.colcon_core.shell:Creating package script '/home/samuelcruz/Lab_Robotica/ros2_ws/phantom_ws/install/phantomx_pincher/share/phantomx_pincher/package.sh'
[2.112s] INFO:colcon.colcon_core.shell:Creating package script '/home/samuelcruz/Lab_Robotica/ros2_ws/phantom_ws/install/phantomx_pincher/share/phantomx_pincher/package.bash'
[2.113s] INFO:colcon.colcon_core.shell:Creating package script '/home/samuelcruz/Lab_Robotica/ros2_ws/phantom_ws/install/phantomx_pincher/share/phantomx_pincher/package.zsh'
[2.115s] Level 1:colcon.colcon_core.environment:create_file_with_runtime_dependencies(/home/samuelcruz/Lab_Robotica/ros2_ws/phantom_ws/install/phantomx_pincher/share/colcon-core/packages/phantomx_pincher)
[2.136s] INFO:colcon.colcon_ros.task.ament_python.build:Building ROS package in '/home/samuelcruz/Lab_Robotica/ros2_ws/phantom_ws/src/pincher_control' with build type 'ament_python'
[2.136s] Level 1:colcon.colcon_core.shell:create_environment_hook('pincher_control', 'ament_prefix_path')
[2.137s] INFO:colcon.colcon_core.shell:Creating environment hook '/home/samuelcruz/Lab_Robotica/ros2_ws/phantom_ws/install/pincher_control/share/pincher_control/hook/ament_prefix_path.ps1'
[2.142s] INFO:colcon.colcon_core.shell:Creating environment descriptor '/home/samuelcruz/Lab_Robotica/ros2_ws/phantom_ws/install/pincher_control/share/pincher_control/hook/ament_prefix_path.dsv'
[2.142s] INFO:colcon.colcon_core.shell:Creating environment hook '/home/samuelcruz/Lab_Robotica/ros2_ws/phantom_ws/install/pincher_control/share/pincher_control/hook/ament_prefix_path.sh'
[2.144s] INFO:colcon.colcon_core.shell:Skip shell extension 'powershell' for command environment: Not usable outside of PowerShell
[2.144s] DEBUG:colcon.colcon_core.shell:Skip shell extension 'dsv' for command environment
[2.856s] INFO:colcon.colcon_core.task.python.build:Building Python package in '/home/samuelcruz/Lab_Robotica/ros2_ws/phantom_ws/src/pincher_control'
[2.856s] INFO:colcon.colcon_core.shell:Skip shell extension 'powershell' for command environment: Not usable outside of PowerShell
[2.856s] DEBUG:colcon.colcon_core.shell:Skip shell extension 'dsv' for command environment
[2.869s] Level 1:colcon.colcon_core.environment:checking '/home/samuelcruz/Lab_Robotica/ros2_ws/phantom_ws/install/phantom_hmi' for CMake module files
[2.869s] Level 1:colcon.colcon_core.environment:checking '/home/samuelcruz/Lab_Robotica/ros2_ws/phantom_ws/install/phantom_hmi' for CMake config files
[2.870s] Level 1:colcon.colcon_core.environment:checking '/home/samuelcruz/Lab_Robotica/ros2_ws/phantom_ws/install/phantom_hmi/lib'
[2.870s] Level 1:colcon.colcon_core.environment:checking '/home/samuelcruz/Lab_Robotica/ros2_ws/phantom_ws/install/phantom_hmi/bin'
[2.870s] Level 1:colcon.colcon_core.environment:checking '/home/samuelcruz/Lab_Robotica/ros2_ws/phantom_ws/install/phantom_hmi/lib/pkgconfig/phantom_hmi.pc'
[2.870s] Level 1:colcon.colcon_core.environment:checking '/home/samuelcruz/Lab_Robotica/ros2_ws/phantom_ws/install/phantom_hmi/lib/python3.10/site-packages'
[2.870s] Level 1:colcon.colcon_core.shell:create_environment_hook('phantom_hmi', 'pythonpath')
[2.871s] INFO:colcon.colcon_core.shell:Creating environment hook '/home/samuelcruz/Lab_Robotica/ros2_ws/phantom_ws/install/phantom_hmi/share/phantom_hmi/hook/pythonpath.ps1'
[2.876s] DEBUG:colcon.colcon_core.event_handler.log_command:Invoked command in '/home/samuelcruz/Lab_Robotica/ros2_ws/phantom_ws/src/phantom_hmi' returned '0': PYTHONPATH=/home/samuelcruz/Lab_Robotica/ros2_ws/phantom_ws/build/phantom_hmi/prefix_override:/usr/lib/python3/dist-packages/colcon_core/task/python/colcon_distutils_commands:/home/samuelcruz/Lab_Robotica/ros2_ws/phantom_ws/install/phantom_hmi/lib/python3.10/site-packages:${PYTHONPATH} /usr/bin/python3 -W ignore:setup.py install is deprecated -W ignore:easy_install command is deprecated setup.py egg_info --egg-base ../../build/phantom_hmi build --build-base /home/samuelcruz/Lab_Robotica/ros2_ws/phantom_ws/build/phantom_hmi/build install --record /home/samuelcruz/Lab_Robotica/ros2_ws/phantom_ws/build/phantom_hmi/install.log --single-version-externally-managed install_data
[2.881s] INFO:colcon.colcon_core.shell:Creating environment descriptor '/home/samuelcruz/Lab_Robotica/ros2_ws/phantom_ws/install/phantom_hmi/share/phantom_hmi/hook/pythonpath.dsv'
[2.882s] INFO:colcon.colcon_core.shell:Creating environment hook '/home/samuelcruz/Lab_Robotica/ros2_ws/phantom_ws/install/phantom_hmi/share/phantom_hmi/hook/pythonpath.sh'
[2.888s] Level 1:colcon.colcon_core.environment:checking '/home/samuelcruz/Lab_Robotica/ros2_ws/phantom_ws/install/phantom_hmi/bin'
[2.888s] Level 1:colcon.colcon_core.environment:create_environment_scripts_only(phantom_hmi)
[2.889s] INFO:colcon.colcon_core.shell:Creating package script '/home/samuelcruz/Lab_Robotica/ros2_ws/phantom_ws/install/phantom_hmi/share/phantom_hmi/package.ps1'
[2.890s] INFO:colcon.colcon_core.shell:Creating package descriptor '/home/samuelcruz/Lab_Robotica/ros2_ws/phantom_ws/install/phantom_hmi/share/phantom_hmi/package.dsv'
[2.897s] INFO:colcon.colcon_core.shell:Creating package script '/home/samuelcruz/Lab_Robotica/ros2_ws/phantom_ws/install/phantom_hmi/share/phantom_hmi/package.sh'
[2.898s] INFO:colcon.colcon_core.shell:Creating package script '/home/samuelcruz/Lab_Robotica/ros2_ws/phantom_ws/install/phantom_hmi/share/phantom_hmi/package.bash'
[2.910s] INFO:colcon.colcon_core.shell:Creating package script '/home/samuelcruz/Lab_Robotica/ros2_ws/phantom_ws/install/phantom_hmi/share/phantom_hmi/package.zsh'
[2.922s] Level 1:colcon.colcon_core.environment:create_file_with_runtime_dependencies(/home/samuelcruz/Lab_Robotica/ros2_ws/phantom_ws/install/phantom_hmi/share/colcon-core/packages/phantom_hmi)
[2.924s] INFO:colcon.colcon_ros.task.ament_cmake.build:Building ROS package in '/home/samuelcruz/Lab_Robotica/ros2_ws/phantom_ws/src/phantomx_pincher/phantomx_pincher_demos' with build type 'ament_cmake'
[2.924s] INFO:colcon.colcon_cmake.task.cmake.build:Building CMake package in '/home/samuelcruz/Lab_Robotica/ros2_ws/phantom_ws/src/phantomx_pincher/phantomx_pincher_demos'
[2.925s] INFO:colcon.colcon_core.shell:Skip shell extension 'powershell' for command environment: Not usable outside of PowerShell
[2.925s] DEBUG:colcon.colcon_core.shell:Skip shell extension 'dsv' for command environment
[2.998s] DEBUG:colcon.colcon_core.event_handler.log_command:Invoking command in '/home/samuelcruz/Lab_Robotica/ros2_ws/phantom_ws/build/phantomx_pincher_demos': CMAKE_PREFIX_PATH=/home/samuelcruz/Lab_Robotica/ros2_ws/phantom_ws/install/phantomx_pincher:/home/samuelcruz/Lab_Robotica/ros2_ws/phantom_ws/install/phantomx_pincher_moveit_config:/home/samuelcruz/Lab_Robotica/ros2_ws/phantom_ws/install/phantomx_pincher_description:/home/samuelcruz/Lab_Robotica/ros2_ws/phantom_ws/install/phantomx_pincher_demos:/home/samuelcruz/Lab_Robotica/ros2_ws/phantom_ws/install/pincher_control:/home/samuelcruz/Lab_Robotica/ros2_ws/phantom_ws/install/phantom_rqt_hmi:/home/samuelcruz/Lab_Robotica/ros2_ws/phantom_ws/install/phantom_hmi:/opt/ros/humble /usr/bin/cmake --build /home/samuelcruz/Lab_Robotica/ros2_ws/phantom_ws/build/phantomx_pincher_demos -- -j2 -l2
[3.288s] DEBUG:colcon.colcon_core.event_handler.log_command:Invoked command in '/home/samuelcruz/Lab_Robotica/ros2_ws/phantom_ws/build/phantomx_pincher_demos' returned '0': CMAKE_PREFIX_PATH=/home/samuelcruz/Lab_Robotica/ros2_ws/phantom_ws/install/phantomx_pincher:/home/samuelcruz/Lab_Robotica/ros2_ws/phantom_ws/install/phantomx_pincher_moveit_config:/home/samuelcruz/Lab_Robotica/ros2_ws/phantom_ws/install/phantomx_pincher_description:/home/samuelcruz/Lab_Robotica/ros2_ws/phantom_ws/install/phantomx_pincher_demos:/home/samuelcruz/Lab_Robotica/ros2_ws/phantom_ws/install/pincher_control:/home/samuelcruz/Lab_Robotica/ros2_ws/phantom_ws/install/phantom_rqt_hmi:/home/samuelcruz/Lab_Robotica/ros2_ws/phantom_ws/install/phantom_hmi:/opt/ros/humble /usr/bin/cmake --build /home/samuelcruz/Lab_Robotica/ros2_ws/phantom_ws/build/phantomx_pincher_demos -- -j2 -l2
[3.289s] DEBUG:colcon.colcon_core.event_handler.log_command:Invoking command in '/home/samuelcruz/Lab_Robotica/ros2_ws/phantom_ws/build/phantomx_pincher_demos': CMAKE_PREFIX_PATH=/home/samuelcruz/Lab_Robotica/ros2_ws/phantom_ws/install/phantomx_pincher:/home/samuelcruz/Lab_Robotica/ros2_ws/phantom_ws/install/phantomx_pincher_moveit_config:/home/samuelcruz/Lab_Robotica/ros2_ws/phantom_ws/install/phantomx_pincher_description:/home/samuelcruz/Lab_Robotica/ros2_ws/phantom_ws/install/phantomx_pincher_demos:/home/samuelcruz/Lab_Robotica/ros2_ws/phantom_ws/install/pincher_control:/home/samuelcruz/Lab_Robotica/ros2_ws/phantom_ws/install/phantom_rqt_hmi:/home/samuelcruz/Lab_Robotica/ros2_ws/phantom_ws/install/phantom_hmi:/opt/ros/humble /usr/bin/cmake --install /home/samuelcruz/Lab_Robotica/ros2_ws/phantom_ws/build/phantomx_pincher_demos
[3.330s] Level 1:colcon.colcon_core.environment:create_environment_scripts_only(phantomx_pincher_demos)
[3.330s] Level 1:colcon.colcon_core.environment:checking '/home/samuelcruz/Lab_Robotica/ros2_ws/phantom_ws/install/phantomx_pincher_demos' for CMake module files
[3.331s] Level 1:colcon.colcon_core.environment:checking '/home/samuelcruz/Lab_Robotica/ros2_ws/phantom_ws/install/phantomx_pincher_demos' for CMake config files
[3.331s] Level 1:colcon.colcon_core.shell:create_environment_hook('phantomx_pincher_demos', 'cmake_prefix_path')
[3.332s] INFO:colcon.colcon_core.shell:Creating environment hook '/home/samuelcruz/Lab_Robotica/ros2_ws/phantom_ws/install/phantomx_pincher_demos/share/phantomx_pincher_demos/hook/cmake_prefix_path.ps1'
[3.598s] DEBUG:colcon.colcon_core.event_handler.log_command:Invoked command in '/home/samuelcruz/Lab_Robotica/ros2_ws/phantom_ws/build/phantomx_pincher_demos' returned '0': CMAKE_PREFIX_PATH=/home/samuelcruz/Lab_Robotica/ros2_ws/phantom_ws/install/phantomx_pincher:/home/samuelcruz/Lab_Robotica/ros2_ws/phantom_ws/install/phantomx_pincher_moveit_config:/home/samuelcruz/Lab_Robotica/ros2_ws/phantom_ws/install/phantomx_pincher_description:/home/samuelcruz/Lab_Robotica/ros2_ws/phantom_ws/install/phantomx_pincher_demos:/home/samuelcruz/Lab_Robotica/ros2_ws/phantom_ws/install/pincher_control:/home/samuelcruz/Lab_Robotica/ros2_ws/phantom_ws/install/phantom_rqt_hmi:/home/samuelcruz/Lab_Robotica/ros2_ws/phantom_ws/install/phantom_hmi:/opt/ros/humble /usr/bin/cmake --install /home/samuelcruz/Lab_Robotica/ros2_ws/phantom_ws/build/phantomx_pincher_demos
[3.599s] INFO:colcon.colcon_core.shell:Creating environment descriptor '/home/samuelcruz/Lab_Robotica/ros2_ws/phantom_ws/install/phantomx_pincher_demos/share/phantomx_pincher_demos/hook/cmake_prefix_path.dsv'
[3.600s] INFO:colcon.colcon_core.shell:Creating environment hook '/home/samuelcruz/Lab_Robotica/ros2_ws/phantom_ws/install/phantomx_pincher_demos/share/phantomx_pincher_demos/hook/cmake_prefix_path.sh'
[3.606s] Level 1:colcon.colcon_core.environment:checking '/home/samuelcruz/Lab_Robotica/ros2_ws/phantom_ws/install/phantomx_pincher_demos/lib'
[3.606s] Level 1:colcon.colcon_core.environment:checking '/home/samuelcruz/Lab_Robotica/ros2_ws/phantom_ws/install/phantomx_pincher_demos/bin'
[3.606s] Level 1:colcon.colcon_core.environment:checking '/home/samuelcruz/Lab_Robotica/ros2_ws/phantom_ws/install/phantomx_pincher_demos/lib/pkgconfig/phantomx_pincher_demos.pc'
[3.607s] Level 1:colcon.colcon_core.environment:checking '/home/samuelcruz/Lab_Robotica/ros2_ws/phantom_ws/install/phantomx_pincher_demos/lib/python3.10/site-packages'
[3.607s] Level 1:colcon.colcon_core.environment:checking '/home/samuelcruz/Lab_Robotica/ros2_ws/phantom_ws/install/phantomx_pincher_demos/bin'
[3.608s] INFO:colcon.colcon_core.shell:Creating package script '/home/samuelcruz/Lab_Robotica/ros2_ws/phantom_ws/install/phantomx_pincher_demos/share/phantomx_pincher_demos/package.ps1'
[3.609s] INFO:colcon.colcon_core.shell:Creating package descriptor '/home/samuelcruz/Lab_Robotica/ros2_ws/phantom_ws/install/phantomx_pincher_demos/share/phantomx_pincher_demos/package.dsv'
[3.611s] INFO:colcon.colcon_core.shell:Creating package script '/home/samuelcruz/Lab_Robotica/ros2_ws/phantom_ws/install/phantomx_pincher_demos/share/phantomx_pincher_demos/package.sh'
[3.612s] INFO:colcon.colcon_core.shell:Creating package script '/home/samuelcruz/Lab_Robotica/ros2_ws/phantom_ws/install/phantomx_pincher_demos/share/phantomx_pincher_demos/package.bash'
[3.615s] INFO:colcon.colcon_core.shell:Creating package script '/home/samuelcruz/Lab_Robotica/ros2_ws/phantom_ws/install/phantomx_pincher_demos/share/phantomx_pincher_demos/package.zsh'
[3.616s] Level 1:colcon.colcon_core.environment:create_file_with_runtime_dependencies(/home/samuelcruz/Lab_Robotica/ros2_ws/phantom_ws/install/phantomx_pincher_demos/share/colcon-core/packages/phantomx_pincher_demos)
[3.618s] Level 1:colcon.colcon_core.environment:create_environment_scripts_only(phantomx_pincher_demos)
[3.619s] Level 1:colcon.colcon_core.environment:checking '/home/samuelcruz/Lab_Robotica/ros2_ws/phantom_ws/install/phantomx_pincher_demos' for CMake module files
[3.619s] Level 1:colcon.colcon_core.environment:checking '/home/samuelcruz/Lab_Robotica/ros2_ws/phantom_ws/install/phantomx_pincher_demos' for CMake config files
[3.619s] Level 1:colcon.colcon_core.shell:create_environment_hook('phantomx_pincher_demos', 'cmake_prefix_path')
[3.620s] INFO:colcon.colcon_core.shell:Creating environment hook '/home/samuelcruz/Lab_Robotica/ros2_ws/phantom_ws/install/phantomx_pincher_demos/share/phantomx_pincher_demos/hook/cmake_prefix_path.ps1'
[3.644s] INFO:colcon.colcon_core.shell:Creating environment descriptor '/home/samuelcruz/Lab_Robotica/ros2_ws/phantom_ws/install/phantomx_pincher_demos/share/phantomx_pincher_demos/hook/cmake_prefix_path.dsv'
[3.646s] INFO:colcon.colcon_core.shell:Creating environment hook '/home/samuelcruz/Lab_Robotica/ros2_ws/phantom_ws/install/phantomx_pincher_demos/share/phantomx_pincher_demos/hook/cmake_prefix_path.sh'
[3.650s] Level 1:colcon.colcon_core.environment:checking '/home/samuelcruz/Lab_Robotica/ros2_ws/phantom_ws/install/phantomx_pincher_demos/lib'
[3.650s] Level 1:colcon.colcon_core.environment:checking '/home/samuelcruz/Lab_Robotica/ros2_ws/phantom_ws/install/phantomx_pincher_demos/bin'
[3.650s] Level 1:colcon.colcon_core.environment:checking '/home/samuelcruz/Lab_Robotica/ros2_ws/phantom_ws/install/phantomx_pincher_demos/lib/pkgconfig/phantomx_pincher_demos.pc'
[3.651s] Level 1:colcon.colcon_core.environment:checking '/home/samuelcruz/Lab_Robotica/ros2_ws/phantom_ws/install/phantomx_pincher_demos/lib/python3.10/site-packages'
[3.651s] Level 1:colcon.colcon_core.environment:checking '/home/samuelcruz/Lab_Robotica/ros2_ws/phantom_ws/install/phantomx_pincher_demos/bin'
[3.656s] INFO:colcon.colcon_core.shell:Creating package script '/home/samuelcruz/Lab_Robotica/ros2_ws/phantom_ws/install/phantomx_pincher_demos/share/phantomx_pincher_demos/package.ps1'
[3.659s] INFO:colcon.colcon_core.shell:Creating package descriptor '/home/samuelcruz/Lab_Robotica/ros2_ws/phantom_ws/install/phantomx_pincher_demos/share/phantomx_pincher_demos/package.dsv'
[3.660s] INFO:colcon.colcon_core.shell:Creating package script '/home/samuelcruz/Lab_Robotica/ros2_ws/phantom_ws/install/phantomx_pincher_demos/share/phantomx_pincher_demos/package.sh'
[3.662s] INFO:colcon.colcon_core.shell:Creating package script '/home/samuelcruz/Lab_Robotica/ros2_ws/phantom_ws/install/phantomx_pincher_demos/share/phantomx_pincher_demos/package.bash'
[3.664s] INFO:colcon.colcon_core.shell:Creating package script '/home/samuelcruz/Lab_Robotica/ros2_ws/phantom_ws/install/phantomx_pincher_demos/share/phantomx_pincher_demos/package.zsh'
[3.665s] Level 1:colcon.colcon_core.environment:create_file_with_runtime_dependencies(/home/samuelcruz/Lab_Robotica/ros2_ws/phantom_ws/install/phantomx_pincher_demos/share/colcon-core/packages/phantomx_pincher_demos)
[3.674s] DEBUG:colcon.colcon_core.event_handler.log_command:Invoking command in '/home/samuelcruz/Lab_Robotica/ros2_ws/phantom_ws/src/pincher_control': PYTHONPATH=/home/samuelcruz/Lab_Robotica/ros2_ws/phantom_ws/build/pincher_control/prefix_override:/usr/lib/python3/dist-packages/colcon_core/task/python/colcon_distutils_commands:/home/samuelcruz/Lab_Robotica/ros2_ws/phantom_ws/install/pincher_control/lib/python3.10/site-packages:${PYTHONPATH} /usr/bin/python3 -W ignore:setup.py install is deprecated -W ignore:easy_install command is deprecated setup.py egg_info --egg-base ../../build/pincher_control build --build-base /home/samuelcruz/Lab_Robotica/ros2_ws/phantom_ws/build/pincher_control/build install --record /home/samuelcruz/Lab_Robotica/ros2_ws/phantom_ws/build/pincher_control/install.log --single-version-externally-managed install_data
[4.678s] Level 1:colcon.colcon_core.environment:checking '/home/samuelcruz/Lab_Robotica/ros2_ws/phantom_ws/install/pincher_control' for CMake module files
[4.678s] Level 1:colcon.colcon_core.environment:checking '/home/samuelcruz/Lab_Robotica/ros2_ws/phantom_ws/install/pincher_control' for CMake config files
[4.679s] Level 1:colcon.colcon_core.environment:checking '/home/samuelcruz/Lab_Robotica/ros2_ws/phantom_ws/install/pincher_control/lib'
[4.679s] Level 1:colcon.colcon_core.environment:checking '/home/samuelcruz/Lab_Robotica/ros2_ws/phantom_ws/install/pincher_control/bin'
[4.679s] Level 1:colcon.colcon_core.environment:checking '/home/samuelcruz/Lab_Robotica/ros2_ws/phantom_ws/install/pincher_control/lib/pkgconfig/pincher_control.pc'
[4.679s] Level 1:colcon.colcon_core.environment:checking '/home/samuelcruz/Lab_Robotica/ros2_ws/phantom_ws/install/pincher_control/lib/python3.10/site-packages'
[4.679s] Level 1:colcon.colcon_core.shell:create_environment_hook('pincher_control', 'pythonpath')
[4.680s] INFO:colcon.colcon_core.shell:Creating environment hook '/home/samuelcruz/Lab_Robotica/ros2_ws/phantom_ws/install/pincher_control/share/pincher_control/hook/pythonpath.ps1'
[4.680s] INFO:colcon.colcon_core.shell:Creating environment descriptor '/home/samuelcruz/Lab_Robotica/ros2_ws/phantom_ws/install/pincher_control/share/pincher_control/hook/pythonpath.dsv'
[4.686s] DEBUG:colcon.colcon_core.event_handler.log_command:Invoked command in '/home/samuelcruz/Lab_Robotica/ros2_ws/phantom_ws/src/pincher_control' returned '0': PYTHONPATH=/home/samuelcruz/Lab_Robotica/ros2_ws/phantom_ws/build/pincher_control/prefix_override:/usr/lib/python3/dist-packages/colcon_core/task/python/colcon_distutils_commands:/home/samuelcruz/Lab_Robotica/ros2_ws/phantom_ws/install/pincher_control/lib/python3.10/site-packages:${PYTHONPATH} /usr/bin/python3 -W ignore:setup.py install is deprecated -W ignore:easy_install command is deprecated setup.py egg_info --egg-base ../../build/pincher_control build --build-base /home/samuelcruz/Lab_Robotica/ros2_ws/phantom_ws/build/pincher_control/build install --record /home/samuelcruz/Lab_Robotica/ros2_ws/phantom_ws/build/pincher_control/install.log --single-version-externally-managed install_data
[4.687s] INFO:colcon.colcon_core.shell:Creating environment hook '/home/samuelcruz/Lab_Robotica/ros2_ws/phantom_ws/install/pincher_control/share/pincher_control/hook/pythonpath.sh'
[4.688s] Level 1:colcon.colcon_core.environment:checking '/home/samuelcruz/Lab_Robotica/ros2_ws/phantom_ws/install/pincher_control/bin'
[4.689s] Level 1:colcon.colcon_core.environment:create_environment_scripts_only(pincher_control)
[4.689s] INFO:colcon.colcon_core.shell:Creating package script '/home/samuelcruz/Lab_Robotica/ros2_ws/phantom_ws/install/pincher_control/share/pincher_control/package.ps1'
[4.691s] INFO:colcon.colcon_core.shell:Creating package descriptor '/home/samuelcruz/Lab_Robotica/ros2_ws/phantom_ws/install/pincher_control/share/pincher_control/package.dsv'
[4.692s] INFO:colcon.colcon_core.shell:Creating package script '/home/samuelcruz/Lab_Robotica/ros2_ws/phantom_ws/install/pincher_control/share/pincher_control/package.sh'
[4.693s] INFO:colcon.colcon_core.shell:Creating package script '/home/samuelcruz/Lab_Robotica/ros2_ws/phantom_ws/install/pincher_control/share/pincher_control/package.bash'
[4.693s] INFO:colcon.colcon_core.shell:Creating package script '/home/samuelcruz/Lab_Robotica/ros2_ws/phantom_ws/install/pincher_control/share/pincher_control/package.zsh'
[4.694s] Level 1:colcon.colcon_core.environment:create_file_with_runtime_dependencies(/home/samuelcruz/Lab_Robotica/ros2_ws/phantom_ws/install/pincher_control/share/colcon-core/packages/pincher_control)
[4.709s] DEBUG:colcon.colcon_parallel_executor.executor.parallel:closing loop
[4.731s] DEBUG:colcon.colcon_parallel_executor.executor.parallel:loop closed
[4.731s] DEBUG:colcon.colcon_parallel_executor.executor.parallel:run_until_complete finished with '0'
[4.731s] DEBUG:colcon.colcon_core.event_reactor:joining thread
[4.738s] INFO:colcon.colcon_core.plugin_system:Skipping extension 'colcon_notification.desktop_notification.terminal_notifier': Not used on non-Darwin systems
[4.739s] INFO:colcon.colcon_core.plugin_system:Skipping extension 'colcon_notification.desktop_notification.win32': Not used on non-Windows systems
[4.739s] INFO:colcon.colcon_notification.desktop_notification:Sending desktop notification using 'notify2'
[5.184s] DEBUG:colcon.colcon_core.event_reactor:joined thread
[5.184s] INFO:colcon.colcon_core.shell:Creating prefix script '/home/samuelcruz/Lab_Robotica/ros2_ws/phantom_ws/install/local_setup.ps1'
[5.185s] INFO:colcon.colcon_core.shell:Creating prefix util module '/home/samuelcruz/Lab_Robotica/ros2_ws/phantom_ws/install/_local_setup_util_ps1.py'
[5.190s] INFO:colcon.colcon_core.shell:Creating prefix chain script '/home/samuelcruz/Lab_Robotica/ros2_ws/phantom_ws/install/setup.ps1'
[5.192s] INFO:colcon.colcon_core.shell:Creating prefix script '/home/samuelcruz/Lab_Robotica/ros2_ws/phantom_ws/install/local_setup.sh'
[5.193s] INFO:colcon.colcon_core.shell:Creating prefix util module '/home/samuelcruz/Lab_Robotica/ros2_ws/phantom_ws/install/_local_setup_util_sh.py'
[5.201s] INFO:colcon.colcon_core.shell:Creating prefix chain script '/home/samuelcruz/Lab_Robotica/ros2_ws/phantom_ws/install/setup.sh'
[5.202s] INFO:colcon.colcon_core.shell:Creating prefix script '/home/samuelcruz/Lab_Robotica/ros2_ws/phantom_ws/install/local_setup.bash'
[5.203s] INFO:colcon.colcon_core.shell:Creating prefix chain script '/home/samuelcruz/Lab_Robotica/ros2_ws/phantom_ws/install/setup.bash'
[5.207s] INFO:colcon.colcon_core.shell:Creating prefix script '/home/samuelcruz/Lab_Robotica/ros2_ws/phantom_ws/install/local_setup.zsh'
[5.208s] INFO:colcon.colcon_core.shell:Creating prefix chain script '/home/samuelcruz/Lab_Robotica/ros2_ws/phantom_ws/install/setup.zsh'
