running egg_info
creating ../../build/phantom_rqt_hmi/phantom_rqt_hmi.egg-info
writing ../../build/phantom_rqt_hmi/phantom_rqt_hmi.egg-info/PKG-INFO
writing dependency_links to ../../build/phantom_rqt_hmi/phantom_rqt_hmi.egg-info/dependency_links.txt
writing entry points to ../../build/phantom_rqt_hmi/phantom_rqt_hmi.egg-info/entry_points.txt
writing requirements to ../../build/phantom_rqt_hmi/phantom_rqt_hmi.egg-info/requires.txt
writing top-level names to ../../build/phantom_rqt_hmi/phantom_rqt_hmi.egg-info/top_level.txt
writing manifest file '../../build/phantom_rqt_hmi/phantom_rqt_hmi.egg-info/SOURCES.txt'
reading manifest file '../../build/phantom_rqt_hmi/phantom_rqt_hmi.egg-info/SOURCES.txt'
writing manifest file '../../build/phantom_rqt_hmi/phantom_rqt_hmi.egg-info/SOURCES.txt'
running build
running build_py
creating /home/samuelcruz/Lab_Robotica/ros2_ws/phantom_ws/build/phantom_rqt_hmi/build
creating /home/samuelcruz/Lab_Robotica/ros2_ws/phantom_ws/build/phantom_rqt_hmi/build/lib
creating /home/samuelcruz/Lab_Robotica/ros2_ws/phantom_ws/build/phantom_rqt_hmi/build/lib/phantom_rqt_hmi
copying phantom_rqt_hmi/phantom_panel.py -> /home/samuelcruz/Lab_Robotica/ros2_ws/phantom_ws/build/phantom_rqt_hmi/build/lib/phantom_rqt_hmi
copying phantom_rqt_hmi/__init__.py -> /home/samuelcruz/Lab_Robotica/ros2_ws/phantom_ws/build/phantom_rqt_hmi/build/lib/phantom_rqt_hmi
running install
running install_lib
creating /home/samuelcruz/Lab_Robotica/ros2_ws/phantom_ws/install/phantom_rqt_hmi/lib/python3.10/site-packages/phantom_rqt_hmi
copying /home/samuelcruz/Lab_Robotica/ros2_ws/phantom_ws/build/phantom_rqt_hmi/build/lib/phantom_rqt_hmi/phantom_panel.py -> /home/samuelcruz/Lab_Robotica/ros2_ws/phantom_ws/install/phantom_rqt_hmi/lib/python3.10/site-packages/phantom_rqt_hmi
copying /home/samuelcruz/Lab_Robotica/ros2_ws/phantom_ws/build/phantom_rqt_hmi/build/lib/phantom_rqt_hmi/__init__.py -> /home/samuelcruz/Lab_Robotica/ros2_ws/phantom_ws/install/phantom_rqt_hmi/lib/python3.10/site-packages/phantom_rqt_hmi
byte-compiling /home/samuelcruz/Lab_Robotica/ros2_ws/phantom_ws/install/phantom_rqt_hmi/lib/python3.10/site-packages/phantom_rqt_hmi/phantom_panel.py to phantom_panel.cpython-310.pyc
byte-compiling /home/samuelcruz/Lab_Robotica/ros2_ws/phantom_ws/install/phantom_rqt_hmi/lib/python3.10/site-packages/phantom_rqt_hmi/__init__.py to __init__.cpython-310.pyc
running install_data
copying package.xml -> /home/samuelcruz/Lab_Robotica/ros2_ws/phantom_ws/install/phantom_rqt_hmi/share/phantom_rqt_hmi
copying plugin.xml -> /home/samuelcruz/Lab_Robotica/ros2_ws/phantom_ws/install/phantom_rqt_hmi/share/phantom_rqt_hmi
running install_egg_info
Copying ../../build/phantom_rqt_hmi/phantom_rqt_hmi.egg-info to /home/samuelcruz/Lab_Robotica/ros2_ws/phantom_ws/install/phantom_rqt_hmi/lib/python3.10/site-packages/phantom_rqt_hmi-0.0.1-py3.10.egg-info
running install_scripts
writing list of installed files to '/home/samuelcruz/Lab_Robotica/ros2_ws/phantom_ws/build/phantom_rqt_hmi/install.log'
